W/ContextImpl( 5910): Calling a method in the system process without a qualified user: android.app.ContextImpl.bindService:1306 android.content.ContextWrapper.bindService:611 com.google.android.gms.common.stats.b.a:-1 com.google.android.gms.common.stats.b.a:-1 com.google.android.gms.analytics.internal.zzh$zza.zzhi:-1 
I/ActivityManager( 1685): Start proc 16841:com.brave.browser:privileged_process0/u0a129 for service com.brave.browser/org.chromium.content.app.PrivilegedProcessService0
D/ConnectivityService( 1685): listenForNetwork for Listen from uid/pid:10129/16775 for NetworkRequest [ id=136, legacyType=-1, [ Capabilities: INTERNET&NOT_RESTRICTED&TRUSTED] ]
D/ConnectivityService( 1685): listenForNetwork for Listen from uid/pid:10129/16775 for NetworkRequest [ id=137, legacyType=-1, [ Capabilities: INTERNET&NOT_RESTRICTED&TRUSTED] ]
D/ConnectivityService( 1685): listenForNetwork for Listen from uid/pid:10129/16775 for NetworkRequest [ id=138, legacyType=-1, [ Capabilities: INTERNET&NOT_RESTRICTED&TRUSTED] ]
I/ActivityManager( 1685): !!!!! START u0 {dat=https://www.amazon.com/... flg=0x10000000 cmp=com.brave.browser/com.google.android.apps.chrome.Main} from uid 2000 on display 0
I/ActivityManager( 1685): Start proc 16902:com.brave.browser:sandboxed_process1/u0i68 for service com.brave.browser/org.chromium.content.app.SandboxedProcessService1
I/ActivityManager( 1685): Start proc 16937:com.brave.browser:sandboxed_process2/u0i69 for service com.brave.browser/org.chromium.content.app.SandboxedProcessService2
I/ActivityManager( 1685): Process com.brave.browser:sandboxed_process2 (pid 16937) has died
D/ActivityManager( 1685): cleanUpApplicationRecord -- 16937
E/NetdConnector( 1685): RCV <- {601 limit alert globalAlert wlan0}
E/NetdConnector( 1685): SND -> {890 bandwidth gettetherstats}
E/NetdConnector( 1685): RCV <- {200 890 Tethering stats list completed}
E/NetdConnector( 1685): RMV <- {200 890 Tethering stats list completed}
E/NetdConnector( 1685): SND -> {891 bandwidth setglobalalert 2097152}
E/NetdConnector( 1685): RCV <- {200 891 Bandwidth command succeeeded}
E/NetdConnector( 1685): RMV <- {200 891 Bandwidth command succeeeded}
E/NetdConnector( 1685): RCV <- {601 limit alert globalAlert wlan0}
E/NetdConnector( 1685): SND -> {892 bandwidth gettetherstats}
E/NetdConnector( 1685): RCV <- {200 892 Tethering stats list completed}
E/NetdConnector( 1685): RMV <- {200 892 Tethering stats list completed}
E/NetdConnector( 1685): SND -> {893 bandwidth setglobalalert 2097152}
E/NetdConnector( 1685): RCV <- {200 893 Bandwidth command succeeeded}
E/NetdConnector( 1685): RMV <- {200 893 Bandwidth command succeeeded}
I/ActivityManager( 1685): Start proc 16995:com.brave.browser:sandboxed_process3/u0i70 for service com.brave.browser/org.chromium.content.app.SandboxedProcessService3
I/ActivityManager( 1685): Process com.brave.browser:sandboxed_process3 (pid 16995) has died
D/ActivityManager( 1685): cleanUpApplicationRecord -- 16995
I/ActivityManager( 1685): Start proc 17027:com.brave.browser:sandboxed_process4/u0i71 for service com.brave.browser/org.chromium.content.app.SandboxedProcessService4
I/ActivityManager( 1685): Process com.brave.browser:sandboxed_process4 (pid 17027) has died
D/ActivityManager( 1685): cleanUpApplicationRecord -- 17027
I/ActivityManager( 1685): Start proc 17047:com.brave.browser:sandboxed_process5/u0i72 for service com.brave.browser/org.chromium.content.app.SandboxedProcessService5
I/ActivityManager( 1685): Process com.brave.browser:sandboxed_process5 (pid 17047) has died
D/ActivityManager( 1685): cleanUpApplicationRecord -- 17047
I/ActivityManager( 1685): Start proc 17069:com.brave.browser:sandboxed_process6/u0i73 for service com.brave.browser/org.chromium.content.app.SandboxedProcessService6
I/ActivityManager( 1685): Process com.brave.browser:sandboxed_process6 (pid 17069) has died
D/ActivityManager( 1685): cleanUpApplicationRecord -- 17069
I/ActivityManager( 1685): Start proc 17089:com.brave.browser:sandboxed_process7/u0i74 for service com.brave.browser/org.chromium.content.app.SandboxedProcessService7
I/ActivityManager( 1685): Process com.brave.browser:sandboxed_process7 (pid 17089) has died
D/ActivityManager( 1685): cleanUpApplicationRecord -- 17089
I/ActivityManager( 1685): Start proc 17111:com.brave.browser:sandboxed_process8/u0i75 for service com.brave.browser/org.chromium.content.app.SandboxedProcessService8
I/ActivityManager( 1685): Process com.brave.browser:sandboxed_process8 (pid 17111) has died
D/ActivityManager( 1685): cleanUpApplicationRecord -- 17111
E/NetdConnector( 1685): RCV <- {601 limit alert globalAlert wlan0}
E/NetdConnector( 1685): SND -> {894 bandwidth gettetherstats}
E/NetdConnector( 1685): RCV <- {200 894 Tethering stats list completed}
E/NetdConnector( 1685): RMV <- {200 894 Tethering stats list completed}
I/ActivityManager( 1685): Start proc 17134:com.brave.browser:sandboxed_process9/u0i76 for service com.brave.browser/org.chromium.content.app.SandboxedProcessService9
E/NetdConnector( 1685): SND -> {895 bandwidth setglobalalert 2097152}
E/NetdConnector( 1685): RCV <- {200 895 Bandwidth command succeeeded}
E/NetdConnector( 1685): RMV <- {200 895 Bandwidth command succeeeded}
I/ActivityManager( 1685): Process com.brave.browser:sandboxed_process9 (pid 17134) has died
D/ActivityManager( 1685): cleanUpApplicationRecord -- 17134
D/ConnectivityService( 1685): requestNetwork for Request from uid/pid:1000/1685 for NetworkRequest [ id=139, legacyType=3, [ Transports: CELLULAR Capabilities: SUPL&NOT_RESTRICTED&TRUSTED&NOT_VPN] ]
D/ConnectivityService( 1685): releasing NetworkRequest NetworkRequest [ id=139, legacyType=3, [ Transports: CELLULAR Capabilities: SUPL&NOT_RESTRICTED&TRUSTED&NOT_VPN] ]
D/PowerUI ( 3327): findUsbOtg =false,supportReverseCharging =0
D/PowerUI ( 3327): oldTemp=290, mTemp=290
W/ContextImpl( 5910): Calling a method in the system process without a qualified user: android.app.ContextImpl.sendBroadcast:784 android.content.ContextWrapper.sendBroadcast:403 com.asus.powersaver.PowerSaverService.dJ:-1 com.asus.powersaver.PowerSaverService.i:-1 com.asus.powersaver.PowerSaverService.a:-1 
D/BatteryService( 1685): updateLightsLocked(charging) setColor(0xFFFF7F00), Log: 4
D/PowerUI ( 3327): findUsbOtg =false,supportReverseCharging =0
E/VibratorService( 1685): [vibrator]packageName:com.android.systemui,timer:66ms
D/PowerUI ( 3327): oldTemp=290, mTemp=290
W/BroadcastQueue( 1685): Reject to launch app com.ijinshan.kbatterydoctor_en/10142 for broadcast: App Op 63
W/BroadcastQueue( 1685): Reject to launch app com.ijinshan.kbatterydoctor_en/10142 for broadcast: App Op 63
W/ContextImpl( 5910): Calling a method in the system process without a qualified user: android.app.ContextImpl.sendBroadcast:784 android.content.ContextWrapper.sendBroadcast:403 com.asus.powersaver.PowerSaverService.dJ:-1 com.asus.powersaver.PowerSaverService.i:-1 com.asus.powersaver.PowerSaverService.a:-1 
I/EntropyMixer( 1685): Writing entropy...
W/ContextImpl( 5910): Calling a method in the system process without a qualified user: android.app.ContextImpl.sendBroadcast:784 android.content.ContextWrapper.sendBroadcast:403 com.asus.powersaver.PowerSaverService.bS:-1 com.asus.powersaver.PowerSaverService.bU:-1 com.asus.powersaver.PowerSaverService.e:-1 
W/BroadcastQueue( 1685): Reject to launch app com.opera.browser.beta/10274 for broadcast: App Op 63
W/BroadcastQueue( 1685): Reject to launch app com.ijinshan.kbatterydoctor_en/10142 for broadcast: App Op 63
W/BroadcastQueue( 1685): Reject to launch app com.ijinshan.kbatterydoctor_en/10142 for broadcast: App Op 63
D/CpuTurboMode( 5910): shellCmd(/system/bin/sh /system/etc/pwr-normal.sh)
D/PowerUI ( 3327): findUsbOtg =false,supportReverseCharging =0
D/PowerUI ( 3327): oldTemp=290, mTemp=290
I/ActivityManager( 1685): Killing 16902:com.brave.browser:sandboxed_process1/u0a129i68 (adj 0): isolated not needed
W/ActivityManager( 1685): Exception when unbinding service com.brave.browser/org.chromium.content.app.SandboxedProcessService0
W/ActivityManager( 1685): android.os.DeadObjectException: Transaction failed on small parcel; remote process probably died
W/ActivityManager( 1685): 	at android.os.BinderProxy.transactNative(Native Method)
W/ActivityManager( 1685): 	at android.os.BinderProxy.transact(Binder.java:503)
W/ActivityManager( 1685): 	at android.app.ApplicationThreadProxy.scheduleUnbindService(ApplicationThreadNative.java:956)
W/ActivityManager( 1685): 	at com.android.server.am.ActiveServices.removeConnectionLocked(ActiveServices.java:2007)
W/ActivityManager( 1685): 	at com.android.server.am.ActiveServices.unbindServiceLocked(ActiveServices.java:998)
W/ActivityManager( 1685): 	at com.android.server.am.ActivityManagerService.unbindService(ActivityManagerService.java:16404)
W/ActivityManager( 1685): 	at android.app.ActivityManagerNative.onTransact(ActivityManagerNative.java:996)
W/ActivityManager( 1685): 	at com.android.server.am.ActivityManagerService.onTransact(ActivityManagerService.java:2637)
W/ActivityManager( 1685): 	at android.os.Binder.execTransact(Binder.java:453)
I/ActivityManager( 1685): Process com.brave.browser:sandboxed_process0 (pid 16812) has died
D/ActivityManager( 1685): cleanUpApplicationRecord -- 16812
D/ActivityManager( 1685): cleanUpApplicationRecord -- 16902
I/ActivityManager( 1685): !!!!! START u0 {act=com.android.systemui.recents.SHOW_RECENTS flg=0x10804000 cmp=com.android.systemui/.recents.RecentsActivity} from uid 10018 on display 0
E/ActivityManager( 1685): Will notifyMovedToHome from moveHomeStack
E/ActivityManager( 1685): Broadcasting Moved to Home screen Intent
D/ConnectivityService( 1685): releasing NetworkRequest NetworkRequest [ id=137, legacyType=-1, [ Capabilities: INTERNET&NOT_RESTRICTED&TRUSTED] ]
V/WallpaperManagerService( 1685): getWallpaper, path: /data/system/users/0/wallpaper, exist: true
W/ContextImpl( 5910): Calling a method in the system process without a qualified user: android.app.ContextImpl.startService:1242 android.content.ContextWrapper.startService:588 com.asus.powersaver.TaskWatcherService$IncomingHandler.handleMessage:-1 android.os.Handler.dispatchMessage:102 android.os.Looper.loop:148 
W/ContextImpl( 5910): Calling a method in the system process without a qualified user: android.app.ContextImpl.bindService:1306 android.content.ContextWrapper.bindService:611 com.google.android.gms.common.stats.b.a:-1 com.google.android.gms.common.stats.b.a:-1 com.google.android.gms.analytics.internal.zzh$zza.zzhi:-1 
I/ActivityManager( 1685): Killing 15816:com.android.vending:background/u0a36 (adj 15): empty #17
I/ActivityManager( 1685): Killing 7006:com.android.defcontainer/u0a25 (adj 15): empty #18
I/ActivityManager( 1685): Killing 16775:com.brave.browser/u0a129 (adj 9): remove task
D/ConnectivityService( 1685): ConnectivityService NetworkRequestInfo binderDied(NetworkRequest [ id=136, legacyType=-1, [ Capabilities: INTERNET&NOT_RESTRICTED&TRUSTED] ], android.os.BinderProxy@1df6e51)
I/WindowState( 1685): WIN DEATH: Window{507444c u0 com.brave.browser/com.google.android.apps.chrome.Main}
W/WindowManager( 1685): Force-removing child win Window{364d6b6 u0 SurfaceView} from container Window{507444c u0 com.brave.browser/com.google.android.apps.chrome.Main}
D/ConnectivityService( 1685): ConnectivityService NetworkRequestInfo binderDied(NetworkRequest [ id=138, legacyType=-1, [ Capabilities: INTERNET&NOT_RESTRICTED&TRUSTED] ], android.os.BinderProxy@21f0fb7)
D/ConnectivityService( 1685): releasing NetworkRequest NetworkRequest [ id=136, legacyType=-1, [ Capabilities: INTERNET&NOT_RESTRICTED&TRUSTED] ]
E/ConnectivityService( 1685): RemoteException caught trying to send a callback msg for NetworkRequest [ id=136, legacyType=-1, [ Capabilities: INTERNET&NOT_RESTRICTED&TRUSTED] ]
D/ConnectivityService( 1685): releasing NetworkRequest NetworkRequest [ id=138, legacyType=-1, [ Capabilities: INTERNET&NOT_RESTRICTED&TRUSTED] ]
E/ConnectivityService( 1685): RemoteException caught trying to send a callback msg for NetworkRequest [ id=138, legacyType=-1, [ Capabilities: INTERNET&NOT_RESTRICTED&TRUSTED] ]
I/ActivityManager( 1685): Killing 16841:com.brave.browser:privileged_process0/u0a129 (adj 9): remove task
D/ActivityManager( 1685): cleanUpApplicationRecord -- 16775
W/ActivityManager( 1685): App Op not allow to restart app com.brave.browser/10129
W/ActivityManager( 1685): Exception when unbinding service com.brave.browser/org.chromium.content.app.PrivilegedProcessService0
W/ActivityManager( 1685): android.os.DeadObjectException
W/ActivityManager( 1685): 	at android.os.BinderProxy.transactNative(Native Method)
W/ActivityManager( 1685): 	at android.os.BinderProxy.transact(Binder.java:503)
W/ActivityManager( 1685): 	at android.app.ApplicationThreadProxy.scheduleUnbindService(ApplicationThreadNative.java:956)
W/ActivityManager( 1685): 	at com.android.server.am.ActiveServices.removeConnectionLocked(ActiveServices.java:2007)
W/ActivityManager( 1685): 	at com.android.server.am.ActiveServices.killServicesLocked(ActiveServices.java:2388)
W/ActivityManager( 1685): 	at com.android.server.am.ActivityManagerService.cleanUpApplicationRecordLocked(ActivityManagerService.java:15942)
W/ActivityManager( 1685): 	at com.android.server.am.ActivityManagerService.handleAppDiedLocked(ActivityManagerService.java:4774)
W/ActivityManager( 1685): 	at com.android.server.am.ActivityManagerService.appDiedLocked(ActivityManagerService.java:4943)
W/ActivityManager( 1685): 	at com.android.server.am.ActivityManagerService$AppDeathRecipient.binderDied(ActivityManagerService.java:1382)
W/ActivityManager( 1685): 	at android.os.BinderProxy.sendDeathNotice(Binder.java:558)
D/ActivityManager( 1685): cleanUpApplicationRecord -- 16841
W/ActivityManager( 1685): App Op not allow to restart app com.brave.browser/10129
D/ActivityManager( 1685): cleanUpApplicationRecord -- 15816
D/ActivityManager( 1685): cleanUpApplicationRecord -- 7006
I/ActivityManager( 1685): !!!!! START u0 {act=android.intent.action.MAIN cat=[android.intent.category.HOME] flg=0x10200000 cmp=com.asus.launcher/com.android.launcher3.Launcher} from uid 10018 on display 0
I/ActivityManager( 1685): !!!!! START u0 {flg=0x10000000 cmp=com.asus.mobilemanager/.boost.FreeMemoryAnimation (has extras)} from uid 10110 on display 0
V/QSTile.BoostTile( 3327): Exec recent boost !
V/NotificationService( 1685): notifications are disabled by AppOps for com.asus.mobilemanager
E/NotificationService( 1685): Suppressing toast from package com.asus.mobilemanager by user request.
E/ActivityManager( 1685): Will notifyMovedToHome from moveHomeStack
E/ActivityManager( 1685): Broadcasting Moved to Home screen Intent
W/InputMethodManagerService( 1685): Window already focused, ignoring focus gain of: com.android.internal.view.IInputMethodClient$Stub$Proxy@6f09689 attribute=null, token = android.os.BinderProxy@23b13c3
W/ContextImpl( 5910): Calling a method in the system process without a qualified user: android.app.ContextImpl.startService:1242 android.content.ContextWrapper.startService:588 com.asus.powersaver.TaskWatcherService$IncomingHandler.handleMessage:-1 android.os.Handler.dispatchMessage:102 android.os.Looper.loop:148 
I/ActivityManager( 1685): Killing 15038:com.asus.wellness/u0a67 (adj 5): kill background
D/ActivityManager( 1685): cleanUpApplicationRecord -- 15038
W/ActivityManager( 1685): Scheduling restart of crashed service com.asus.wellness/.devicemgr.mobile.MobileDataLayerListenerService in 1000ms
W/ActivityManager( 1685): Spurious death for ProcessRecord{9811d93 0:com.asus.wellness/u0a67}, curProc for 15038: null
I/ActivityManager( 1685): Killing 16230:com.asus.weathertime/u0a113 (adj 13): kill background
D/ActivityManager( 1685): cleanUpApplicationRecord -- 16230
W/ActivityManager( 1685): Spurious death for ProcessRecord{7df6178 0:com.asus.weathertime/u0a113}, curProc for 16230: null
I/ActivityManager( 1685): Killing 16004:com.asus.splendid/u0a17 (adj 13): kill background
D/ActivityManager( 1685): cleanUpApplicationRecord -- 16004
W/ActivityManager( 1685): Spurious death for ProcessRecord{bca3eaf 0:com.asus.splendid/u0a17}, curProc for 16004: null
I/ActivityManager( 1685): Killing 16551:com.android.settings/1000 (adj 9): kill background
D/ActivityManager( 1685): cleanUpApplicationRecord -- 16551
W/ActivityManager( 1685): Spurious death for ProcessRecord{e9032bc 0:com.android.settings/1000}, curProc for 16551: null
I/ActivityManager( 1685): Killing 16023:com.android.chrome/u0a66 (adj 15): kill background
D/ActivityManager( 1685): cleanUpApplicationRecord -- 16023
W/ActivityManager( 1685): Spurious death for ProcessRecord{c431245 0:com.android.chrome/u0a66}, curProc for 16023: null
I/ActivityManager( 1685): Killing 15716:com.android.vending/u0a36 (adj 15): kill background
D/ConnectivityService( 1685): ConnectivityService NetworkRequestInfo binderDied(NetworkRequest [ id=131, legacyType=-1, [ Capabilities: INTERNET&NOT_RESTRICTED&TRUSTED] ], android.os.BinderProxy@e7dfd9a)
D/ConnectivityService( 1685): releasing NetworkRequest NetworkRequest [ id=131, legacyType=-1, [ Capabilities: INTERNET&NOT_RESTRICTED&TRUSTED] ]
E/ConnectivityService( 1685): RemoteException caught trying to send a callback msg for NetworkRequest [ id=131, legacyType=-1, [ Capabilities: INTERNET&NOT_RESTRICTED&TRUSTED] ]
D/ActivityManager( 1685): cleanUpApplicationRecord -- 15716
W/ActivityManager( 1685): Spurious death for ProcessRecord{90e7360 0:com.android.vending/u0a36}, curProc for 15716: null
I/ActivityManager( 1685): Killing 15198:com.google.android.apps.messaging/u0a63 (adj 15): kill background
D/ActivityManager( 1685): cleanUpApplicationRecord -- 15198
I/ActivityManager( 1685): Killing 15164:com.google.android.apps.messaging:rcs/u0a63 (adj 5): kill background
D/ActivityManager( 1685): cleanUpApplicationRecord -- 15164
W/ActivityManager( 1685): Scheduling restart of crashed service com.google.android.apps.messaging/com.google.android.ims.service.JibeService in 10310ms
W/ActivityManager( 1685): Spurious death for ProcessRecord{925424 0:com.google.android.apps.messaging/u0a63}, curProc for 15198: null
I/ActivityManager( 1685): Killing 15322:com.asus.deskclock:main/u0a52 (adj 5): kill background
D/ActivityManager( 1685): cleanUpApplicationRecord -- 15322
W/ActivityManager( 1685): Scheduling restart of crashed service com.asus.deskclock/.widget.ClockWidgetService in 20246ms
W/ActivityManager( 1685): Spurious death for ProcessRecord{8a19fa8 0:com.google.android.apps.messaging:rcs/u0a63}, curProc for 15164: null
W/ActivityManager( 1685): Spurious death for ProcessRecord{e0616cb 0:com.asus.deskclock:main/u0a52}, curProc for 15322: null
I/ActivityManager( 1685): Killing 16305:com.asus.themeapp/u0a20 (adj 15): kill background
D/ActivityManager( 1685): cleanUpApplicationRecord -- 16305
W/ActivityManager( 1685): Spurious death for ProcessRecord{8db596d 0:com.asus.themeapp/u0a20}, curProc for 16305: null
I/ActivityManager( 1685): Killing 16140:com.asus.collage/u0a1 (adj 11): kill background
D/ActivityManager( 1685): cleanUpApplicationRecord -- 16140
W/ActivityManager( 1685): Spurious death for ProcessRecord{f8bbea8 0:com.asus.collage/u0a1}, curProc for 16140: null
I/ActivityManager( 1685): Killing 15377:com.asus.mobilemanager/u0a91 (adj 9): kill background
D/ActivityManager( 1685): cleanUpApplicationRecord -- 15377
W/ActivityManager( 1685): Scheduling restart of crashed service com.asus.mobilemanager/.scanvirus.services.AsusMessageShieldService in 29913ms
I/ActivityManager( 1685): Start proc 17276:com.asus.wellness/u0a67 for service com.asus.wellness/.devicemgr.mobile.MobileDataLayerListenerService
W/ActivityManager( 1685): Spurious death for ProcessRecord{f772b59 0:com.asus.mobilemanager/u0a91}, curProc for 15377: null
W/ActivityManager( 1685): Killing processes ForceKill at adjustment 5
W/ActivityManager( 1685): Killing processes ForceKill at adjustment 5
I/ActivityManager( 1685): Start proc 17297:com.google.android.apps.messaging:rcs/u0a63 for service com.google.android.apps.messaging/com.google.android.ims.service.JibeService
I/ActivityManager( 1685): Start proc 17324:com.google.android.apps.messaging/u0a63 for content provider com.google.android.apps.messaging/.shared.datamodel.provider.sharedstorage.SharedStorageProvider
W/BroadcastQueue( 1685): Reject to launch app com.ijinshan.kbatterydoctor_en/10142 for broadcast: App Op 63
I/ActivityManager( 1685): Start proc 17388:com.asus.deskclock:main/u0a52 for service com.asus.deskclock/.widget.ClockWidgetService
W/BroadcastQueue( 1685): Permission Denial: broadcasting Intent { act=com.google.android.apps.gmm.NAVIGATION_STATE flg=0x10 pkg=com.google.android.googlequicksearchbox (has extras) } from null (pid=-1, uid=-1) requires com.google.android.googlequicksearchbox.permission.LAUNCH_FROM_GMM due to registered receiver BroadcastFilter{4e85444 u0 ReceiverList{e9f5157 19370 com.google.android.googlequicksearchbox:search/10042/u0 remote:adc9ad6}}
W/BroadcastQueue( 1685): Permission Denial: broadcasting Intent { act=com.google.android.apps.gmm.NAVIGATION_STATE flg=0x10 pkg=com.google.android.gms (has extras) } from null (pid=-1, uid=-1) requires com.google.android.googlequicksearchbox.permission.LAUNCH_FROM_GMM due to registered receiver BroadcastFilter{4e85444 u0 ReceiverList{e9f5157 19370 com.google.android.googlequicksearchbox:search/10042/u0 remote:adc9ad6}}
I/ActivityManager( 1685): Start proc 17445:com.asus.mobilemanager/u0a91 for service com.asus.mobilemanager/.scanvirus.services.AsusMessageShieldService
I/ActivityManager( 1685): Start proc 17476:com.android.defcontainer/u0a25 for service com.android.defcontainer/.DefaultContainerService
D/ConnectivityService( 1685): notifyType CAP_CHANGED for NetworkAgentInfo [WIFI () - 111]
E/NetdConnector( 1685): SND -> {896 bandwidth removeiquota wlan0}
E/NetdConnector( 1685): RCV <- {200 896 Bandwidth command succeeeded}
E/NetdConnector( 1685): RMV <- {200 896 Bandwidth command succeeeded}
E/NetdConnector( 1685): SND -> {897 bandwidth setiquota wlan0 9223372036854775807}
E/NetdConnector( 1685): RCV <- {200 897 Bandwidth command succeeeded}
E/NetdConnector( 1685): RMV <- {200 897 Bandwidth command succeeeded}
E/NetdConnector( 1685): SND -> {898 bandwidth setglobalalert 2097152}
E/NetdConnector( 1685): RCV <- {200 898 Bandwidth command succeeeded}
E/NetdConnector( 1685): RMV <- {200 898 Bandwidth command succeeeded}
I/ActivityManager( 1685): Waited long enough for: ServiceRecord{d3870b0 u0 com.google.android.googlequicksearchbox/com.google.android.apps.gsa.shared.util.keepalive.StandaloneKeepAlive$KeepAliveService}
I/ActivityManager( 1685): Waited long enough for: ServiceRecord{30748e9 u0 com.asus.mobilemanager/.Initializer$InitializerService}
I/ActivityManager( 1685): Start proc 17550:android.process.acore/u0a8 for content provider com.android.providers.contacts/.ContactsProvider2
D/ConnectivityService( 1685): requestNetwork for Request from uid/pid:1000/1685 for NetworkRequest [ id=140, legacyType=3, [ Transports: CELLULAR Capabilities: SUPL&NOT_RESTRICTED&TRUSTED&NOT_VPN] ]
D/ConnectivityService( 1685): releasing NetworkRequest NetworkRequest [ id=140, legacyType=3, [ Transports: CELLULAR Capabilities: SUPL&NOT_RESTRICTED&TRUSTED&NOT_VPN] ]
D/PowerUI ( 3327): findUsbOtg =false,supportReverseCharging =0
D/PowerUI ( 3327): oldTemp=290, mTemp=290
D/NetworkManagement( 1685): FIREWALL_CHAIN_STANDBY setFirewallChainEnabled :false
E/NetdConnector( 1685): SND -> {899 firewall disable_chain standby}
W/ContextImpl( 5910): Calling a method in the system process without a qualified user: android.app.ContextImpl.sendBroadcast:784 android.content.ContextWrapper.sendBroadcast:403 com.asus.powersaver.PowerSaverService.dJ:-1 com.asus.powersaver.PowerSaverService.i:-1 com.asus.powersaver.PowerSaverService.a:-1 
E/NetdConnector( 1685): RCV <- {200 899 Firewall command succeeded}
E/NetdConnector( 1685): RMV <- {200 899 Firewall command succeeded}
I/ActivityManager( 1685): !!!!! START u0 {dat=https://www.wordpress.org/... flg=0x10000000 cmp=com.brave.browser/com.google.android.apps.chrome.Main} from uid 2000 on display 0
I/ActivityManager( 1685): Start proc 17670:com.brave.browser/u0a129 for activity com.brave.browser/com.google.android.apps.chrome.Main
E/NetdConnector( 1685): SND -> {900 bandwidth gettetherstats}
E/NetdConnector( 1685): RCV <- {200 900 Tethering stats list completed}
E/NetdConnector( 1685): RMV <- {200 900 Tethering stats list completed}
I/ActivityManager( 1685): Start proc 17690:com.android.vending/u0a36 for service com.android.vending/com.google.android.finsky.scheduler.process.mainimpl.PhoneskyJobServiceMain
E/NetdConnector( 1685): SND -> {901 bandwidth setglobalalert 2097152}
E/NetdConnector( 1685): RCV <- {200 901 Bandwidth command succeeeded}
E/NetdConnector( 1685): RMV <- {200 901 Bandwidth command succeeeded}
W/BroadcastQueue( 1685): Reject to launch app com.ijinshan.kbatterydoctor_en/10142 for broadcast: App Op 63
I/ActivityManager( 1685): Start proc 17715:com.brave.browser:sandboxed_process0/u0i77 for service com.brave.browser/org.chromium.content.app.SandboxedProcessService0
W/ContextImpl( 5910): Calling a method in the system process without a qualified user: android.app.ContextImpl.startService:1242 android.content.ContextWrapper.startService:588 com.asus.powersaver.TaskWatcherService$IncomingHandler.handleMessage:-1 android.os.Handler.dispatchMessage:102 android.os.Looper.loop:148 
W/ContextImpl( 5910): Calling a method in the system process without a qualified user: android.app.ContextImpl.bindService:1306 android.content.ContextWrapper.bindService:611 com.google.android.gms.common.stats.b.a:-1 com.google.android.gms.common.stats.b.a:-1 com.google.android.gms.analytics.internal.zzh$zza.zzhi:-1 
I/ActivityManager( 1685): Start proc 17761:com.brave.browser:privileged_process0/u0a129 for service com.brave.browser/org.chromium.content.app.PrivilegedProcessService0
D/ConnectivityService( 1685): listenForNetwork for Listen from uid/pid:10129/17670 for NetworkRequest [ id=141, legacyType=-1, [ Capabilities: INTERNET&NOT_RESTRICTED&TRUSTED] ]
D/ConnectivityService( 1685): listenForNetwork for Listen from uid/pid:10129/17670 for NetworkRequest [ id=142, legacyType=-1, [ Capabilities: INTERNET&NOT_RESTRICTED&TRUSTED] ]
D/ConnectivityService( 1685): listenForNetwork for Listen from uid/pid:10036/17690 for NetworkRequest [ id=143, legacyType=-1, [ Capabilities: INTERNET&NOT_RESTRICTED&TRUSTED] ]
D/ConnectivityService( 1685): listenForNetwork for Listen from uid/pid:10129/17670 for NetworkRequest [ id=144, legacyType=-1, [ Capabilities: INTERNET&NOT_RESTRICTED&TRUSTED] ]
I/ActivityManager( 1685): !!!!! START u0 {dat=https://www.amazon.com/... flg=0x10000000 cmp=com.brave.browser/com.google.android.apps.chrome.Main} from uid 2000 on display 0
I/ActivityManager( 1685): Start proc 17885:com.brave.browser:sandboxed_process1/u0i78 for service com.brave.browser/org.chromium.content.app.SandboxedProcessService1
I/ActivityManager( 1685): Start proc 17924:com.android.vending:background/u0a36 for service com.android.vending/com.google.android.finsky.ipcservers.background.BackgroundGrpcServerAndroidService
E/NetdConnector( 1685): SND -> {902 bandwidth gettetherstats}
E/NetdConnector( 1685): RCV <- {200 902 Tethering stats list completed}
E/NetdConnector( 1685): RMV <- {200 902 Tethering stats list completed}
I/ActivityManager( 1685): Start proc 18047:com.android.vending:quick_launch/u0a36 for service com.android.vending/com.google.android.finsky.ipcservers.quicklaunch.QuickLaunchGrpcServerAndroidService
E/ActivityThread(17690): Failed to find provider info for androidx.car.app.connection
E/NetdConnector( 1685): SND -> {903 bandwidth gettetherstats}
E/NetdConnector( 1685): RCV <- {200 903 Tethering stats list completed}
E/NetdConnector( 1685): RMV <- {200 903 Tethering stats list completed}
E/NetdConnector( 1685): SND -> {904 bandwidth gettetherstats}
E/NetdConnector( 1685): RCV <- {200 904 Tethering stats list completed}
E/NetdConnector( 1685): RMV <- {200 904 Tethering stats list completed}
E/NetdConnector( 1685): SND -> {905 bandwidth gettetherstats}
E/NetdConnector( 1685): RCV <- {200 905 Tethering stats list completed}
E/NetdConnector( 1685): RMV <- {200 905 Tethering stats list completed}
E/NetdConnector( 1685): SND -> {906 bandwidth gettetherstats}
E/NetdConnector( 1685): RCV <- {200 906 Tethering stats list completed}
E/NetdConnector( 1685): RMV <- {200 906 Tethering stats list completed}
E/ActivityThread(17690): Failed to find provider info for com.google.android.wearable.settings
E/ActivityThread(17690): Failed to find provider info for com.google.android.wearable.settings
E/ActivityThread(17690): Failed to find provider info for com.google.android.wearable.settings
E/ActivityThread(17690): Failed to find provider info for com.google.android.wearable.settings
E/ActivityThread(17690): Failed to find provider info for com.google.android.wearable.settings
E/ActivityThread(17690): Failed to find provider info for com.google.android.wearable.settings
E/ActivityThread(17690): Failed to find provider info for com.google.android.wearable.settings
E/ActivityThread(17690): Failed to find provider info for com.google.android.wearable.settings
E/ActivityThread(17690): Failed to find provider info for com.google.android.wearable.settings
E/ActivityThread(17690): Failed to find provider info for com.google.android.wearable.settings
E/ActivityThread(17690): Failed to find provider info for com.google.android.wearable.settings
E/ActivityThread(17690): Failed to find provider info for com.google.android.wearable.settings
E/ActivityThread(17690): Failed to find provider info for com.google.android.wearable.settings
E/ActivityThread(17690): Failed to find provider info for com.google.android.wearable.settings
E/ActivityThread(17690): Failed to find provider info for com.google.android.wearable.settings
E/ActivityThread(17690): Failed to find provider info for com.google.android.wearable.settings
E/ActivityThread(17690): Failed to find provider info for com.google.android.wearable.settings
E/ActivityThread(17690): Failed to find provider info for com.google.android.wearable.settings
E/ActivityThread(17690): Failed to find provider info for com.google.android.wearable.settings
E/ActivityThread(17690): Failed to find provider info for com.google.android.wearable.settings
E/ActivityThread(17690): Failed to find provider info for com.google.android.wearable.settings
E/ActivityThread(17690): Failed to find provider info for com.google.android.wearable.settings
E/ActivityThread(17690): Failed to find provider info for com.google.android.wearable.settings
E/ActivityThread(17690): Failed to find provider info for com.google.android.wearable.settings
E/ActivityThread(17690): Failed to find provider info for com.google.android.wearable.settings
E/ActivityThread(17690): Failed to find provider info for com.google.android.wearable.settings
D/PowerUI ( 3327): findUsbOtg =false,supportReverseCharging =0
D/PowerUI ( 3327): oldTemp=290, mTemp=290
E/ActivityThread(17690): Failed to find provider info for com.google.android.wearable.settings
E/ActivityThread(17690): Failed to find provider info for com.google.android.wearable.settings
E/ActivityThread(17690): Failed to find provider info for com.google.android.wearable.settings
E/ActivityThread(17690): Failed to find provider info for com.google.android.wearable.settings
E/ActivityThread(17690): Failed to find provider info for com.google.android.wearable.settings
D/PowerUI ( 3327): findUsbOtg =false,supportReverseCharging =0
D/PowerUI ( 3327): oldTemp=290, mTemp=290
E/ActivityThread(17690): Failed to find provider info for com.google.android.wearable.settings
E/ActivityThread(17690): Failed to find provider info for com.google.android.wearable.settings
E/ActivityThread(17690): Failed to find provider info for com.google.android.wearable.settings
E/ActivityThread(17690): Failed to find provider info for com.google.android.wearable.settings
E/ActivityThread(17690): Failed to find provider info for com.google.android.wearable.settings
E/ActivityThread(17690): Failed to find provider info for com.google.android.wearable.settings
E/ActivityThread(17690): Failed to find provider info for com.google.android.wearable.settings
E/ActivityThread(17690): Failed to find provider info for com.google.android.wearable.settings
E/ActivityThread(17690): Failed to find provider info for com.google.android.wearable.settings
D/PowerUI ( 3327): findUsbOtg =false,supportReverseCharging =0
D/PowerUI ( 3327): oldTemp=290, mTemp=290
E/ActivityThread(17690): Failed to find provider info for com.google.android.wearable.settings
E/ActivityThread(17690): Failed to find provider info for com.google.android.wearable.settings
E/ActivityThread(17690): Failed to find provider info for com.google.android.wearable.settings
E/ActivityThread(17690): Failed to find provider info for com.google.android.wearable.settings
D/PowerUI ( 3327): findUsbOtg =false,supportReverseCharging =0
D/PowerUI ( 3327): oldTemp=290, mTemp=290
E/ActivityThread(17690): Failed to find provider info for com.google.android.wearable.settings
E/ActivityThread(17690): Failed to find provider info for com.google.android.wearable.settings
E/ActivityThread(17690): Failed to find provider info for com.google.android.wearable.settings
E/ActivityThread(17690): Failed to find provider info for com.google.android.wearable.settings
E/ActivityThread(17690): Failed to find provider info for com.google.android.wearable.settings
E/ActivityThread(17690): Failed to find provider info for com.google.android.wearable.settings
E/ActivityThread(17690): Failed to find provider info for com.google.android.wearable.settings
D/PowerUI ( 3327): findUsbOtg =false,supportReverseCharging =0
D/PowerUI ( 3327): oldTemp=290, mTemp=290
E/ActivityThread(17690): Failed to find provider info for com.google.android.wearable.settings
E/ActivityThread(17690): Failed to find provider info for com.google.android.wearable.settings
E/ActivityThread(17690): Failed to find provider info for com.google.android.wearable.settings
E/ActivityThread(17690): Failed to find provider info for com.google.android.wearable.settings
E/ActivityThread(17690): Failed to find provider info for com.google.android.wearable.settings
E/ActivityThread(17690): Failed to find provider info for com.google.android.wearable.settings
E/ActivityThread(17690): Failed to find provider info for com.google.android.wearable.settings
E/ActivityThread(17690): Failed to find provider info for com.google.android.wearable.settings
E/ActivityThread(17690): Failed to find provider info for com.google.android.wearable.settings
E/ActivityThread(17690): Failed to find provider info for com.google.android.wearable.settings
E/ActivityThread(17690): Failed to find provider info for com.google.android.wearable.settings
E/ActivityThread(17690): Failed to find provider info for com.google.android.wearable.settings
E/ActivityThread(17690): Failed to find provider info for com.google.android.wearable.settings
E/ActivityThread(17690): Failed to find provider info for com.google.android.wearable.settings
E/ActivityThread(17690): Failed to find provider info for com.google.android.wearable.settings
E/ActivityThread(17690): Failed to find provider info for com.google.android.wearable.settings
E/ActivityThread(17690): Failed to find provider info for com.google.android.wearable.settings
D/PowerUI ( 3327): findUsbOtg =false,supportReverseCharging =0
D/PowerUI ( 3327): oldTemp=290, mTemp=290
E/ActivityThread(17690): Failed to find provider info for com.google.android.wearable.settings
E/ActivityThread(17690): Failed to find provider info for com.google.android.wearable.settings
E/ActivityThread(17690): Failed to find provider info for com.google.android.wearable.settings
E/ActivityThread(17690): Failed to find provider info for com.google.android.wearable.settings
E/ActivityThread(17690): Failed to find provider info for com.google.android.wearable.settings
E/ActivityThread(17690): Failed to find provider info for com.google.android.wearable.settings
D/PowerUI ( 3327): findUsbOtg =false,supportReverseCharging =0
D/PowerUI ( 3327): oldTemp=290, mTemp=290
E/ActivityThread(17690): Failed to find provider info for com.google.android.wearable.settings
E/ActivityThread(17690): Failed to find provider info for com.google.android.wearable.settings
E/ActivityThread(17690): Failed to find provider info for com.google.android.wearable.settings
E/ActivityThread(17690): Failed to find provider info for com.google.android.wearable.settings
E/ActivityThread(17690): Failed to find provider info for com.google.android.wearable.settings
E/ActivityThread(17690): Failed to find provider info for com.google.android.wearable.settings
E/ActivityThread(17690): Failed to find provider info for com.google.android.wearable.settings
E/ActivityThread(17690): Failed to find provider info for com.google.android.wearable.settings
E/ActivityThread(17690): Failed to find provider info for com.google.android.wearable.settings
E/ActivityThread(17690): Failed to find provider info for com.google.android.wearable.settings
D/PowerUI ( 3327): findUsbOtg =false,supportReverseCharging =0
D/PowerUI ( 3327): oldTemp=290, mTemp=290
E/ActivityThread(17690): Failed to find provider info for com.google.android.wearable.settings
E/ActivityThread(17690): Failed to find provider info for com.google.android.wearable.settings
E/ActivityThread(17690): Failed to find provider info for com.google.android.wearable.settings
E/ActivityThread(17690): Failed to find provider info for com.google.android.wearable.settings
E/ActivityThread(17690): Failed to find provider info for com.google.android.wearable.settings
D/PowerUI ( 3327): findUsbOtg =false,supportReverseCharging =0
D/PowerUI ( 3327): oldTemp=290, mTemp=290
E/ActivityThread(17690): Failed to find provider info for com.google.android.wearable.settings
E/ActivityThread(17690): Failed to find provider info for com.google.android.wearable.settings
E/ActivityThread(17690): Failed to find provider info for com.google.android.wearable.settings
E/ActivityThread(17690): Failed to find provider info for com.google.android.wearable.settings
E/ActivityThread(17690): Failed to find provider info for com.google.android.wearable.settings
E/ActivityThread(17690): Failed to find provider info for com.google.android.wearable.settings
E/ActivityThread(17690): Failed to find provider info for com.google.android.wearable.settings
E/ActivityThread(17690): Failed to find provider info for com.google.android.wearable.settings
E/ActivityThread(17690): Failed to find provider info for com.google.android.wearable.settings
E/ActivityThread(17690): Failed to find provider info for com.google.android.wearable.settings
E/ActivityThread(17690): Failed to find provider info for com.google.android.wearable.settings
E/ActivityThread(17690): Failed to find provider info for com.google.android.wearable.settings
E/ActivityThread(17690): Failed to find provider info for com.google.android.wearable.settings
E/ActivityThread(17690): Failed to find provider info for com.google.android.wearable.settings
E/ActivityThread(17690): Failed to find provider info for com.google.android.wearable.settings
E/ActivityThread(17690): Failed to find provider info for com.google.android.wearable.settings
E/ActivityThread(17690): Failed to find provider info for com.google.android.wearable.settings
D/PowerUI ( 3327): findUsbOtg =false,supportReverseCharging =0
D/PowerUI ( 3327): oldTemp=290, mTemp=290
E/ActivityThread(17690): Failed to find provider info for com.google.android.wearable.settings
E/ActivityThread(17690): Failed to find provider info for com.google.android.wearable.settings
E/ActivityThread(17690): Failed to find provider info for com.google.android.wearable.settings
E/ActivityThread(17690): Failed to find provider info for com.google.android.wearable.settings
D/PowerUI ( 3327): findUsbOtg =false,supportReverseCharging =0
D/PowerUI ( 3327): oldTemp=290, mTemp=290
E/CryptdConnector( 1685): SND -> {4 cryptfs cryptocomplete}
I/Ext4Crypt(  307): ext4 crypto complete called on /data
I/Ext4Crypt(  307): No master key, so not ext4enc
E/CryptdConnector( 1685): RCV <- {200 4 0}
D/CryptdConnector( 1685): RCV <- {200 4 0}
E/CryptdConnector( 1685): RMV <- {200 4 0}
E/CryptdConnector( 1685): SND -> {5 cryptfs getpwtype}
D/VoldCryptCmdListener(  307): cryptfs getpwtype
I/Ext4Crypt(  307): ext4 crypto complete called on /data
I/Ext4Crypt(  307): No master key, so not ext4enc
E/CryptdConnector( 1685): RCV <- {213 5 default}
D/CryptdConnector( 1685): RCV <- {213 5 default}
E/CryptdConnector( 1685): RMV <- {213 5 default}
D/PowerUI ( 3327): findUsbOtg =false,supportReverseCharging =0
D/PowerUI ( 3327): oldTemp=290, mTemp=290
D/PowerUI ( 3327): findUsbOtg =false,supportReverseCharging =0
D/PowerUI ( 3327): oldTemp=290, mTemp=290
E/CryptdConnector( 1685): SND -> {6 cryptfs cryptocomplete}
I/Ext4Crypt(  307): ext4 crypto complete called on /data
I/Ext4Crypt(  307): No master key, so not ext4enc
E/CryptdConnector( 1685): RCV <- {200 6 0}
D/CryptdConnector( 1685): RCV <- {200 6 0}
E/CryptdConnector( 1685): RMV <- {200 6 0}
E/CryptdConnector( 1685): SND -> {7 cryptfs getpwtype}
D/VoldCryptCmdListener(  307): cryptfs getpwtype
I/Ext4Crypt(  307): ext4 crypto complete called on /data
I/Ext4Crypt(  307): No master key, so not ext4enc
E/CryptdConnector( 1685): RCV <- {213 7 default}
D/CryptdConnector( 1685): RCV <- {213 7 default}
E/CryptdConnector( 1685): RMV <- {213 7 default}
D/PowerUI ( 3327): findUsbOtg =false,supportReverseCharging =0
D/PowerUI ( 3327): oldTemp=290, mTemp=290
D/PowerUI ( 3327): findUsbOtg =false,supportReverseCharging =0
D/PowerUI ( 3327): oldTemp=290, mTemp=290
D/PowerUI ( 3327): findUsbOtg =false,supportReverseCharging =0
D/PowerUI ( 3327): oldTemp=290, mTemp=290
D/PowerUI ( 3327): findUsbOtg =false,supportReverseCharging =0
D/PowerUI ( 3327): oldTemp=290, mTemp=290
D/PowerUI ( 3327): findUsbOtg =false,supportReverseCharging =0
D/PowerUI ( 3327): oldTemp=290, mTemp=290
D/PowerUI ( 3327): findUsbOtg =false,supportReverseCharging =0
D/PowerUI ( 3327): oldTemp=290, mTemp=290
D/PowerUI ( 3327): findUsbOtg =false,supportReverseCharging =0
D/PowerUI ( 3327): oldTemp=290, mTemp=290
D/PowerUI ( 3327): findUsbOtg =false,supportReverseCharging =0
D/PowerUI ( 3327): oldTemp=290, mTemp=290
E/NetdConnector( 1685): SND -> {907 bandwidth gettetherstats}
E/NetdConnector( 1685): RCV <- {200 907 Tethering stats list completed}
E/NetdConnector( 1685): RMV <- {200 907 Tethering stats list completed}
E/NetdConnector( 1685): SND -> {908 bandwidth gettetherstats}
E/NetdConnector( 1685): RCV <- {200 908 Tethering stats list completed}
E/NetdConnector( 1685): RMV <- {200 908 Tethering stats list completed}
E/NetdConnector( 1685): SND -> {909 bandwidth gettetherstats}
E/NetdConnector( 1685): RCV <- {200 909 Tethering stats list completed}
E/NetdConnector( 1685): RMV <- {200 909 Tethering stats list completed}
E/NetdConnector( 1685): SND -> {910 bandwidth gettetherstats}
E/NetdConnector( 1685): RCV <- {200 910 Tethering stats list completed}
E/NetdConnector( 1685): RMV <- {200 910 Tethering stats list completed}
D/PowerUI ( 3327): findUsbOtg =false,supportReverseCharging =0
D/PowerUI ( 3327): oldTemp=290, mTemp=290
D/PowerUI ( 3327): findUsbOtg =false,supportReverseCharging =0
D/PowerUI ( 3327): oldTemp=290, mTemp=290
I/ActivityManager( 1685): Start proc 18212:com.google.android.configupdater/u0a24 for broadcast com.google.android.configupdater/.CertPin.CertPinUpdateRequestReceiver
I/ActivityManager( 1685): Start proc 18241:com.google.android.partnersetup/u0a33 for broadcast com.google.android.partnersetup/.RlzPingBroadcastReceiver
D/PowerUI ( 3327): findUsbOtg =false,supportReverseCharging =0
D/PowerUI ( 3327): oldTemp=290, mTemp=290
D/PowerUI ( 3327): findUsbOtg =false,supportReverseCharging =0
D/PowerUI ( 3327): oldTemp=290, mTemp=290
D/PowerUI ( 3327): findUsbOtg =false,supportReverseCharging =0
D/PowerUI ( 3327): oldTemp=290, mTemp=290
W/PackageParser( 4510): Unknown element under <manifest>: queries at /data/data/com.google.android.gms/app_chimera/m/0000038b/dl-AdsFdrDynamite.integ_214106404000000.apk Binary XML file line #11
D/PowerUI ( 3327): findUsbOtg =false,supportReverseCharging =0
D/PowerUI ( 3327): oldTemp=290, mTemp=290
W/PackageParser( 4510): Unknown element under <manifest>: queries at /data/data/com.google.android.gms/app_chimera/m/000003a7/dl-Payments.integ_220980903000406.apk Binary XML file line #5
W/PackageParser( 4510): Unknown element under <manifest>: queries at /data/data/com.google.android.gms/app_chimera/m/0000038b/dl-AdsFdrDynamite.integ_214106404000000.apk Binary XML file line #11
W/PackageParser( 4510): Unknown element under <manifest>: queries at /data/data/com.google.android.gms/app_chimera/m/000003a7/dl-Payments.integ_220980903000406.apk Binary XML file line #5
W/PackageParser( 4510): Unknown element under <manifest>: queries at /data/data/com.google.android.gms/app_chimera/m/0000038b/dl-AdsFdrDynamite.integ_214106404000000.apk Binary XML file line #11
W/PackageParser( 4510): Unknown element under <manifest>: queries at /data/data/com.google.android.gms/app_chimera/m/000003a7/dl-Payments.integ_220980903000406.apk Binary XML file line #5
D/PowerUI ( 3327): findUsbOtg =false,supportReverseCharging =0
D/PowerUI ( 3327): oldTemp=290, mTemp=300
D/PowerUI ( 3327): findUsbOtg =false,supportReverseCharging =0
D/PowerUI ( 3327): oldTemp=300, mTemp=300
D/PowerUI ( 3327): findUsbOtg =false,supportReverseCharging =0
D/PowerUI ( 3327): oldTemp=300, mTemp=300
W/PackageParser( 4510): Unknown element under <manifest>: queries at /data/data/com.google.android.gms/app_chimera/m/0000038b/dl-AdsFdrDynamite.integ_214106404000000.apk Binary XML file line #11
W/PackageParser( 4510): Unknown element under <manifest>: queries at /data/data/com.google.android.gms/app_chimera/m/000003a7/dl-Payments.integ_220980903000406.apk Binary XML file line #5
D/PowerUI ( 3327): findUsbOtg =false,supportReverseCharging =0
D/PowerUI ( 3327): oldTemp=300, mTemp=300
W/PackageParser( 4510): Unknown element under <manifest>: queries at /data/data/com.google.android.gms/app_chimera/m/0000038b/dl-AdsFdrDynamite.integ_214106404000000.apk Binary XML file line #11
W/PackageParser( 4510): Unknown element under <manifest>: queries at /data/data/com.google.android.gms/app_chimera/m/000003a7/dl-Payments.integ_220980903000406.apk Binary XML file line #5
W/PackageParser( 4510): Unknown element under <manifest>: queries at /data/data/com.google.android.gms/app_chimera/m/0000038b/dl-AdsFdrDynamite.integ_214106404000000.apk Binary XML file line #11
W/PackageParser( 4510): Unknown element under <manifest>: queries at /data/data/com.google.android.gms/app_chimera/m/000003a7/dl-Payments.integ_220980903000406.apk Binary XML file line #5
I/UsageStatsService( 1685): User[0] Flushing usage stats to disk
D/PowerUI ( 3327): findUsbOtg =false,supportReverseCharging =0
D/PowerUI ( 3327): oldTemp=300, mTemp=300
D/PowerUI ( 3327): findUsbOtg =false,supportReverseCharging =0
D/PowerUI ( 3327): oldTemp=300, mTemp=300
I/ActivityManager( 1685): !!!!! START u0 {act=com.android.systemui.recents.SHOW_RECENTS flg=0x10804000 cmp=com.android.systemui/.recents.RecentsActivity} from uid 10018 on display 0
E/ActivityManager( 1685): Will notifyMovedToHome from moveHomeStack
E/ActivityManager( 1685): Broadcasting Moved to Home screen Intent
V/WallpaperManagerService( 1685): getWallpaper, path: /data/system/users/0/wallpaper, exist: true
W/ContextImpl( 5910): Calling a method in the system process without a qualified user: android.app.ContextImpl.startService:1242 android.content.ContextWrapper.startService:588 com.asus.powersaver.TaskWatcherService$IncomingHandler.handleMessage:-1 android.os.Handler.dispatchMessage:102 android.os.Looper.loop:148 
D/PowerUI ( 3327): findUsbOtg =false,supportReverseCharging =0
D/PowerUI ( 3327): oldTemp=300, mTemp=300
W/ContextImpl( 5910): Calling a method in the system process without a qualified user: android.app.ContextImpl.bindService:1306 android.content.ContextWrapper.bindService:611 com.google.android.gms.common.stats.b.a:-1 com.google.android.gms.common.stats.b.a:-1 com.google.android.gms.analytics.internal.zzh$zza.zzhi:-1 
D/PowerUI ( 3327): findUsbOtg =false,supportReverseCharging =0
D/PowerUI ( 3327): oldTemp=300, mTemp=300
I/ActivityManager( 1685): Process com.brave.browser:sandboxed_process1 (pid 17885) has died
D/ActivityManager( 1685): cleanUpApplicationRecord -- 17885
I/ActivityManager( 1685): Process com.brave.browser:sandboxed_process0 (pid 17715) has died
D/ActivityManager( 1685): cleanUpApplicationRecord -- 17715
D/ConnectivityService( 1685): releasing NetworkRequest NetworkRequest [ id=142, legacyType=-1, [ Capabilities: INTERNET&NOT_RESTRICTED&TRUSTED] ]
D/PowerUI ( 3327): findUsbOtg =false,supportReverseCharging =0
D/PowerUI ( 3327): oldTemp=300, mTemp=300
D/PowerUI ( 3327): findUsbOtg =false,supportReverseCharging =0
D/PowerUI ( 3327): oldTemp=300, mTemp=300
D/PowerUI ( 3327): findUsbOtg =false,supportReverseCharging =0
D/PowerUI ( 3327): oldTemp=300, mTemp=300
D/PowerUI ( 3327): findUsbOtg =false,supportReverseCharging =0
D/PowerUI ( 3327): oldTemp=300, mTemp=300
D/PowerUI ( 3327): findUsbOtg =false,supportReverseCharging =0
D/PowerUI ( 3327): oldTemp=300, mTemp=300
D/PowerUI ( 3327): findUsbOtg =false,supportReverseCharging =0
D/PowerUI ( 3327): oldTemp=300, mTemp=300
D/PowerUI ( 3327): findUsbOtg =false,supportReverseCharging =0
D/PowerUI ( 3327): oldTemp=300, mTemp=300
D/PowerUI ( 3327): findUsbOtg =false,supportReverseCharging =0
D/PowerUI ( 3327): oldTemp=300, mTemp=300
D/PowerUI ( 3327): findUsbOtg =false,supportReverseCharging =0
D/PowerUI ( 3327): oldTemp=300, mTemp=300
D/PowerUI ( 3327): findUsbOtg =false,supportReverseCharging =0
D/PowerUI ( 3327): oldTemp=300, mTemp=300
