W/PackageParser( 4510): Unknown element under <manifest>: queries at /data/data/com.google.android.gms/app_chimera/m/0000038b/dl-AdsFdrDynamite.integ_214106404000000.apk Binary XML file line #11
W/PackageParser( 4510): Unknown element under <manifest>: queries at /data/data/com.google.android.gms/app_chimera/m/000003a7/dl-Payments.integ_220980903000406.apk Binary XML file line #5
W/PackageParser( 4510): Unknown element under <manifest>: queries at /data/data/com.google.android.gms/app_chimera/m/0000038b/dl-AdsFdrDynamite.integ_214106404000000.apk Binary XML file line #11
W/PackageParser( 4510): Unknown element under <manifest>: queries at /data/data/com.google.android.gms/app_chimera/m/000003a7/dl-Payments.integ_220980903000406.apk Binary XML file line #5
W/PackageParser( 4510): Unknown element under <manifest>: queries at /data/data/com.google.android.gms/app_chimera/m/0000038b/dl-AdsFdrDynamite.integ_214106404000000.apk Binary XML file line #11
W/PackageParser( 4510): Unknown element under <manifest>: queries at /data/data/com.google.android.gms/app_chimera/m/000003a7/dl-Payments.integ_220980903000406.apk Binary XML file line #5
I/chatty  ( 1685): uid=1000(system) ConnectivitySer expire 12 lines
I/chatty  ( 3327): uid=10018(com.android.systemui) expire 1116 lines
I/chatty  ( 1685): uid=1000(system) NetdConnector expire 22 lines
I/chatty  ( 1685): uid=1000(system) Binder_5 expire 10 lines
I/chatty  ( 1685): uid=1000(system) android.bg expire 45 lines
I/chatty  ( 1685): uid=1000(system) ActivityManager expire 10 lines
I/chatty  ( 1685): uid=1000 system_server expire 22 lines
I/chatty  ( 1685): uid=1000(system) Binder_D expire 10 lines
I/chatty  ( 1685): uid=1000(system) NetworkStats expire 12 lines
I/chatty  ( 1685): uid=1000(system) Binder_E expire 11 lines
D/PowerUI ( 3327): findUsbOtg =false,supportReverseCharging =0
D/PowerUI ( 3327): oldTemp=270, mTemp=270
D/PowerUI ( 3327): findUsbOtg =false,supportReverseCharging =0
D/PowerUI ( 3327): oldTemp=270, mTemp=270
D/PowerUI ( 3327): findUsbOtg =false,supportReverseCharging =0
D/PowerUI ( 3327): oldTemp=270, mTemp=270
D/PowerUI ( 3327): findUsbOtg =false,supportReverseCharging =0
D/PowerUI ( 3327): oldTemp=270, mTemp=270
D/PowerUI ( 3327): findUsbOtg =false,supportReverseCharging =0
D/PowerUI ( 3327): oldTemp=270, mTemp=270
D/PowerUI ( 3327): findUsbOtg =false,supportReverseCharging =0
D/PowerUI ( 3327): oldTemp=270, mTemp=270
D/PowerUI ( 3327): findUsbOtg =false,supportReverseCharging =0
D/PowerUI ( 3327): oldTemp=270, mTemp=270
D/PowerUI ( 3327): findUsbOtg =false,supportReverseCharging =0
D/PowerUI ( 3327): oldTemp=270, mTemp=270
D/PowerUI ( 3327): findUsbOtg =false,supportReverseCharging =0
D/PowerUI ( 3327): oldTemp=270, mTemp=270
D/PowerUI ( 3327): findUsbOtg =false,supportReverseCharging =0
D/PowerUI ( 3327): oldTemp=270, mTemp=270
D/PowerUI ( 3327): findUsbOtg =false,supportReverseCharging =0
D/PowerUI ( 3327): oldTemp=270, mTemp=270
D/PowerUI ( 3327): findUsbOtg =false,supportReverseCharging =0
D/PowerUI ( 3327): oldTemp=270, mTemp=270
D/PowerUI ( 3327): findUsbOtg =false,supportReverseCharging =0
D/PowerUI ( 3327): oldTemp=270, mTemp=270
D/PowerUI ( 3327): findUsbOtg =false,supportReverseCharging =0
D/PowerUI ( 3327): oldTemp=270, mTemp=270
D/PowerUI ( 3327): findUsbOtg =false,supportReverseCharging =0
D/PowerUI ( 3327): oldTemp=270, mTemp=270
D/PowerUI ( 3327): findUsbOtg =false,supportReverseCharging =0
D/PowerUI ( 3327): oldTemp=270, mTemp=270
D/PowerUI ( 3327): findUsbOtg =false,supportReverseCharging =0
D/PowerUI ( 3327): oldTemp=270, mTemp=270
D/PowerUI ( 3327): findUsbOtg =false,supportReverseCharging =0
D/PowerUI ( 3327): oldTemp=270, mTemp=270
D/PowerUI ( 3327): findUsbOtg =false,supportReverseCharging =0
D/PowerUI ( 3327): oldTemp=270, mTemp=270
D/PowerUI ( 3327): findUsbOtg =false,supportReverseCharging =0
D/PowerUI ( 3327): oldTemp=270, mTemp=270
D/PowerUI ( 3327): findUsbOtg =false,supportReverseCharging =0
D/PowerUI ( 3327): oldTemp=270, mTemp=270
D/PowerUI ( 3327): findUsbOtg =false,supportReverseCharging =0
D/PowerUI ( 3327): oldTemp=270, mTemp=270
D/PowerUI ( 3327): findUsbOtg =false,supportReverseCharging =0
D/PowerUI ( 3327): oldTemp=270, mTemp=270
D/PowerUI ( 3327): findUsbOtg =false,supportReverseCharging =0
D/PowerUI ( 3327): oldTemp=270, mTemp=270
D/PowerUI ( 3327): findUsbOtg =false,supportReverseCharging =0
D/PowerUI ( 3327): oldTemp=270, mTemp=270
D/PowerUI ( 3327): findUsbOtg =false,supportReverseCharging =0
D/PowerUI ( 3327): oldTemp=270, mTemp=270
D/PowerUI ( 3327): findUsbOtg =false,supportReverseCharging =0
D/PowerUI ( 3327): oldTemp=270, mTemp=270
D/PowerUI ( 3327): findUsbOtg =false,supportReverseCharging =0
D/PowerUI ( 3327): oldTemp=270, mTemp=270
D/PowerUI ( 3327): findUsbOtg =false,supportReverseCharging =0
D/PowerUI ( 3327): oldTemp=270, mTemp=270
D/PowerUI ( 3327): findUsbOtg =false,supportReverseCharging =0
D/PowerUI ( 3327): oldTemp=270, mTemp=270
D/PowerUI ( 3327): findUsbOtg =false,supportReverseCharging =0
D/PowerUI ( 3327): oldTemp=270, mTemp=270
D/PowerUI ( 3327): findUsbOtg =false,supportReverseCharging =0
D/PowerUI ( 3327): oldTemp=270, mTemp=270
D/PowerUI ( 3327): findUsbOtg =false,supportReverseCharging =0
D/PowerUI ( 3327): oldTemp=270, mTemp=270
D/PowerUI ( 3327): findUsbOtg =false,supportReverseCharging =0
D/PowerUI ( 3327): oldTemp=270, mTemp=270
D/PowerUI ( 3327): findUsbOtg =false,supportReverseCharging =0
D/PowerUI ( 3327): oldTemp=270, mTemp=270
D/PowerUI ( 3327): findUsbOtg =false,supportReverseCharging =0
D/PowerUI ( 3327): oldTemp=270, mTemp=270
D/PowerUI ( 3327): findUsbOtg =false,supportReverseCharging =0
D/PowerUI ( 3327): oldTemp=270, mTemp=270
D/PowerUI ( 3327): findUsbOtg =false,supportReverseCharging =0
D/PowerUI ( 3327): oldTemp=270, mTemp=270
D/PowerUI ( 3327): findUsbOtg =false,supportReverseCharging =0
D/PowerUI ( 3327): oldTemp=270, mTemp=270
D/PowerUI ( 3327): findUsbOtg =false,supportReverseCharging =0
D/PowerUI ( 3327): oldTemp=270, mTemp=270
D/PowerUI ( 3327): findUsbOtg =false,supportReverseCharging =0
D/PowerUI ( 3327): oldTemp=270, mTemp=270
D/PowerUI ( 3327): findUsbOtg =false,supportReverseCharging =0
D/PowerUI ( 3327): oldTemp=270, mTemp=270
D/PowerUI ( 3327): findUsbOtg =false,supportReverseCharging =0
D/PowerUI ( 3327): oldTemp=270, mTemp=270
D/PowerUI ( 3327): findUsbOtg =false,supportReverseCharging =0
D/PowerUI ( 3327): oldTemp=270, mTemp=270
D/PowerUI ( 3327): findUsbOtg =false,supportReverseCharging =0
D/PowerUI ( 3327): oldTemp=270, mTemp=280
D/PowerUI ( 3327): findUsbOtg =false,supportReverseCharging =0
D/PowerUI ( 3327): oldTemp=280, mTemp=270
D/PowerUI ( 3327): findUsbOtg =false,supportReverseCharging =0
D/PowerUI ( 3327): oldTemp=270, mTemp=270
D/PowerUI ( 3327): findUsbOtg =false,supportReverseCharging =0
D/PowerUI ( 3327): oldTemp=270, mTemp=270
D/PowerUI ( 3327): findUsbOtg =false,supportReverseCharging =0
D/PowerUI ( 3327): oldTemp=270, mTemp=270
I/chatty  ( 1685): uid=1000(system) NetdConnector expire 10 lines
D/PowerUI ( 3327): findUsbOtg =false,supportReverseCharging =0
D/PowerUI ( 3327): oldTemp=270, mTemp=270
I/chatty  ( 1685): uid=1000(system) Binder_C expire 10 lines
D/PowerUI ( 3327): findUsbOtg =false,supportReverseCharging =0
D/PowerUI ( 3327): oldTemp=270, mTemp=270
D/PowerUI ( 3327): findUsbOtg =false,supportReverseCharging =0
D/PowerUI ( 3327): oldTemp=270, mTemp=270
I/chatty  ( 1685): uid=1000(system) android.bg expire 16 lines
I/chatty  ( 1685): uid=1000 system_server expire 12 lines
D/PowerUI ( 3327): findUsbOtg =false,supportReverseCharging =0
D/PowerUI ( 3327): oldTemp=270, mTemp=270
D/PowerUI ( 3327): findUsbOtg =false,supportReverseCharging =0
D/PowerUI ( 3327): oldTemp=270, mTemp=270
D/PowerUI ( 3327): findUsbOtg =false,supportReverseCharging =0
D/PowerUI ( 3327): oldTemp=270, mTemp=270
D/PowerUI ( 3327): findUsbOtg =false,supportReverseCharging =0
D/PowerUI ( 3327): oldTemp=270, mTemp=270
D/PowerUI ( 3327): findUsbOtg =false,supportReverseCharging =0
D/PowerUI ( 3327): oldTemp=270, mTemp=270
D/PowerUI ( 3327): findUsbOtg =false,supportReverseCharging =0
D/PowerUI ( 3327): oldTemp=270, mTemp=270
D/PowerUI ( 3327): findUsbOtg =false,supportReverseCharging =0
D/PowerUI ( 3327): oldTemp=270, mTemp=270
D/PowerUI ( 3327): findUsbOtg =false,supportReverseCharging =0
D/PowerUI ( 3327): oldTemp=270, mTemp=270
D/PowerUI ( 3327): findUsbOtg =false,supportReverseCharging =0
D/PowerUI ( 3327): oldTemp=270, mTemp=270
D/PowerUI ( 3327): findUsbOtg =false,supportReverseCharging =0
D/PowerUI ( 3327): oldTemp=270, mTemp=270
D/PowerUI ( 3327): findUsbOtg =false,supportReverseCharging =0
D/PowerUI ( 3327): oldTemp=270, mTemp=270
D/PowerUI ( 3327): findUsbOtg =false,supportReverseCharging =0
D/PowerUI ( 3327): oldTemp=270, mTemp=270
D/PowerUI ( 3327): findUsbOtg =false,supportReverseCharging =0
D/PowerUI ( 3327): oldTemp=270, mTemp=270
D/PowerUI ( 3327): findUsbOtg =false,supportReverseCharging =0
D/PowerUI ( 3327): oldTemp=270, mTemp=270
D/PowerUI ( 3327): findUsbOtg =false,supportReverseCharging =0
D/PowerUI ( 3327): oldTemp=270, mTemp=270
D/PowerUI ( 3327): findUsbOtg =false,supportReverseCharging =0
D/PowerUI ( 3327): oldTemp=270, mTemp=270
D/PowerUI ( 3327): findUsbOtg =false,supportReverseCharging =0
D/PowerUI ( 3327): oldTemp=270, mTemp=270
D/PowerUI ( 3327): findUsbOtg =false,supportReverseCharging =0
D/PowerUI ( 3327): oldTemp=270, mTemp=270
D/PowerUI ( 3327): findUsbOtg =false,supportReverseCharging =0
D/PowerUI ( 3327): oldTemp=270, mTemp=270
D/PowerUI ( 3327): findUsbOtg =false,supportReverseCharging =0
D/PowerUI ( 3327): oldTemp=270, mTemp=270
D/PowerUI ( 3327): findUsbOtg =false,supportReverseCharging =0
D/PowerUI ( 3327): oldTemp=270, mTemp=270
D/PowerUI ( 3327): findUsbOtg =false,supportReverseCharging =0
D/PowerUI ( 3327): oldTemp=270, mTemp=270
D/PowerUI ( 3327): findUsbOtg =false,supportReverseCharging =0
D/PowerUI ( 3327): oldTemp=270, mTemp=270
D/PowerUI ( 3327): findUsbOtg =false,supportReverseCharging =0
D/PowerUI ( 3327): oldTemp=270, mTemp=270
D/PowerUI ( 3327): findUsbOtg =false,supportReverseCharging =0
D/PowerUI ( 3327): oldTemp=270, mTemp=270
D/PowerUI ( 3327): findUsbOtg =false,supportReverseCharging =0
D/PowerUI ( 3327): oldTemp=270, mTemp=270
D/PowerUI ( 3327): findUsbOtg =false,supportReverseCharging =0
D/PowerUI ( 3327): oldTemp=270, mTemp=270
D/PowerUI ( 3327): findUsbOtg =false,supportReverseCharging =0
D/PowerUI ( 3327): oldTemp=270, mTemp=270
D/PowerUI ( 3327): findUsbOtg =false,supportReverseCharging =0
D/PowerUI ( 3327): oldTemp=270, mTemp=270
D/PowerUI ( 3327): findUsbOtg =false,supportReverseCharging =0
D/PowerUI ( 3327): oldTemp=270, mTemp=270
D/PowerUI ( 3327): findUsbOtg =false,supportReverseCharging =0
D/PowerUI ( 3327): oldTemp=270, mTemp=270
D/PowerUI ( 3327): findUsbOtg =false,supportReverseCharging =0
D/PowerUI ( 3327): oldTemp=270, mTemp=270
D/PowerUI ( 3327): findUsbOtg =false,supportReverseCharging =0
D/PowerUI ( 3327): oldTemp=270, mTemp=270
D/PowerUI ( 3327): findUsbOtg =false,supportReverseCharging =0
D/PowerUI ( 3327): oldTemp=270, mTemp=270
D/PowerUI ( 3327): findUsbOtg =false,supportReverseCharging =0
D/PowerUI ( 3327): oldTemp=270, mTemp=270
D/PowerUI ( 3327): findUsbOtg =false,supportReverseCharging =0
D/PowerUI ( 3327): oldTemp=270, mTemp=270
D/PowerUI ( 3327): findUsbOtg =false,supportReverseCharging =0
D/PowerUI ( 3327): oldTemp=270, mTemp=270
D/PowerUI ( 3327): findUsbOtg =false,supportReverseCharging =0
D/PowerUI ( 3327): oldTemp=270, mTemp=270
D/PowerUI ( 3327): findUsbOtg =false,supportReverseCharging =0
D/PowerUI ( 3327): oldTemp=270, mTemp=270
D/PowerUI ( 3327): findUsbOtg =false,supportReverseCharging =0
D/PowerUI ( 3327): oldTemp=270, mTemp=270
D/PowerUI ( 3327): findUsbOtg =false,supportReverseCharging =0
D/PowerUI ( 3327): oldTemp=270, mTemp=270
D/PowerUI ( 3327): findUsbOtg =false,supportReverseCharging =0
D/PowerUI ( 3327): oldTemp=270, mTemp=270
D/PowerUI ( 3327): findUsbOtg =false,supportReverseCharging =0
D/PowerUI ( 3327): oldTemp=270, mTemp=270
D/PowerUI ( 3327): findUsbOtg =false,supportReverseCharging =0
D/PowerUI ( 3327): oldTemp=270, mTemp=270
D/PowerUI ( 3327): findUsbOtg =false,supportReverseCharging =0
D/PowerUI ( 3327): oldTemp=270, mTemp=270
D/PowerUI ( 3327): findUsbOtg =false,supportReverseCharging =0
D/PowerUI ( 3327): oldTemp=270, mTemp=270
D/PowerUI ( 3327): findUsbOtg =false,supportReverseCharging =0
D/PowerUI ( 3327): oldTemp=270, mTemp=270
D/PowerUI ( 3327): findUsbOtg =false,supportReverseCharging =0
D/PowerUI ( 3327): oldTemp=270, mTemp=270
D/PowerUI ( 3327): findUsbOtg =false,supportReverseCharging =0
D/PowerUI ( 3327): oldTemp=270, mTemp=270
D/PowerUI ( 3327): findUsbOtg =false,supportReverseCharging =0
D/PowerUI ( 3327): oldTemp=270, mTemp=270
D/PowerUI ( 3327): findUsbOtg =false,supportReverseCharging =0
D/PowerUI ( 3327): oldTemp=270, mTemp=270
D/PowerUI ( 3327): findUsbOtg =false,supportReverseCharging =0
D/PowerUI ( 3327): oldTemp=270, mTemp=270
D/PowerUI ( 3327): findUsbOtg =false,supportReverseCharging =0
D/PowerUI ( 3327): oldTemp=270, mTemp=270
D/PowerUI ( 3327): findUsbOtg =false,supportReverseCharging =0
D/PowerUI ( 3327): oldTemp=270, mTemp=270
D/PowerUI ( 3327): findUsbOtg =false,supportReverseCharging =0
D/PowerUI ( 3327): oldTemp=270, mTemp=270
D/PowerUI ( 3327): findUsbOtg =false,supportReverseCharging =0
D/PowerUI ( 3327): oldTemp=270, mTemp=270
D/PowerUI ( 3327): findUsbOtg =false,supportReverseCharging =0
D/PowerUI ( 3327): oldTemp=270, mTemp=270
D/PowerUI ( 3327): findUsbOtg =false,supportReverseCharging =0
D/PowerUI ( 3327): oldTemp=270, mTemp=270
D/PowerUI ( 3327): findUsbOtg =false,supportReverseCharging =0
D/PowerUI ( 3327): oldTemp=270, mTemp=270
D/PowerUI ( 3327): findUsbOtg =false,supportReverseCharging =0
D/PowerUI ( 3327): oldTemp=270, mTemp=270
D/PowerUI ( 3327): findUsbOtg =false,supportReverseCharging =0
D/PowerUI ( 3327): oldTemp=270, mTemp=270
D/PowerUI ( 3327): findUsbOtg =false,supportReverseCharging =0
D/PowerUI ( 3327): oldTemp=270, mTemp=270
D/PowerUI ( 3327): findUsbOtg =false,supportReverseCharging =0
D/PowerUI ( 3327): oldTemp=270, mTemp=270
D/PowerUI ( 3327): findUsbOtg =false,supportReverseCharging =0
D/PowerUI ( 3327): oldTemp=270, mTemp=270
D/PowerUI ( 3327): findUsbOtg =false,supportReverseCharging =0
D/PowerUI ( 3327): oldTemp=270, mTemp=270
D/PowerUI ( 3327): findUsbOtg =false,supportReverseCharging =0
D/PowerUI ( 3327): oldTemp=270, mTemp=270
D/PowerUI ( 3327): findUsbOtg =false,supportReverseCharging =0
D/PowerUI ( 3327): oldTemp=270, mTemp=270
D/PowerUI ( 3327): findUsbOtg =false,supportReverseCharging =0
D/PowerUI ( 3327): oldTemp=270, mTemp=270
D/PowerUI ( 3327): findUsbOtg =false,supportReverseCharging =0
D/PowerUI ( 3327): oldTemp=270, mTemp=270
D/PowerUI ( 3327): findUsbOtg =false,supportReverseCharging =0
D/PowerUI ( 3327): oldTemp=270, mTemp=270
D/PowerUI ( 3327): findUsbOtg =false,supportReverseCharging =0
D/PowerUI ( 3327): oldTemp=270, mTemp=270
D/PowerUI ( 3327): findUsbOtg =false,supportReverseCharging =0
D/PowerUI ( 3327): oldTemp=270, mTemp=270
D/PowerUI ( 3327): findUsbOtg =false,supportReverseCharging =0
D/PowerUI ( 3327): oldTemp=270, mTemp=270
D/PowerUI ( 3327): findUsbOtg =false,supportReverseCharging =0
D/PowerUI ( 3327): oldTemp=270, mTemp=270
D/PowerUI ( 3327): findUsbOtg =false,supportReverseCharging =0
D/PowerUI ( 3327): oldTemp=270, mTemp=270
D/PowerUI ( 3327): findUsbOtg =false,supportReverseCharging =0
D/PowerUI ( 3327): oldTemp=270, mTemp=270
D/PowerUI ( 3327): findUsbOtg =false,supportReverseCharging =0
D/PowerUI ( 3327): oldTemp=270, mTemp=270
D/PowerUI ( 3327): findUsbOtg =false,supportReverseCharging =0
D/PowerUI ( 3327): oldTemp=270, mTemp=270
D/PowerUI ( 3327): findUsbOtg =false,supportReverseCharging =0
D/PowerUI ( 3327): oldTemp=270, mTemp=270
D/PowerUI ( 3327): findUsbOtg =false,supportReverseCharging =0
D/PowerUI ( 3327): oldTemp=270, mTemp=270
D/PowerUI ( 3327): findUsbOtg =false,supportReverseCharging =0
D/PowerUI ( 3327): oldTemp=270, mTemp=270
D/PowerUI ( 3327): findUsbOtg =false,supportReverseCharging =0
D/PowerUI ( 3327): oldTemp=270, mTemp=270
D/PowerUI ( 3327): findUsbOtg =false,supportReverseCharging =0
D/PowerUI ( 3327): oldTemp=270, mTemp=270
D/PowerUI ( 3327): findUsbOtg =false,supportReverseCharging =0
D/PowerUI ( 3327): oldTemp=270, mTemp=270
D/PowerUI ( 3327): findUsbOtg =false,supportReverseCharging =0
D/PowerUI ( 3327): oldTemp=270, mTemp=270
D/PowerUI ( 3327): findUsbOtg =false,supportReverseCharging =0
D/PowerUI ( 3327): oldTemp=270, mTemp=270
D/PowerUI ( 3327): findUsbOtg =false,supportReverseCharging =0
D/PowerUI ( 3327): oldTemp=270, mTemp=270
D/PowerUI ( 3327): findUsbOtg =false,supportReverseCharging =0
D/PowerUI ( 3327): oldTemp=270, mTemp=270
D/PowerUI ( 3327): findUsbOtg =false,supportReverseCharging =0
D/PowerUI ( 3327): oldTemp=270, mTemp=270
D/PowerUI ( 3327): findUsbOtg =false,supportReverseCharging =0
D/PowerUI ( 3327): oldTemp=270, mTemp=270
D/PowerUI ( 3327): findUsbOtg =false,supportReverseCharging =0
D/PowerUI ( 3327): oldTemp=270, mTemp=270
D/PowerUI ( 3327): findUsbOtg =false,supportReverseCharging =0
D/PowerUI ( 3327): oldTemp=270, mTemp=270
D/PowerUI ( 3327): findUsbOtg =false,supportReverseCharging =0
D/PowerUI ( 3327): oldTemp=270, mTemp=270
D/PowerUI ( 3327): findUsbOtg =false,supportReverseCharging =0
D/PowerUI ( 3327): oldTemp=270, mTemp=270
D/PowerUI ( 3327): findUsbOtg =false,supportReverseCharging =0
D/PowerUI ( 3327): oldTemp=270, mTemp=270
D/PowerUI ( 3327): findUsbOtg =false,supportReverseCharging =0
D/PowerUI ( 3327): oldTemp=270, mTemp=270
D/PowerUI ( 3327): findUsbOtg =false,supportReverseCharging =0
D/PowerUI ( 3327): oldTemp=270, mTemp=270
D/PowerUI ( 3327): findUsbOtg =false,supportReverseCharging =0
D/PowerUI ( 3327): oldTemp=270, mTemp=270
D/PowerUI ( 3327): findUsbOtg =false,supportReverseCharging =0
D/PowerUI ( 3327): oldTemp=270, mTemp=270
D/PowerUI ( 3327): findUsbOtg =false,supportReverseCharging =0
D/PowerUI ( 3327): oldTemp=270, mTemp=270
D/PowerUI ( 3327): findUsbOtg =false,supportReverseCharging =0
D/PowerUI ( 3327): oldTemp=270, mTemp=270
D/PowerUI ( 3327): findUsbOtg =false,supportReverseCharging =0
D/PowerUI ( 3327): oldTemp=270, mTemp=270
D/PowerUI ( 3327): findUsbOtg =false,supportReverseCharging =0
D/PowerUI ( 3327): oldTemp=270, mTemp=270
D/PowerUI ( 3327): findUsbOtg =false,supportReverseCharging =0
D/PowerUI ( 3327): oldTemp=270, mTemp=270
D/PowerUI ( 3327): findUsbOtg =false,supportReverseCharging =0
D/PowerUI ( 3327): oldTemp=270, mTemp=270
D/PowerUI ( 3327): findUsbOtg =false,supportReverseCharging =0
D/PowerUI ( 3327): oldTemp=270, mTemp=270
D/PowerUI ( 3327): findUsbOtg =false,supportReverseCharging =0
D/PowerUI ( 3327): oldTemp=270, mTemp=270
D/PowerUI ( 3327): findUsbOtg =false,supportReverseCharging =0
D/PowerUI ( 3327): oldTemp=270, mTemp=270
D/PowerUI ( 3327): findUsbOtg =false,supportReverseCharging =0
D/PowerUI ( 3327): oldTemp=270, mTemp=270
D/PowerUI ( 3327): findUsbOtg =false,supportReverseCharging =0
D/PowerUI ( 3327): oldTemp=270, mTemp=270
D/PowerUI ( 3327): findUsbOtg =false,supportReverseCharging =0
D/PowerUI ( 3327): oldTemp=270, mTemp=270
D/PowerUI ( 3327): findUsbOtg =false,supportReverseCharging =0
D/PowerUI ( 3327): oldTemp=270, mTemp=270
D/PowerUI ( 3327): findUsbOtg =false,supportReverseCharging =0
D/PowerUI ( 3327): oldTemp=270, mTemp=270
D/PowerUI ( 3327): findUsbOtg =false,supportReverseCharging =0
D/PowerUI ( 3327): oldTemp=270, mTemp=270
D/PowerUI ( 3327): findUsbOtg =false,supportReverseCharging =0
D/PowerUI ( 3327): oldTemp=270, mTemp=270
D/PowerUI ( 3327): findUsbOtg =false,supportReverseCharging =0
D/PowerUI ( 3327): oldTemp=270, mTemp=270
D/PowerUI ( 3327): findUsbOtg =false,supportReverseCharging =0
D/PowerUI ( 3327): oldTemp=270, mTemp=270
D/PowerUI ( 3327): findUsbOtg =false,supportReverseCharging =0
D/PowerUI ( 3327): oldTemp=270, mTemp=270
D/PowerUI ( 3327): findUsbOtg =false,supportReverseCharging =0
D/PowerUI ( 3327): oldTemp=270, mTemp=270
D/PowerUI ( 3327): findUsbOtg =false,supportReverseCharging =0
D/PowerUI ( 3327): oldTemp=270, mTemp=270
D/PowerUI ( 3327): findUsbOtg =false,supportReverseCharging =0
D/PowerUI ( 3327): oldTemp=270, mTemp=270
D/PowerUI ( 3327): findUsbOtg =false,supportReverseCharging =0
D/PowerUI ( 3327): oldTemp=270, mTemp=270
D/PowerUI ( 3327): findUsbOtg =false,supportReverseCharging =0
D/PowerUI ( 3327): oldTemp=270, mTemp=270
D/PowerUI ( 3327): findUsbOtg =false,supportReverseCharging =0
D/PowerUI ( 3327): oldTemp=270, mTemp=270
D/PowerUI ( 3327): findUsbOtg =false,supportReverseCharging =0
D/PowerUI ( 3327): oldTemp=270, mTemp=270
D/PowerUI ( 3327): findUsbOtg =false,supportReverseCharging =0
D/PowerUI ( 3327): oldTemp=270, mTemp=270
D/PowerUI ( 3327): findUsbOtg =false,supportReverseCharging =0
D/PowerUI ( 3327): oldTemp=270, mTemp=270
D/PowerUI ( 3327): findUsbOtg =false,supportReverseCharging =0
D/PowerUI ( 3327): oldTemp=270, mTemp=270
D/PowerUI ( 3327): findUsbOtg =false,supportReverseCharging =0
D/PowerUI ( 3327): oldTemp=270, mTemp=270
D/PowerUI ( 3327): findUsbOtg =false,supportReverseCharging =0
D/PowerUI ( 3327): oldTemp=270, mTemp=270
D/PowerUI ( 3327): findUsbOtg =false,supportReverseCharging =0
D/PowerUI ( 3327): oldTemp=270, mTemp=270
D/PowerUI ( 3327): findUsbOtg =false,supportReverseCharging =0
D/PowerUI ( 3327): oldTemp=270, mTemp=270
D/PowerUI ( 3327): findUsbOtg =false,supportReverseCharging =0
D/PowerUI ( 3327): oldTemp=270, mTemp=270
D/PowerUI ( 3327): findUsbOtg =false,supportReverseCharging =0
D/PowerUI ( 3327): oldTemp=270, mTemp=270
D/PowerUI ( 3327): findUsbOtg =false,supportReverseCharging =0
D/PowerUI ( 3327): oldTemp=270, mTemp=270
D/PowerUI ( 3327): findUsbOtg =false,supportReverseCharging =0
D/PowerUI ( 3327): oldTemp=270, mTemp=270
D/PowerUI ( 3327): findUsbOtg =false,supportReverseCharging =0
D/PowerUI ( 3327): oldTemp=270, mTemp=270
D/PowerUI ( 3327): findUsbOtg =false,supportReverseCharging =0
D/PowerUI ( 3327): oldTemp=270, mTemp=270
D/PowerUI ( 3327): findUsbOtg =false,supportReverseCharging =0
D/PowerUI ( 3327): oldTemp=270, mTemp=270
D/PowerUI ( 3327): findUsbOtg =false,supportReverseCharging =0
D/PowerUI ( 3327): oldTemp=270, mTemp=270
D/PowerUI ( 3327): findUsbOtg =false,supportReverseCharging =0
D/PowerUI ( 3327): oldTemp=270, mTemp=270
D/PowerUI ( 3327): findUsbOtg =false,supportReverseCharging =0
D/PowerUI ( 3327): oldTemp=270, mTemp=270
D/PowerUI ( 3327): findUsbOtg =false,supportReverseCharging =0
D/PowerUI ( 3327): oldTemp=270, mTemp=270
D/PowerUI ( 3327): findUsbOtg =false,supportReverseCharging =0
D/PowerUI ( 3327): oldTemp=270, mTemp=270
D/PowerUI ( 3327): findUsbOtg =false,supportReverseCharging =0
D/PowerUI ( 3327): oldTemp=270, mTemp=270
D/PowerUI ( 3327): findUsbOtg =false,supportReverseCharging =0
D/PowerUI ( 3327): oldTemp=270, mTemp=270
D/PowerUI ( 3327): findUsbOtg =false,supportReverseCharging =0
D/PowerUI ( 3327): oldTemp=270, mTemp=270
D/PowerUI ( 3327): findUsbOtg =false,supportReverseCharging =0
D/PowerUI ( 3327): oldTemp=270, mTemp=270
D/PowerUI ( 3327): findUsbOtg =false,supportReverseCharging =0
D/PowerUI ( 3327): oldTemp=270, mTemp=270
D/PowerUI ( 3327): findUsbOtg =false,supportReverseCharging =0
D/PowerUI ( 3327): oldTemp=270, mTemp=270
D/PowerUI ( 3327): findUsbOtg =false,supportReverseCharging =0
D/PowerUI ( 3327): oldTemp=270, mTemp=270
D/PowerUI ( 3327): findUsbOtg =false,supportReverseCharging =0
D/PowerUI ( 3327): oldTemp=270, mTemp=270
D/PowerUI ( 3327): findUsbOtg =false,supportReverseCharging =0
D/PowerUI ( 3327): oldTemp=270, mTemp=270
D/PowerUI ( 3327): findUsbOtg =false,supportReverseCharging =0
D/PowerUI ( 3327): oldTemp=270, mTemp=270
D/PowerUI ( 3327): findUsbOtg =false,supportReverseCharging =0
D/PowerUI ( 3327): oldTemp=270, mTemp=270
D/PowerUI ( 3327): findUsbOtg =false,supportReverseCharging =0
D/PowerUI ( 3327): oldTemp=270, mTemp=270
D/PowerUI ( 3327): findUsbOtg =false,supportReverseCharging =0
D/PowerUI ( 3327): oldTemp=270, mTemp=270
D/PowerUI ( 3327): findUsbOtg =false,supportReverseCharging =0
D/PowerUI ( 3327): oldTemp=270, mTemp=270
D/PowerUI ( 3327): findUsbOtg =false,supportReverseCharging =0
D/PowerUI ( 3327): oldTemp=270, mTemp=270
D/PowerUI ( 3327): findUsbOtg =false,supportReverseCharging =0
D/PowerUI ( 3327): oldTemp=270, mTemp=270
D/PowerUI ( 3327): findUsbOtg =false,supportReverseCharging =0
D/PowerUI ( 3327): oldTemp=270, mTemp=270
D/PowerUI ( 3327): findUsbOtg =false,supportReverseCharging =0
D/PowerUI ( 3327): oldTemp=270, mTemp=270
D/PowerUI ( 3327): findUsbOtg =false,supportReverseCharging =0
D/PowerUI ( 3327): oldTemp=270, mTemp=270
D/PowerUI ( 3327): findUsbOtg =false,supportReverseCharging =0
D/PowerUI ( 3327): oldTemp=270, mTemp=270
D/PowerUI ( 3327): findUsbOtg =false,supportReverseCharging =0
D/PowerUI ( 3327): oldTemp=270, mTemp=270
D/PowerUI ( 3327): findUsbOtg =false,supportReverseCharging =0
D/PowerUI ( 3327): oldTemp=270, mTemp=270
D/PowerUI ( 3327): findUsbOtg =false,supportReverseCharging =0
D/PowerUI ( 3327): oldTemp=270, mTemp=270
D/PowerUI ( 3327): findUsbOtg =false,supportReverseCharging =0
D/PowerUI ( 3327): oldTemp=270, mTemp=270
D/PowerUI ( 3327): findUsbOtg =false,supportReverseCharging =0
D/PowerUI ( 3327): oldTemp=270, mTemp=270
D/PowerUI ( 3327): findUsbOtg =false,supportReverseCharging =0
D/PowerUI ( 3327): oldTemp=270, mTemp=270
D/PowerUI ( 3327): findUsbOtg =false,supportReverseCharging =0
D/PowerUI ( 3327): oldTemp=270, mTemp=270
D/PowerUI ( 3327): findUsbOtg =false,supportReverseCharging =0
D/PowerUI ( 3327): oldTemp=270, mTemp=270
D/PowerUI ( 3327): findUsbOtg =false,supportReverseCharging =0
D/PowerUI ( 3327): oldTemp=270, mTemp=270
D/PowerUI ( 3327): findUsbOtg =false,supportReverseCharging =0
D/PowerUI ( 3327): oldTemp=270, mTemp=270
D/PowerUI ( 3327): findUsbOtg =false,supportReverseCharging =0
D/PowerUI ( 3327): oldTemp=270, mTemp=270
D/PowerUI ( 3327): findUsbOtg =false,supportReverseCharging =0
D/PowerUI ( 3327): oldTemp=270, mTemp=270
D/PowerUI ( 3327): findUsbOtg =false,supportReverseCharging =0
D/PowerUI ( 3327): oldTemp=270, mTemp=270
D/PowerUI ( 3327): findUsbOtg =false,supportReverseCharging =0
D/PowerUI ( 3327): oldTemp=270, mTemp=270
D/PowerUI ( 3327): findUsbOtg =false,supportReverseCharging =0
D/PowerUI ( 3327): oldTemp=270, mTemp=270
D/PowerUI ( 3327): findUsbOtg =false,supportReverseCharging =0
D/PowerUI ( 3327): oldTemp=270, mTemp=270
D/PowerUI ( 3327): findUsbOtg =false,supportReverseCharging =0
D/PowerUI ( 3327): oldTemp=270, mTemp=270
D/PowerUI ( 3327): findUsbOtg =false,supportReverseCharging =0
D/PowerUI ( 3327): oldTemp=270, mTemp=270
D/PowerUI ( 3327): findUsbOtg =false,supportReverseCharging =0
D/PowerUI ( 3327): oldTemp=270, mTemp=270
D/PowerUI ( 3327): findUsbOtg =false,supportReverseCharging =0
D/PowerUI ( 3327): oldTemp=270, mTemp=270
D/PowerUI ( 3327): findUsbOtg =false,supportReverseCharging =0
D/PowerUI ( 3327): oldTemp=270, mTemp=270
D/PowerUI ( 3327): findUsbOtg =false,supportReverseCharging =0
D/PowerUI ( 3327): oldTemp=270, mTemp=270
D/PowerUI ( 3327): findUsbOtg =false,supportReverseCharging =0
D/PowerUI ( 3327): oldTemp=270, mTemp=270
D/PowerUI ( 3327): findUsbOtg =false,supportReverseCharging =0
D/PowerUI ( 3327): oldTemp=270, mTemp=270
D/PowerUI ( 3327): findUsbOtg =false,supportReverseCharging =0
D/PowerUI ( 3327): oldTemp=270, mTemp=270
D/PowerUI ( 3327): findUsbOtg =false,supportReverseCharging =0
D/PowerUI ( 3327): oldTemp=270, mTemp=270
D/PowerUI ( 3327): findUsbOtg =false,supportReverseCharging =0
D/PowerUI ( 3327): oldTemp=270, mTemp=270
D/PowerUI ( 3327): findUsbOtg =false,supportReverseCharging =0
D/PowerUI ( 3327): oldTemp=270, mTemp=270
D/PowerUI ( 3327): findUsbOtg =false,supportReverseCharging =0
D/PowerUI ( 3327): oldTemp=270, mTemp=270
D/PowerUI ( 3327): findUsbOtg =false,supportReverseCharging =0
D/PowerUI ( 3327): oldTemp=270, mTemp=270
D/PowerUI ( 3327): findUsbOtg =false,supportReverseCharging =0
D/PowerUI ( 3327): oldTemp=270, mTemp=270
D/PowerUI ( 3327): findUsbOtg =false,supportReverseCharging =0
D/PowerUI ( 3327): oldTemp=270, mTemp=270
D/PowerUI ( 3327): findUsbOtg =false,supportReverseCharging =0
D/PowerUI ( 3327): oldTemp=270, mTemp=270
D/PowerUI ( 3327): findUsbOtg =false,supportReverseCharging =0
D/PowerUI ( 3327): oldTemp=270, mTemp=270
D/PowerUI ( 3327): findUsbOtg =false,supportReverseCharging =0
D/PowerUI ( 3327): oldTemp=270, mTemp=270
I/chatty  ( 1685): uid=1000(system) android.bg expire 10 lines
D/PowerUI ( 3327): findUsbOtg =false,supportReverseCharging =0
D/PowerUI ( 3327): oldTemp=270, mTemp=270
D/PowerUI ( 3327): findUsbOtg =false,supportReverseCharging =0
D/PowerUI ( 3327): oldTemp=270, mTemp=270
D/PowerUI ( 3327): findUsbOtg =false,supportReverseCharging =0
D/PowerUI ( 3327): oldTemp=270, mTemp=270
D/PowerUI ( 3327): findUsbOtg =false,supportReverseCharging =0
D/PowerUI ( 3327): oldTemp=270, mTemp=270
D/PowerUI ( 3327): findUsbOtg =false,supportReverseCharging =0
D/PowerUI ( 3327): oldTemp=270, mTemp=270
D/PowerUI ( 3327): findUsbOtg =false,supportReverseCharging =0
D/PowerUI ( 3327): oldTemp=270, mTemp=270
D/PowerUI ( 3327): findUsbOtg =false,supportReverseCharging =0
D/PowerUI ( 3327): oldTemp=270, mTemp=270
D/PowerUI ( 3327): findUsbOtg =false,supportReverseCharging =0
D/PowerUI ( 3327): oldTemp=270, mTemp=270
D/PowerUI ( 3327): findUsbOtg =false,supportReverseCharging =0
D/PowerUI ( 3327): oldTemp=270, mTemp=270
D/PowerUI ( 3327): findUsbOtg =false,supportReverseCharging =0
D/PowerUI ( 3327): oldTemp=270, mTemp=270
D/PowerUI ( 3327): findUsbOtg =false,supportReverseCharging =0
D/PowerUI ( 3327): oldTemp=270, mTemp=270
D/PowerUI ( 3327): findUsbOtg =false,supportReverseCharging =0
D/PowerUI ( 3327): oldTemp=270, mTemp=270
D/PowerUI ( 3327): findUsbOtg =false,supportReverseCharging =0
D/PowerUI ( 3327): oldTemp=270, mTemp=270
D/PowerUI ( 3327): findUsbOtg =false,supportReverseCharging =0
D/PowerUI ( 3327): oldTemp=270, mTemp=270
D/PowerUI ( 3327): findUsbOtg =false,supportReverseCharging =0
D/PowerUI ( 3327): oldTemp=270, mTemp=270
D/PowerUI ( 3327): findUsbOtg =false,supportReverseCharging =0
D/PowerUI ( 3327): oldTemp=270, mTemp=270
D/PowerUI ( 3327): findUsbOtg =false,supportReverseCharging =0
D/PowerUI ( 3327): oldTemp=270, mTemp=270
D/PowerUI ( 3327): findUsbOtg =false,supportReverseCharging =0
D/PowerUI ( 3327): oldTemp=270, mTemp=270
D/PowerUI ( 3327): findUsbOtg =false,supportReverseCharging =0
D/PowerUI ( 3327): oldTemp=270, mTemp=270
D/PowerUI ( 3327): findUsbOtg =false,supportReverseCharging =0
D/PowerUI ( 3327): oldTemp=270, mTemp=270
D/PowerUI ( 3327): findUsbOtg =false,supportReverseCharging =0
D/PowerUI ( 3327): oldTemp=270, mTemp=270
D/PowerUI ( 3327): findUsbOtg =false,supportReverseCharging =0
D/PowerUI ( 3327): oldTemp=270, mTemp=270
D/PowerUI ( 3327): findUsbOtg =false,supportReverseCharging =0
D/PowerUI ( 3327): oldTemp=270, mTemp=270
D/PowerUI ( 3327): findUsbOtg =false,supportReverseCharging =0
D/PowerUI ( 3327): oldTemp=270, mTemp=270
D/PowerUI ( 3327): findUsbOtg =false,supportReverseCharging =0
D/PowerUI ( 3327): oldTemp=270, mTemp=270
D/PowerUI ( 3327): findUsbOtg =false,supportReverseCharging =0
D/PowerUI ( 3327): oldTemp=270, mTemp=270
D/PowerUI ( 3327): findUsbOtg =false,supportReverseCharging =0
D/PowerUI ( 3327): oldTemp=270, mTemp=270
D/PowerUI ( 3327): findUsbOtg =false,supportReverseCharging =0
D/PowerUI ( 3327): oldTemp=270, mTemp=270
D/PowerUI ( 3327): findUsbOtg =false,supportReverseCharging =0
D/PowerUI ( 3327): oldTemp=270, mTemp=270
D/PowerUI ( 3327): findUsbOtg =false,supportReverseCharging =0
D/PowerUI ( 3327): oldTemp=270, mTemp=270
D/PowerUI ( 3327): findUsbOtg =false,supportReverseCharging =0
D/PowerUI ( 3327): oldTemp=270, mTemp=270
D/PowerUI ( 3327): findUsbOtg =false,supportReverseCharging =0
D/PowerUI ( 3327): oldTemp=270, mTemp=270
D/PowerUI ( 3327): findUsbOtg =false,supportReverseCharging =0
D/PowerUI ( 3327): oldTemp=270, mTemp=270
D/PowerUI ( 3327): findUsbOtg =false,supportReverseCharging =0
D/PowerUI ( 3327): oldTemp=270, mTemp=270
D/PowerUI ( 3327): findUsbOtg =false,supportReverseCharging =0
D/PowerUI ( 3327): oldTemp=270, mTemp=270
D/PowerUI ( 3327): findUsbOtg =false,supportReverseCharging =0
D/PowerUI ( 3327): oldTemp=270, mTemp=270
D/PowerUI ( 3327): findUsbOtg =false,supportReverseCharging =0
D/PowerUI ( 3327): oldTemp=270, mTemp=270
D/PowerUI ( 3327): findUsbOtg =false,supportReverseCharging =0
D/PowerUI ( 3327): oldTemp=270, mTemp=270
D/PowerUI ( 3327): findUsbOtg =false,supportReverseCharging =0
D/PowerUI ( 3327): oldTemp=270, mTemp=270
D/PowerUI ( 3327): findUsbOtg =false,supportReverseCharging =0
D/PowerUI ( 3327): oldTemp=270, mTemp=270
D/PowerUI ( 3327): findUsbOtg =false,supportReverseCharging =0
D/PowerUI ( 3327): oldTemp=270, mTemp=270
D/PowerUI ( 3327): findUsbOtg =false,supportReverseCharging =0
D/PowerUI ( 3327): oldTemp=270, mTemp=270
D/PowerUI ( 3327): findUsbOtg =false,supportReverseCharging =0
D/PowerUI ( 3327): oldTemp=270, mTemp=270
D/PowerUI ( 3327): findUsbOtg =false,supportReverseCharging =0
D/PowerUI ( 3327): oldTemp=270, mTemp=270
D/PowerUI ( 3327): findUsbOtg =false,supportReverseCharging =0
D/PowerUI ( 3327): oldTemp=270, mTemp=270
D/PowerUI ( 3327): findUsbOtg =false,supportReverseCharging =0
D/PowerUI ( 3327): oldTemp=270, mTemp=270
D/PowerUI ( 3327): findUsbOtg =false,supportReverseCharging =0
D/PowerUI ( 3327): oldTemp=270, mTemp=270
D/PowerUI ( 3327): findUsbOtg =false,supportReverseCharging =0
D/PowerUI ( 3327): oldTemp=270, mTemp=270
D/PowerUI ( 3327): findUsbOtg =false,supportReverseCharging =0
D/PowerUI ( 3327): oldTemp=270, mTemp=270
D/PowerUI ( 3327): findUsbOtg =false,supportReverseCharging =0
D/PowerUI ( 3327): oldTemp=270, mTemp=270
D/PowerUI ( 3327): findUsbOtg =false,supportReverseCharging =0
D/PowerUI ( 3327): oldTemp=270, mTemp=270
D/PowerUI ( 3327): findUsbOtg =false,supportReverseCharging =0
D/PowerUI ( 3327): oldTemp=270, mTemp=270
D/PowerUI ( 3327): findUsbOtg =false,supportReverseCharging =0
D/PowerUI ( 3327): oldTemp=270, mTemp=270
D/PowerUI ( 3327): findUsbOtg =false,supportReverseCharging =0
D/PowerUI ( 3327): oldTemp=270, mTemp=270
D/PowerUI ( 3327): findUsbOtg =false,supportReverseCharging =0
D/PowerUI ( 3327): oldTemp=270, mTemp=270
D/PowerUI ( 3327): findUsbOtg =false,supportReverseCharging =0
D/PowerUI ( 3327): oldTemp=270, mTemp=270
D/PowerUI ( 3327): findUsbOtg =false,supportReverseCharging =0
D/PowerUI ( 3327): oldTemp=270, mTemp=270
D/PowerUI ( 3327): findUsbOtg =false,supportReverseCharging =0
D/PowerUI ( 3327): oldTemp=270, mTemp=270
D/PowerUI ( 3327): findUsbOtg =false,supportReverseCharging =0
D/PowerUI ( 3327): oldTemp=270, mTemp=270
D/PowerUI ( 3327): findUsbOtg =false,supportReverseCharging =0
D/PowerUI ( 3327): oldTemp=270, mTemp=270
D/PowerUI ( 3327): findUsbOtg =false,supportReverseCharging =0
D/PowerUI ( 3327): oldTemp=270, mTemp=270
D/PowerUI ( 3327): findUsbOtg =false,supportReverseCharging =0
D/PowerUI ( 3327): oldTemp=270, mTemp=270
D/PowerUI ( 3327): findUsbOtg =false,supportReverseCharging =0
D/PowerUI ( 3327): oldTemp=270, mTemp=270
D/PowerUI ( 3327): findUsbOtg =false,supportReverseCharging =0
D/PowerUI ( 3327): oldTemp=270, mTemp=270
D/PowerUI ( 3327): findUsbOtg =false,supportReverseCharging =0
D/PowerUI ( 3327): oldTemp=270, mTemp=270
D/PowerUI ( 3327): findUsbOtg =false,supportReverseCharging =0
D/PowerUI ( 3327): oldTemp=270, mTemp=270
D/PowerUI ( 3327): findUsbOtg =false,supportReverseCharging =0
D/PowerUI ( 3327): oldTemp=270, mTemp=270
D/PowerUI ( 3327): findUsbOtg =false,supportReverseCharging =0
D/PowerUI ( 3327): oldTemp=270, mTemp=270
D/PowerUI ( 3327): findUsbOtg =false,supportReverseCharging =0
D/PowerUI ( 3327): oldTemp=270, mTemp=270
D/PowerUI ( 3327): findUsbOtg =false,supportReverseCharging =0
D/PowerUI ( 3327): oldTemp=270, mTemp=270
D/PowerUI ( 3327): findUsbOtg =false,supportReverseCharging =0
D/PowerUI ( 3327): oldTemp=270, mTemp=270
D/PowerUI ( 3327): findUsbOtg =false,supportReverseCharging =0
D/PowerUI ( 3327): oldTemp=270, mTemp=270
D/PowerUI ( 3327): findUsbOtg =false,supportReverseCharging =0
D/PowerUI ( 3327): oldTemp=270, mTemp=270
D/PowerUI ( 3327): findUsbOtg =false,supportReverseCharging =0
D/PowerUI ( 3327): oldTemp=270, mTemp=270
D/PowerUI ( 3327): findUsbOtg =false,supportReverseCharging =0
D/PowerUI ( 3327): oldTemp=270, mTemp=270
D/PowerUI ( 3327): findUsbOtg =false,supportReverseCharging =0
D/PowerUI ( 3327): oldTemp=270, mTemp=270
D/PowerUI ( 3327): findUsbOtg =false,supportReverseCharging =0
D/PowerUI ( 3327): oldTemp=270, mTemp=270
D/PowerUI ( 3327): findUsbOtg =false,supportReverseCharging =0
D/PowerUI ( 3327): oldTemp=270, mTemp=270
D/PowerUI ( 3327): findUsbOtg =false,supportReverseCharging =0
D/PowerUI ( 3327): oldTemp=270, mTemp=270
D/PowerUI ( 3327): findUsbOtg =false,supportReverseCharging =0
D/PowerUI ( 3327): oldTemp=270, mTemp=270
D/PowerUI ( 3327): findUsbOtg =false,supportReverseCharging =0
D/PowerUI ( 3327): oldTemp=270, mTemp=270
D/PowerUI ( 3327): findUsbOtg =false,supportReverseCharging =0
D/PowerUI ( 3327): oldTemp=270, mTemp=270
D/PowerUI ( 3327): findUsbOtg =false,supportReverseCharging =0
D/PowerUI ( 3327): oldTemp=270, mTemp=270
D/PowerUI ( 3327): findUsbOtg =false,supportReverseCharging =0
D/PowerUI ( 3327): oldTemp=270, mTemp=270
D/PowerUI ( 3327): findUsbOtg =false,supportReverseCharging =0
D/PowerUI ( 3327): oldTemp=270, mTemp=270
D/PowerUI ( 3327): findUsbOtg =false,supportReverseCharging =0
D/PowerUI ( 3327): oldTemp=270, mTemp=270
D/PowerUI ( 3327): findUsbOtg =false,supportReverseCharging =0
D/PowerUI ( 3327): oldTemp=270, mTemp=270
D/PowerUI ( 3327): findUsbOtg =false,supportReverseCharging =0
D/PowerUI ( 3327): oldTemp=270, mTemp=270
D/PowerUI ( 3327): findUsbOtg =false,supportReverseCharging =0
D/PowerUI ( 3327): oldTemp=270, mTemp=270
D/PowerUI ( 3327): findUsbOtg =false,supportReverseCharging =0
D/PowerUI ( 3327): oldTemp=270, mTemp=270
D/PowerUI ( 3327): findUsbOtg =false,supportReverseCharging =0
D/PowerUI ( 3327): oldTemp=270, mTemp=270
D/PowerUI ( 3327): findUsbOtg =false,supportReverseCharging =0
D/PowerUI ( 3327): oldTemp=270, mTemp=270
D/PowerUI ( 3327): findUsbOtg =false,supportReverseCharging =0
D/PowerUI ( 3327): oldTemp=270, mTemp=270
D/PowerUI ( 3327): findUsbOtg =false,supportReverseCharging =0
D/PowerUI ( 3327): oldTemp=270, mTemp=270
D/PowerUI ( 3327): findUsbOtg =false,supportReverseCharging =0
D/PowerUI ( 3327): oldTemp=270, mTemp=270
D/PowerUI ( 3327): findUsbOtg =false,supportReverseCharging =0
D/PowerUI ( 3327): oldTemp=270, mTemp=270
D/PowerUI ( 3327): findUsbOtg =false,supportReverseCharging =0
D/PowerUI ( 3327): oldTemp=270, mTemp=270
D/PowerUI ( 3327): findUsbOtg =false,supportReverseCharging =0
D/PowerUI ( 3327): oldTemp=270, mTemp=270
D/PowerUI ( 3327): findUsbOtg =false,supportReverseCharging =0
D/PowerUI ( 3327): oldTemp=270, mTemp=270
D/PowerUI ( 3327): findUsbOtg =false,supportReverseCharging =0
D/PowerUI ( 3327): oldTemp=270, mTemp=270
D/PowerUI ( 3327): findUsbOtg =false,supportReverseCharging =0
D/PowerUI ( 3327): oldTemp=270, mTemp=270
D/PowerUI ( 3327): findUsbOtg =false,supportReverseCharging =0
D/PowerUI ( 3327): oldTemp=270, mTemp=270
D/PowerUI ( 3327): findUsbOtg =false,supportReverseCharging =0
D/PowerUI ( 3327): oldTemp=270, mTemp=270
D/PowerUI ( 3327): findUsbOtg =false,supportReverseCharging =0
D/PowerUI ( 3327): oldTemp=270, mTemp=270
D/PowerUI ( 3327): findUsbOtg =false,supportReverseCharging =0
D/PowerUI ( 3327): oldTemp=270, mTemp=270
D/PowerUI ( 3327): findUsbOtg =false,supportReverseCharging =0
D/PowerUI ( 3327): oldTemp=270, mTemp=270
D/PowerUI ( 3327): findUsbOtg =false,supportReverseCharging =0
D/PowerUI ( 3327): oldTemp=270, mTemp=270
D/PowerUI ( 3327): findUsbOtg =false,supportReverseCharging =0
D/PowerUI ( 3327): oldTemp=270, mTemp=270
D/PowerUI ( 3327): findUsbOtg =false,supportReverseCharging =0
D/PowerUI ( 3327): oldTemp=270, mTemp=270
D/PowerUI ( 3327): findUsbOtg =false,supportReverseCharging =0
D/PowerUI ( 3327): oldTemp=270, mTemp=270
D/PowerUI ( 3327): findUsbOtg =false,supportReverseCharging =0
D/PowerUI ( 3327): oldTemp=270, mTemp=270
D/PowerUI ( 3327): findUsbOtg =false,supportReverseCharging =0
D/PowerUI ( 3327): oldTemp=270, mTemp=270
D/PowerUI ( 3327): findUsbOtg =false,supportReverseCharging =0
D/PowerUI ( 3327): oldTemp=270, mTemp=270
D/PowerUI ( 3327): findUsbOtg =false,supportReverseCharging =0
D/PowerUI ( 3327): oldTemp=270, mTemp=270
D/PowerUI ( 3327): findUsbOtg =false,supportReverseCharging =0
D/PowerUI ( 3327): oldTemp=270, mTemp=270
D/PowerUI ( 3327): findUsbOtg =false,supportReverseCharging =0
D/PowerUI ( 3327): oldTemp=270, mTemp=270
D/PowerUI ( 3327): findUsbOtg =false,supportReverseCharging =0
D/PowerUI ( 3327): oldTemp=270, mTemp=270
D/PowerUI ( 3327): findUsbOtg =false,supportReverseCharging =0
D/PowerUI ( 3327): oldTemp=270, mTemp=270
D/PowerUI ( 3327): findUsbOtg =false,supportReverseCharging =0
D/PowerUI ( 3327): oldTemp=270, mTemp=270
D/PowerUI ( 3327): findUsbOtg =false,supportReverseCharging =0
D/PowerUI ( 3327): oldTemp=270, mTemp=270
D/PowerUI ( 3327): findUsbOtg =false,supportReverseCharging =0
D/PowerUI ( 3327): oldTemp=270, mTemp=270
D/PowerUI ( 3327): findUsbOtg =false,supportReverseCharging =0
D/PowerUI ( 3327): oldTemp=270, mTemp=270
D/PowerUI ( 3327): findUsbOtg =false,supportReverseCharging =0
D/PowerUI ( 3327): oldTemp=270, mTemp=270
D/PowerUI ( 3327): findUsbOtg =false,supportReverseCharging =0
D/PowerUI ( 3327): oldTemp=270, mTemp=270
D/PowerUI ( 3327): findUsbOtg =false,supportReverseCharging =0
D/PowerUI ( 3327): oldTemp=270, mTemp=270
D/PowerUI ( 3327): findUsbOtg =false,supportReverseCharging =0
D/PowerUI ( 3327): oldTemp=270, mTemp=270
D/PowerUI ( 3327): findUsbOtg =false,supportReverseCharging =0
D/PowerUI ( 3327): oldTemp=270, mTemp=270
D/PowerUI ( 3327): findUsbOtg =false,supportReverseCharging =0
D/PowerUI ( 3327): oldTemp=270, mTemp=270
D/PowerUI ( 3327): findUsbOtg =false,supportReverseCharging =0
D/PowerUI ( 3327): oldTemp=270, mTemp=270
D/PowerUI ( 3327): findUsbOtg =false,supportReverseCharging =0
D/PowerUI ( 3327): oldTemp=270, mTemp=270
D/PowerUI ( 3327): findUsbOtg =false,supportReverseCharging =0
D/PowerUI ( 3327): oldTemp=270, mTemp=270
D/PowerUI ( 3327): findUsbOtg =false,supportReverseCharging =0
D/PowerUI ( 3327): oldTemp=270, mTemp=270
D/PowerUI ( 3327): findUsbOtg =false,supportReverseCharging =0
D/PowerUI ( 3327): oldTemp=270, mTemp=270
D/PowerUI ( 3327): findUsbOtg =false,supportReverseCharging =0
D/PowerUI ( 3327): oldTemp=270, mTemp=270
D/PowerUI ( 3327): findUsbOtg =false,supportReverseCharging =0
D/PowerUI ( 3327): oldTemp=270, mTemp=270
D/PowerUI ( 3327): findUsbOtg =false,supportReverseCharging =0
D/PowerUI ( 3327): oldTemp=270, mTemp=270
D/PowerUI ( 3327): findUsbOtg =false,supportReverseCharging =0
D/PowerUI ( 3327): oldTemp=270, mTemp=270
D/PowerUI ( 3327): findUsbOtg =false,supportReverseCharging =0
D/PowerUI ( 3327): oldTemp=270, mTemp=270
D/PowerUI ( 3327): findUsbOtg =false,supportReverseCharging =0
D/PowerUI ( 3327): oldTemp=270, mTemp=270
D/PowerUI ( 3327): findUsbOtg =false,supportReverseCharging =0
D/PowerUI ( 3327): oldTemp=270, mTemp=270
D/PowerUI ( 3327): findUsbOtg =false,supportReverseCharging =0
D/PowerUI ( 3327): oldTemp=270, mTemp=270
D/PowerUI ( 3327): findUsbOtg =false,supportReverseCharging =0
D/PowerUI ( 3327): oldTemp=270, mTemp=270
D/PowerUI ( 3327): findUsbOtg =false,supportReverseCharging =0
D/PowerUI ( 3327): oldTemp=270, mTemp=270
D/PowerUI ( 3327): findUsbOtg =false,supportReverseCharging =0
D/PowerUI ( 3327): oldTemp=270, mTemp=270
D/PowerUI ( 3327): findUsbOtg =false,supportReverseCharging =0
D/PowerUI ( 3327): oldTemp=270, mTemp=270
D/PowerUI ( 3327): findUsbOtg =false,supportReverseCharging =0
D/PowerUI ( 3327): oldTemp=270, mTemp=270
D/PowerUI ( 3327): findUsbOtg =false,supportReverseCharging =0
D/PowerUI ( 3327): oldTemp=270, mTemp=270
D/PowerUI ( 3327): findUsbOtg =false,supportReverseCharging =0
D/PowerUI ( 3327): oldTemp=270, mTemp=270
D/PowerUI ( 3327): findUsbOtg =false,supportReverseCharging =0
D/PowerUI ( 3327): oldTemp=270, mTemp=270
D/PowerUI ( 3327): findUsbOtg =false,supportReverseCharging =0
D/PowerUI ( 3327): oldTemp=270, mTemp=270
D/PowerUI ( 3327): findUsbOtg =false,supportReverseCharging =0
D/PowerUI ( 3327): oldTemp=270, mTemp=270
D/PowerUI ( 3327): findUsbOtg =false,supportReverseCharging =0
D/PowerUI ( 3327): oldTemp=270, mTemp=270
D/PowerUI ( 3327): findUsbOtg =false,supportReverseCharging =0
D/PowerUI ( 3327): oldTemp=270, mTemp=270
D/PowerUI ( 3327): findUsbOtg =false,supportReverseCharging =0
D/PowerUI ( 3327): oldTemp=270, mTemp=270
D/PowerUI ( 3327): findUsbOtg =false,supportReverseCharging =0
D/PowerUI ( 3327): oldTemp=270, mTemp=270
D/PowerUI ( 3327): findUsbOtg =false,supportReverseCharging =0
D/PowerUI ( 3327): oldTemp=270, mTemp=270
D/PowerUI ( 3327): findUsbOtg =false,supportReverseCharging =0
D/PowerUI ( 3327): oldTemp=270, mTemp=270
D/PowerUI ( 3327): findUsbOtg =false,supportReverseCharging =0
D/PowerUI ( 3327): oldTemp=270, mTemp=270
D/PowerUI ( 3327): findUsbOtg =false,supportReverseCharging =0
D/PowerUI ( 3327): oldTemp=270, mTemp=270
D/PowerUI ( 3327): findUsbOtg =false,supportReverseCharging =0
D/PowerUI ( 3327): oldTemp=270, mTemp=270
D/PowerUI ( 3327): findUsbOtg =false,supportReverseCharging =0
D/PowerUI ( 3327): oldTemp=270, mTemp=270
D/PowerUI ( 3327): findUsbOtg =false,supportReverseCharging =0
D/PowerUI ( 3327): oldTemp=270, mTemp=270
D/PowerUI ( 3327): findUsbOtg =false,supportReverseCharging =0
D/PowerUI ( 3327): oldTemp=270, mTemp=270
D/PowerUI ( 3327): findUsbOtg =false,supportReverseCharging =0
D/PowerUI ( 3327): oldTemp=270, mTemp=270
D/PowerUI ( 3327): findUsbOtg =false,supportReverseCharging =0
D/PowerUI ( 3327): oldTemp=270, mTemp=270
D/PowerUI ( 3327): findUsbOtg =false,supportReverseCharging =0
D/PowerUI ( 3327): oldTemp=270, mTemp=270
D/PowerUI ( 3327): findUsbOtg =false,supportReverseCharging =0
D/PowerUI ( 3327): oldTemp=270, mTemp=270
D/PowerUI ( 3327): findUsbOtg =false,supportReverseCharging =0
D/PowerUI ( 3327): oldTemp=270, mTemp=270
D/PowerUI ( 3327): findUsbOtg =false,supportReverseCharging =0
D/PowerUI ( 3327): oldTemp=270, mTemp=270
D/PowerUI ( 3327): findUsbOtg =false,supportReverseCharging =0
D/PowerUI ( 3327): oldTemp=270, mTemp=270
D/PowerUI ( 3327): findUsbOtg =false,supportReverseCharging =0
D/PowerUI ( 3327): oldTemp=270, mTemp=270
D/PowerUI ( 3327): findUsbOtg =false,supportReverseCharging =0
D/PowerUI ( 3327): oldTemp=270, mTemp=270
D/PowerUI ( 3327): findUsbOtg =false,supportReverseCharging =0
D/PowerUI ( 3327): oldTemp=270, mTemp=270
D/PowerUI ( 3327): findUsbOtg =false,supportReverseCharging =0
D/PowerUI ( 3327): oldTemp=270, mTemp=270
D/PowerUI ( 3327): findUsbOtg =false,supportReverseCharging =0
D/PowerUI ( 3327): oldTemp=270, mTemp=270
D/PowerUI ( 3327): findUsbOtg =false,supportReverseCharging =0
D/PowerUI ( 3327): oldTemp=270, mTemp=270
D/PowerUI ( 3327): findUsbOtg =false,supportReverseCharging =0
D/PowerUI ( 3327): oldTemp=270, mTemp=270
D/PowerUI ( 3327): findUsbOtg =false,supportReverseCharging =0
D/PowerUI ( 3327): oldTemp=270, mTemp=270
D/PowerUI ( 3327): findUsbOtg =false,supportReverseCharging =0
D/PowerUI ( 3327): oldTemp=270, mTemp=270
D/PowerUI ( 3327): findUsbOtg =false,supportReverseCharging =0
D/PowerUI ( 3327): oldTemp=270, mTemp=270
D/PowerUI ( 3327): findUsbOtg =false,supportReverseCharging =0
D/PowerUI ( 3327): oldTemp=270, mTemp=270
D/PowerUI ( 3327): findUsbOtg =false,supportReverseCharging =0
D/PowerUI ( 3327): oldTemp=270, mTemp=270
D/PowerUI ( 3327): findUsbOtg =false,supportReverseCharging =0
D/PowerUI ( 3327): oldTemp=270, mTemp=270
D/PowerUI ( 3327): findUsbOtg =false,supportReverseCharging =0
D/PowerUI ( 3327): oldTemp=270, mTemp=270
D/PowerUI ( 3327): findUsbOtg =false,supportReverseCharging =0
D/PowerUI ( 3327): oldTemp=270, mTemp=270
D/PowerUI ( 3327): findUsbOtg =false,supportReverseCharging =0
D/PowerUI ( 3327): oldTemp=270, mTemp=270
D/PowerUI ( 3327): findUsbOtg =false,supportReverseCharging =0
D/PowerUI ( 3327): oldTemp=270, mTemp=270
D/PowerUI ( 3327): findUsbOtg =false,supportReverseCharging =0
D/PowerUI ( 3327): oldTemp=270, mTemp=270
D/PowerUI ( 3327): findUsbOtg =false,supportReverseCharging =0
D/PowerUI ( 3327): oldTemp=270, mTemp=270
D/PowerUI ( 3327): findUsbOtg =false,supportReverseCharging =0
D/PowerUI ( 3327): oldTemp=270, mTemp=270
D/PowerUI ( 3327): findUsbOtg =false,supportReverseCharging =0
D/PowerUI ( 3327): oldTemp=270, mTemp=270
D/PowerUI ( 3327): findUsbOtg =false,supportReverseCharging =0
D/PowerUI ( 3327): oldTemp=270, mTemp=270
D/PowerUI ( 3327): findUsbOtg =false,supportReverseCharging =0
D/PowerUI ( 3327): oldTemp=270, mTemp=270
D/PowerUI ( 3327): findUsbOtg =false,supportReverseCharging =0
D/PowerUI ( 3327): oldTemp=270, mTemp=270
D/PowerUI ( 3327): findUsbOtg =false,supportReverseCharging =0
D/PowerUI ( 3327): oldTemp=270, mTemp=270
D/PowerUI ( 3327): findUsbOtg =false,supportReverseCharging =0
D/PowerUI ( 3327): oldTemp=270, mTemp=270
D/PowerUI ( 3327): findUsbOtg =false,supportReverseCharging =0
D/PowerUI ( 3327): oldTemp=270, mTemp=270
D/PowerUI ( 3327): findUsbOtg =false,supportReverseCharging =0
D/PowerUI ( 3327): oldTemp=270, mTemp=270
D/PowerUI ( 3327): findUsbOtg =false,supportReverseCharging =0
D/PowerUI ( 3327): oldTemp=270, mTemp=270
D/PowerUI ( 3327): findUsbOtg =false,supportReverseCharging =0
D/PowerUI ( 3327): oldTemp=270, mTemp=270
D/PowerUI ( 3327): findUsbOtg =false,supportReverseCharging =0
D/PowerUI ( 3327): oldTemp=270, mTemp=270
D/PowerUI ( 3327): findUsbOtg =false,supportReverseCharging =0
D/PowerUI ( 3327): oldTemp=270, mTemp=270
D/PowerUI ( 3327): findUsbOtg =false,supportReverseCharging =0
D/PowerUI ( 3327): oldTemp=270, mTemp=270
D/PowerUI ( 3327): findUsbOtg =false,supportReverseCharging =0
D/PowerUI ( 3327): oldTemp=270, mTemp=270
D/PowerUI ( 3327): findUsbOtg =false,supportReverseCharging =0
D/PowerUI ( 3327): oldTemp=270, mTemp=270
