D/PowerUI ( 3327): oldTemp=280, mTemp=280
D/PowerUI ( 3327): findUsbOtg =false,supportReverseCharging =0
D/PowerUI ( 3327): oldTemp=280, mTemp=280
D/PowerUI ( 3327): findUsbOtg =false,supportReverseCharging =0
D/PowerUI ( 3327): oldTemp=280, mTemp=280
D/PowerUI ( 3327): findUsbOtg =false,supportReverseCharging =0
D/PowerUI ( 3327): oldTemp=280, mTemp=280
D/PowerUI ( 3327): findUsbOtg =false,supportReverseCharging =0
D/PowerUI ( 3327): oldTemp=280, mTemp=280
D/PowerUI ( 3327): findUsbOtg =false,supportReverseCharging =0
D/PowerUI ( 3327): oldTemp=280, mTemp=280
D/PowerUI ( 3327): findUsbOtg =false,supportReverseCharging =0
D/PowerUI ( 3327): oldTemp=280, mTemp=280
D/PowerUI ( 3327): findUsbOtg =false,supportReverseCharging =0
D/PowerUI ( 3327): oldTemp=280, mTemp=280
D/PowerUI ( 3327): findUsbOtg =false,supportReverseCharging =0
D/PowerUI ( 3327): oldTemp=280, mTemp=280
D/PowerUI ( 3327): findUsbOtg =false,supportReverseCharging =0
D/PowerUI ( 3327): oldTemp=280, mTemp=280
D/PowerUI ( 3327): findUsbOtg =false,supportReverseCharging =0
D/PowerUI ( 3327): oldTemp=280, mTemp=280
D/PowerUI ( 3327): findUsbOtg =false,supportReverseCharging =0
D/PowerUI ( 3327): oldTemp=280, mTemp=280
D/PowerUI ( 3327): findUsbOtg =false,supportReverseCharging =0
D/PowerUI ( 3327): oldTemp=280, mTemp=280
D/PowerUI ( 3327): findUsbOtg =false,supportReverseCharging =0
D/PowerUI ( 3327): oldTemp=280, mTemp=280
D/PowerUI ( 3327): findUsbOtg =false,supportReverseCharging =0
D/PowerUI ( 3327): oldTemp=280, mTemp=280
D/PowerUI ( 3327): findUsbOtg =false,supportReverseCharging =0
D/PowerUI ( 3327): oldTemp=280, mTemp=280
D/PowerUI ( 3327): findUsbOtg =false,supportReverseCharging =0
D/PowerUI ( 3327): oldTemp=280, mTemp=280
D/PowerUI ( 3327): findUsbOtg =false,supportReverseCharging =0
D/PowerUI ( 3327): oldTemp=280, mTemp=280
D/PowerUI ( 3327): findUsbOtg =false,supportReverseCharging =0
D/PowerUI ( 3327): oldTemp=280, mTemp=280
D/PowerUI ( 3327): findUsbOtg =false,supportReverseCharging =0
D/PowerUI ( 3327): oldTemp=280, mTemp=280
D/PowerUI ( 3327): findUsbOtg =false,supportReverseCharging =0
D/PowerUI ( 3327): oldTemp=280, mTemp=280
D/PowerUI ( 3327): findUsbOtg =false,supportReverseCharging =0
D/PowerUI ( 3327): oldTemp=280, mTemp=280
D/PowerUI ( 3327): findUsbOtg =false,supportReverseCharging =0
D/PowerUI ( 3327): oldTemp=280, mTemp=280
D/PowerUI ( 3327): findUsbOtg =false,supportReverseCharging =0
D/PowerUI ( 3327): oldTemp=280, mTemp=280
D/PowerUI ( 3327): findUsbOtg =false,supportReverseCharging =0
D/PowerUI ( 3327): oldTemp=280, mTemp=280
D/PowerUI ( 3327): findUsbOtg =false,supportReverseCharging =0
D/PowerUI ( 3327): oldTemp=280, mTemp=280
D/PowerUI ( 3327): findUsbOtg =false,supportReverseCharging =0
D/PowerUI ( 3327): oldTemp=280, mTemp=280
D/PowerUI ( 3327): findUsbOtg =false,supportReverseCharging =0
D/PowerUI ( 3327): oldTemp=280, mTemp=280
D/PowerUI ( 3327): findUsbOtg =false,supportReverseCharging =0
D/PowerUI ( 3327): oldTemp=280, mTemp=280
D/PowerUI ( 3327): findUsbOtg =false,supportReverseCharging =0
D/PowerUI ( 3327): oldTemp=280, mTemp=280
D/PowerUI ( 3327): findUsbOtg =false,supportReverseCharging =0
D/PowerUI ( 3327): oldTemp=280, mTemp=280
D/PowerUI ( 3327): findUsbOtg =false,supportReverseCharging =0
D/PowerUI ( 3327): oldTemp=280, mTemp=280
D/PowerUI ( 3327): findUsbOtg =false,supportReverseCharging =0
D/PowerUI ( 3327): oldTemp=280, mTemp=280
I/chatty  ( 4034): uid=1000(system) com.asus.audiowizard expire 2 lines
D/PowerUI ( 3327): findUsbOtg =false,supportReverseCharging =0
D/PowerUI ( 3327): oldTemp=280, mTemp=280
I/chatty  ( 1685): uid=1000 system_server expire 10 lines
I/chatty  ( 1685): uid=1000(system) android.ui expire 12 lines
I/chatty  ( 1685): uid=1000(system) android.bg expire 10 lines
D/Systemui.doubletap( 3327): onDown!
I/chatty  ( 1685): uid=1000(system) Binder_4 expire 10 lines
V/KeyguardDisplayManager( 3327): hide
I/chatty  ( 5910): uid=1000(system) com.asus.services expire 10 lines
I/chatty  ( 1685): uid=1000(system) NetdConnector expire 18 lines
I/chatty  ( 1685): uid=1000(system) ConnectivitySer expire 47 lines
I/chatty  ( 4198): uid=1000(system) com.asus.dm expire 6 lines
I/chatty  ( 1685): uid=1000(system) Binder_9 expire 10 lines
W/ActivityThread(27528): ClassLoader.loadClass: The class loader returned by Thread.getContextClassLoader() may fail for processes that host multiple applications. You should explicitly specify a context class loader. For example: Thread.setContextClassLoader(getClass().getClassLoader());
I/chatty  ( 1685): uid=1000(system) Binder_3 expire 11 lines
I/chatty  ( 1685): uid=1000(system) ActivityManager expire 38 lines
I/chatty  ( 1685): uid=1000(system) PackageManager expire 2 lines
I/chatty  ( 1685): uid=1000(system) Binder_6 expire 10 lines
E/ActivityThread(29007): Failed to find provider info for com.google.android.apps.wellbeing.api
D/Systemui.doubletap( 3327): onDown!
D/Systemui.doubletap( 3327): onDown!
D/Systemui.doubletap( 3327): onDown!
I/chatty  ( 1685): uid=1000(system) Binder_A expire 15 lines
I/chatty  ( 1685): uid=1000(system) NetdConnector expire 11 lines
I/chatty  ( 5910): uid=1000(system) measurement-1 expire 6 lines
I/chatty  ( 1685): uid=1000(system) ConnectivitySer expire 14 lines
D/PowerUI ( 3327): findUsbOtg =false,supportReverseCharging =0
D/PowerUI ( 3327): oldTemp=280, mTemp=280
I/chatty  ( 1685): uid=1000(system) NetdConnector expire 15 lines
I/chatty  ( 1685): uid=1000(system) NetworkStats expire 20 lines
W/ActivityThread(29747): ClassLoader.loadClass: The class loader returned by Thread.getContextClassLoader() may fail for processes that host multiple applications. You should explicitly specify a context class loader. For example: Thread.setContextClassLoader(getClass().getClassLoader());
I/chatty  ( 1685): uid=1000 system_server expire 12 lines
D/Systemui.doubletap( 3327): onDown!
D/Systemui.doubletap( 3327): onDown!
I/chatty  ( 1685): uid=1000(system) NetdConnector expire 17 lines
I/chatty  ( 1685): uid=1000(system) NetworkStats expire 20 lines
I/chatty  ( 5910): uid=1000(system) com.asus.services expire 10 lines
E/ActivityThread(30231): Failed to find provider info for com.facebook.appmanager.nekodirect
I/chatty  ( 1685): uid=1000(system) ConnectivitySer expire 15 lines
I/chatty  ( 1685): uid=1000(system) android.ui expire 3 lines
D/PowerUI ( 3327): findUsbOtg =false,supportReverseCharging =0
D/PowerUI ( 3327): oldTemp=280, mTemp=280
I/chatty  ( 1685): uid=1000(system) NetworkStats expire 13 lines
I/chatty  ( 1685): uid=1000(system) NetdConnector expire 10 lines
I/chatty  ( 1685): uid=1000(system) ActivityManager expire 11 lines
I/chatty  ( 1685): uid=1000(system) Binder_D expire 8 lines
I/chatty  ( 1685): uid=1000(system) Binder_5 expire 13 lines
D/PowerUI ( 3327): findUsbOtg =false,supportReverseCharging =0
D/PowerUI ( 3327): oldTemp=280, mTemp=270
D/PowerUI ( 3327): findUsbOtg =false,supportReverseCharging =0
D/PowerUI ( 3327): oldTemp=270, mTemp=270
D/PowerUI ( 3327): findUsbOtg =false,supportReverseCharging =0
D/PowerUI ( 3327): oldTemp=270, mTemp=270
I/chatty  ( 1685): uid=1000(system) UEventObserver expire 10 lines
D/PowerUI ( 3327): findUsbOtg =false,supportReverseCharging =0
D/PowerUI ( 3327): oldTemp=270, mTemp=270
I/chatty  ( 1685): uid=1000(system) Binder_10 expire 10 lines
I/chatty  ( 1685): uid=1000(system) Binder_F expire 12 lines
I/chatty  ( 1685): uid=1000(system) Binder_2 expire 9 lines
I/chatty  (30018): uid=1000(system) expire 2 lines
V/QSTile.BoostTile( 3327): Exec recent boost !
I/chatty  ( 1685): uid=1000(system) Binder_B expire 10 lines
I/chatty  ( 1685): uid=1000(system) ActivityManager expire 10 lines
I/chatty  ( 1685): uid=1000(system) ConnectivitySer expire 71 lines
I/chatty  ( 1685): uid=1000(system) Binder_9 expire 8 lines
D/Systemui.doubletap( 3327): onDown!
D/Systemui.doubletap( 3327): onDown!
I/chatty  ( 1685): uid=1000(system) Binder_7 expire 7 lines
I/chatty  ( 5910): uid=1000(system) com.asus.services expire 10 lines
I/chatty  ( 1685): uid=1000(system) Binder_5 expire 5 lines
E/NetlinkEvent(  576): NetlinkEvent::FindParam(): Parameter 'UID' not found
E/NetlinkEvent(  576): NetlinkEvent::FindParam(): Parameter 'UID' not found
E/NetlinkEvent(  576): NetlinkEvent::FindParam(): Parameter 'UID' not found
E/NetlinkEvent(  576): NetlinkEvent::FindParam(): Parameter 'UID' not found
I/chatty  ( 1685): uid=1000(system) NetworkPolicy expire 20 lines
E/NetlinkEvent(  576): NetlinkEvent::FindParam(): Parameter 'UID' not found
E/NetlinkEvent(  576): NetlinkEvent::FindParam(): Parameter 'UID' not found
D/PowerUI ( 3327): findUsbOtg =false,supportReverseCharging =0
D/PowerUI ( 3327): oldTemp=270, mTemp=270
E/NetlinkEvent(  576): NetlinkEvent::FindParam(): Parameter 'UID' not found
I/chatty  ( 1685): uid=1000(system) NetdConnector expire 54 lines
I/chatty  ( 1685): uid=1000 system_server expire 13 lines
E/NetlinkEvent(  576): NetlinkEvent::FindParam(): Parameter 'UID' not found
I/chatty  ( 1685): uid=1000(system) ActivityManager expire 12 lines
E/NetlinkEvent(  576): NetlinkEvent::FindParam(): Parameter 'UID' not found
E/NetlinkEvent(  576): NetlinkEvent::FindParam(): Parameter 'UID' not found
E/NetlinkEvent(  576): NetlinkEvent::FindParam(): Parameter 'UID' not found
I/chatty  ( 1685): uid=1000(system) android.bg expire 7 lines
E/NetlinkEvent(  576): NetlinkEvent::FindParam(): Parameter 'UID' not found
E/NetlinkEvent(  576): NetlinkEvent::FindParam(): Parameter 'UID' not found
E/NetlinkEvent(  576): NetlinkEvent::FindParam(): Parameter 'UID' not found
E/NetlinkEvent(  576): NetlinkEvent::FindParam(): Parameter 'UID' not found
I/chatty  ( 1685): uid=1000(system) WifiStateMachin expire 13 lines
I/chatty  ( 1685): uid=1000(system) Binder_1 expire 4 lines
I/chatty  ( 1685): uid=1000(system) Binder_E expire 8 lines
D/PowerUI ( 3327): findUsbOtg =false,supportReverseCharging =0
D/PowerUI ( 3327): oldTemp=270, mTemp=270
I/chatty  ( 1685): uid=1000(system) ActivityManager expire 15 lines
D/MtpServerJAVA(30038): native_check return FALSE.
I/chatty  ( 1685): uid=1000(system) NetdConnector expire 50 lines
D/PowerUI ( 3327): findUsbOtg =false,supportReverseCharging =0
D/PowerUI ( 3327): oldTemp=270, mTemp=270
I/chatty  ( 1685): uid=1000(system) backup expire 6 lines
D/PowerUI ( 3327): findUsbOtg =false,supportReverseCharging =0
D/PowerUI ( 3327): oldTemp=270, mTemp=270
D/PowerUI ( 3327): findUsbOtg =false,supportReverseCharging =0
D/PowerUI ( 3327): oldTemp=270, mTemp=270
D/MtpServerJAVA(30038): native_check return FALSE.
D/PowerUI ( 3327): findUsbOtg =false,supportReverseCharging =0
D/PowerUI ( 3327): oldTemp=270, mTemp=270
I/chatty  ( 1685): uid=1000 system_server expire 11 lines
D/PowerUI ( 3327): findUsbOtg =false,supportReverseCharging =0
D/PowerUI ( 3327): oldTemp=270, mTemp=270
D/PowerUI ( 3327): findUsbOtg =false,supportReverseCharging =0
D/PowerUI ( 3327): oldTemp=270, mTemp=270
D/PowerUI ( 3327): findUsbOtg =false,supportReverseCharging =0
D/PowerUI ( 3327): oldTemp=270, mTemp=270
D/PowerUI ( 3327): findUsbOtg =false,supportReverseCharging =0
D/PowerUI ( 3327): oldTemp=270, mTemp=270
I/chatty  (31022): uid=1000(system) expire 1 line
I/chatty  ( 1685): uid=1000(system) Binder_10 expire 3 lines
I/chatty  ( 1685): uid=1000(system) Binder_F expire 5 lines
I/chatty  ( 1685): uid=1000(system) Binder_4 expire 6 lines
W/ActivityThread(32114): ClassLoader.loadClass: The class loader returned by Thread.getContextClassLoader() may fail for processes that host multiple applications. You should explicitly specify a context class loader. For example: Thread.setContextClassLoader(getClass().getClassLoader());
I/chatty  ( 1685): uid=1000(system) Binder_6 expire 2 lines
D/Systemui.doubletap( 3327): onDown!
D/Systemui.doubletap( 3327): onDown!
I/chatty  ( 1685): uid=1000(system) Binder_B expire 5 lines
I/chatty  ( 1685): uid=1000(system) WifiStateMachin expire 13 lines
I/chatty  ( 1685): uid=1000(system) ConnectivitySer expire 64 lines
I/chatty  ( 1685): uid=1000(system) NetworkPolicy expire 20 lines
I/chatty  ( 1685): uid=1000(system) Binder_3 expire 2 lines
I/chatty  ( 1685): uid=1000(system) Binder_8 expire 4 lines
I/chatty  ( 1685): uid=1000(system) WifiP2pService expire 4 lines
D/PowerUI ( 3327): findUsbOtg =false,supportReverseCharging =0
D/PowerUI ( 3327): oldTemp=270, mTemp=280
D/PowerUI ( 3327): findUsbOtg =false,supportReverseCharging =0
D/PowerUI ( 3327): oldTemp=280, mTemp=280
I/chatty  ( 1685): uid=1000(system) ActivityManager expire 11 lines
D/PowerUI ( 3327): findUsbOtg =false,supportReverseCharging =0
D/PowerUI ( 3327): oldTemp=280, mTemp=280
I/chatty  ( 5910): uid=1000(system) com.asus.services expire 10 lines
D/PowerUI ( 3327): findUsbOtg =false,supportReverseCharging =0
D/PowerUI ( 3327): oldTemp=280, mTemp=280
I/chatty  ( 1685): uid=1000(system) ConnectivitySer expire 2 lines
I/chatty  (  392): uid=1000(system) expire 2 lines
D/PowerUI ( 3327): findUsbOtg =false,supportReverseCharging =0
D/PowerUI ( 3327): oldTemp=280, mTemp=280
D/MtpServerJAVA(30038): native_check return FALSE.
D/PowerUI ( 3327): findUsbOtg =false,supportReverseCharging =0
D/PowerUI ( 3327): oldTemp=280, mTemp=280
I/chatty  ( 1685): uid=1000(system) UEventObserver expire 6 lines
I/chatty  ( 1685): uid=1000 system_server expire 5 lines
D/PowerUI ( 3327): findUsbOtg =false,supportReverseCharging =0
D/PowerUI ( 3327): oldTemp=280, mTemp=280
D/PowerUI ( 3327): findUsbOtg =false,supportReverseCharging =0
D/PowerUI ( 3327): oldTemp=280, mTemp=280
D/MtpServerJAVA(30038): native_check return FALSE.
D/PowerUI ( 3327): findUsbOtg =false,supportReverseCharging =0
D/PowerUI ( 3327): oldTemp=280, mTemp=280
I/chatty  (  376): uid=1000(system) expire 5 lines
D/PowerUI ( 3327): findUsbOtg =false,supportReverseCharging =0
D/PowerUI ( 3327): oldTemp=280, mTemp=280
D/PowerUI ( 3327): findUsbOtg =false,supportReverseCharging =0
D/PowerUI ( 3327): oldTemp=280, mTemp=280
D/PowerUI ( 3327): findUsbOtg =false,supportReverseCharging =0
D/PowerUI ( 3327): oldTemp=280, mTemp=280
I/chatty  ( 1685): uid=1000(system) UEventObserver expire 13 lines
I/chatty  ( 1685): uid=1000(system) ActivityManager expire 11 lines
I/chatty  ( 1685): uid=1000 system_server expire 10 lines
I/chatty  ( 5910): uid=1000(system) com.asus.services expire 10 lines
I/chatty  (  462): uid=1000(system) expire 8 lines
I/chatty  ( 1685): uid=1000(system) Binder_8 expire 10 lines
D/PowerUI ( 3327): findUsbOtg =false,supportReverseCharging =0
D/PowerUI ( 3327): oldTemp=280, mTemp=280
I/chatty  ( 5910): uid=1000(system) measurement-1 expire 10 lines
I/chatty  ( 1685): uid=1000(system) Binder_6 expire 11 lines
I/chatty  ( 1685): uid=1000(system) Binder_A expire 11 lines
I/chatty  ( 1685): uid=1000(system) ConnectivitySer expire 10 lines
E/NetlinkEvent(  576): NetlinkEvent::FindParam(): Parameter 'UID' not found
I/chatty  ( 1685): uid=1000(system) NetdConnector expire 10 lines
E/NetlinkEvent(  576): NetlinkEvent::FindParam(): Parameter 'UID' not found
E/NetlinkEvent(  576): NetlinkEvent::FindParam(): Parameter 'UID' not found
E/NetlinkEvent(  576): NetlinkEvent::FindParam(): Parameter 'UID' not found
E/NetlinkEvent(  576): NetlinkEvent::FindParam(): Parameter 'UID' not found
E/NetlinkEvent(  576): NetlinkEvent::FindParam(): Parameter 'UID' not found
E/NetlinkEvent(  576): NetlinkEvent::FindParam(): Parameter 'UID' not found
D/PowerUI ( 3327): findUsbOtg =false,supportReverseCharging =0
D/PowerUI ( 3327): oldTemp=280, mTemp=270
D/PowerUI ( 3327): findUsbOtg =false,supportReverseCharging =0
D/PowerUI ( 3327): oldTemp=270, mTemp=270
E/NetlinkEvent(  576): NetlinkEvent::FindParam(): Parameter 'UID' not found
E/NetlinkEvent(  576): NetlinkEvent::FindParam(): Parameter 'UID' not found
E/NetlinkEvent(  576): NetlinkEvent::FindParam(): Parameter 'UID' not found
E/NetlinkEvent(  576): NetlinkEvent::FindParam(): Parameter 'UID' not found
I/chatty  ( 1685): uid=1000(system) NetdConnector expire 10 lines
E/NetlinkEvent(  576): NetlinkEvent::FindParam(): Parameter 'UID' not found
E/NetlinkEvent(  576): NetlinkEvent::FindParam(): Parameter 'UID' not found
E/NetlinkEvent(  576): NetlinkEvent::FindParam(): Parameter 'UID' not found
E/NetlinkEvent(  576): NetlinkEvent::FindParam(): Parameter 'UID' not found
E/NetlinkEvent(  576): NetlinkEvent::FindParam(): Parameter 'UID' not found
E/NetlinkEvent(  576): NetlinkEvent::FindParam(): Parameter 'UID' not found
E/NetlinkEvent(  576): NetlinkEvent::FindParam(): Parameter 'UID' not found
E/NetlinkEvent(  576): NetlinkEvent::FindParam(): Parameter 'UID' not found
E/NetlinkEvent(  576): NetlinkEvent::FindParam(): Parameter 'UID' not found
E/NetlinkEvent(  576): NetlinkEvent::FindParam(): Parameter 'UID' not found
I/chatty  ( 1685): uid=1000(system) NetdConnector expire 10 lines
E/NetlinkEvent(  576): NetlinkEvent::FindParam(): Parameter 'UID' not found
I/chatty  ( 1685): uid=1000(system) android.bg expire 10 lines
E/NetlinkEvent(  576): NetlinkEvent::FindParam(): Parameter 'UID' not found
E/NetlinkEvent(  576): NetlinkEvent::FindParam(): Parameter 'UID' not found
E/NetlinkEvent(  576): NetlinkEvent::FindParam(): Parameter 'UID' not found
E/NetlinkEvent(  576): NetlinkEvent::FindParam(): Parameter 'UID' not found
D/PowerUI ( 3327): findUsbOtg =false,supportReverseCharging =0
D/PowerUI ( 3327): oldTemp=270, mTemp=270
E/ActivityThread(30231): Failed to find provider info for com.facebook.services.configuration
E/ActivityThread(30231): Failed to find provider info for com.facebook.services.configuration
E/ActivityThread(30231): Failed to find provider info for com.facebook.services.configuration
E/ActivityThread(30231): Failed to find provider info for com.facebook.services.configuration
E/ActivityThread(30231): Failed to find provider info for com.facebook.services.configuration
E/ActivityThread(30231): Failed to find provider info for com.facebook.services.configuration
E/ActivityThread(30231): Failed to find provider info for com.facebook.services.configuration
W/ActivityThread(  985): ClassLoader.loadClass: The class loader returned by Thread.getContextClassLoader() may fail for processes that host multiple applications. You should explicitly specify a context class loader. For example: Thread.setContextClassLoader(getClass().getClassLoader());
I/chatty  ( 1685): uid=1000(system) Binder_4 expire 12 lines
E/NetlinkEvent(  576): NetlinkEvent::FindParam(): Parameter 'UID' not found
E/NetlinkEvent(  576): NetlinkEvent::FindParam(): Parameter 'UID' not found
E/NetlinkEvent(  576): NetlinkEvent::FindParam(): Parameter 'UID' not found
D/PowerUI ( 3327): findUsbOtg =false,supportReverseCharging =0
D/PowerUI ( 3327): oldTemp=270, mTemp=270
I/chatty  ( 1685): uid=1000(system) NetworkStats expire 13 lines
I/chatty  ( 1685): uid=1000(system) NetdConnector expire 10 lines
E/NetlinkEvent(  576): NetlinkEvent::FindParam(): Parameter 'UID' not found
E/NetlinkEvent(  576): NetlinkEvent::FindParam(): Parameter 'UID' not found
E/NetlinkEvent(  576): NetlinkEvent::FindParam(): Parameter 'UID' not found
E/NetlinkEvent(  576): NetlinkEvent::FindParam(): Parameter 'UID' not found
E/NetlinkEvent(  576): NetlinkEvent::FindParam(): Parameter 'UID' not found
E/NetlinkEvent(  576): NetlinkEvent::FindParam(): Parameter 'UID' not found
E/NetlinkEvent(  576): NetlinkEvent::FindParam(): Parameter 'UID' not found
E/NetlinkEvent(  576): NetlinkEvent::FindParam(): Parameter 'UID' not found
E/NetlinkEvent(  576): NetlinkEvent::FindParam(): Parameter 'UID' not found
I/chatty  ( 1685): uid=1000(system) NetdConnector expire 10 lines
E/NetlinkEvent(  576): NetlinkEvent::FindParam(): Parameter 'UID' not found
E/NetlinkEvent(  576): NetlinkEvent::FindParam(): Parameter 'UID' not found
E/NetlinkEvent(  576): NetlinkEvent::FindParam(): Parameter 'UID' not found
E/NetlinkEvent(  576): NetlinkEvent::FindParam(): Parameter 'UID' not found
E/NetlinkEvent(  576): NetlinkEvent::FindParam(): Parameter 'UID' not found
E/NetlinkEvent(  576): NetlinkEvent::FindParam(): Parameter 'UID' not found
D/Systemui.doubletap( 3327): onDown!
D/Systemui.doubletap( 3327): onDown!
I/chatty  ( 1685): uid=1000(system) Binder_5 expire 10 lines
E/NetlinkEvent(  576): NetlinkEvent::FindParam(): Parameter 'UID' not found
E/NetlinkEvent(  576): NetlinkEvent::FindParam(): Parameter 'UID' not found
E/NetlinkEvent(  576): NetlinkEvent::FindParam(): Parameter 'UID' not found
I/chatty  ( 1685): uid=1000(system) NetdConnector expire 10 lines
E/NetlinkEvent(  576): NetlinkEvent::FindParam(): Parameter 'UID' not found
D/PowerUI ( 3327): findUsbOtg =false,supportReverseCharging =0
D/PowerUI ( 3327): oldTemp=270, mTemp=270
E/NetlinkEvent(  576): NetlinkEvent::FindParam(): Parameter 'UID' not found
E/NetlinkEvent(  576): NetlinkEvent::FindParam(): Parameter 'UID' not found
E/NetlinkEvent(  576): NetlinkEvent::FindParam(): Parameter 'UID' not found
I/chatty  ( 1685): uid=1000 system_server expire 10 lines
I/chatty  ( 1685): uid=1000(system) Binder_C expire 10 lines
I/chatty  ( 1685): uid=1000(system) Binder_F expire 12 lines
D/PowerUI ( 3327): findUsbOtg =false,supportReverseCharging =0
D/PowerUI ( 3327): oldTemp=270, mTemp=270
D/MtpServerJAVA(30038): native_check return FALSE.
I/chatty  ( 1685): uid=1000(system) Binder_B expire 11 lines
D/PowerUI ( 3327): findUsbOtg =false,supportReverseCharging =0
D/PowerUI ( 3327): oldTemp=270, mTemp=270
D/PowerUI ( 3327): findUsbOtg =false,supportReverseCharging =0
D/PowerUI ( 3327): oldTemp=270, mTemp=270
I/chatty  ( 1685): uid=1000(system) android.fg expire 10 lines
I/chatty  ( 1685): uid=1000(system) Binder_D expire 11 lines
D/PowerUI ( 3327): findUsbOtg =false,supportReverseCharging =0
D/PowerUI ( 3327): oldTemp=270, mTemp=270
D/PowerUI ( 3327): findUsbOtg =false,supportReverseCharging =0
D/PowerUI ( 3327): oldTemp=270, mTemp=270
D/PowerUI ( 3327): findUsbOtg =false,supportReverseCharging =0
D/PowerUI ( 3327): oldTemp=270, mTemp=270
D/PowerUI ( 3327): findUsbOtg =false,supportReverseCharging =0
D/PowerUI ( 3327): oldTemp=270, mTemp=270
I/chatty  ( 1685): uid=1000(system) Binder_7 expire 11 lines
D/PowerUI ( 3327): findUsbOtg =false,supportReverseCharging =0
I/chatty  ( 5910): uid=1000(system) com.asus.services expire 12 lines
I/chatty  ( 1685): uid=1000(system) Binder_3 expire 14 lines
D/PowerUI ( 3327): oldTemp=270, mTemp=270
I/chatty  ( 1685): uid=1000(system) ActivityManager expire 11 lines
D/PowerUI ( 3327): findUsbOtg =false,supportReverseCharging =0
D/PowerUI ( 3327): oldTemp=270, mTemp=270
E/NetlinkEvent(  576): NetlinkEvent::FindParam(): Parameter 'UID' not found
I/chatty  ( 1685): uid=1000(system) Binder_E expire 10 lines
I/chatty  ( 1685): uid=1000(system) Binder_2 expire 10 lines
I/chatty  ( 1685): uid=1000 system_server expire 11 lines
I/chatty  ( 1685): uid=1000(system) Binder_1 expire 10 lines
E/NetlinkEvent(  576): NetlinkEvent::FindParam(): Parameter 'UID' not found
E/NetlinkEvent(  576): NetlinkEvent::FindParam(): Parameter 'UID' not found
E/NetlinkEvent(  576): NetlinkEvent::FindParam(): Parameter 'UID' not found
E/NetlinkEvent(  576): NetlinkEvent::FindParam(): Parameter 'UID' not found
E/NetlinkEvent(  576): NetlinkEvent::FindParam(): Parameter 'UID' not found
I/chatty  ( 1685): uid=1000(system) NetdConnector expire 10 lines
E/NetlinkEvent(  576): NetlinkEvent::FindParam(): Parameter 'UID' not found
E/NetlinkEvent(  576): NetlinkEvent::FindParam(): Parameter 'UID' not found
E/NetlinkEvent(  576): NetlinkEvent::FindParam(): Parameter 'UID' not found
I/chatty  ( 1685): uid=1000(system) NetworkPolicy expire 12 lines
E/NetlinkEvent(  576): NetlinkEvent::FindParam(): Parameter 'UID' not found
E/NetlinkEvent(  576): NetlinkEvent::FindParam(): Parameter 'UID' not found
E/NetlinkEvent(  576): NetlinkEvent::FindParam(): Parameter 'UID' not found
E/NetlinkEvent(  576): NetlinkEvent::FindParam(): Parameter 'UID' not found
I/chatty  ( 1685): uid=1000(system) NetdConnector expire 10 lines
E/NetlinkEvent(  576): NetlinkEvent::FindParam(): Parameter 'UID' not found
E/NetlinkEvent(  576): NetlinkEvent::FindParam(): Parameter 'UID' not found
D/PowerUI ( 3327): findUsbOtg =false,supportReverseCharging =0
D/PowerUI ( 3327): oldTemp=270, mTemp=270
E/NetlinkEvent(  576): NetlinkEvent::FindParam(): Parameter 'UID' not found
E/NetlinkEvent(  576): NetlinkEvent::FindParam(): Parameter 'UID' not found
I/chatty  ( 1685): uid=1000(system) Binder_9 expire 10 lines
E/NetlinkEvent(  576): NetlinkEvent::FindParam(): Parameter 'UID' not found
D/PowerUI ( 3327): findUsbOtg =false,supportReverseCharging =0
D/PowerUI ( 3327): oldTemp=270, mTemp=270
D/MtpServerJAVA(30038): native_check return FALSE.
D/PowerUI ( 3327): findUsbOtg =false,supportReverseCharging =0
D/PowerUI ( 3327): oldTemp=270, mTemp=270
D/Systemui.doubletap( 3327): onDown!
D/Systemui.doubletap( 3327): onDown!
I/chatty  ( 1685): uid=1000(system) ConnectivitySer expire 12 lines
E/NetlinkEvent(  576): NetlinkEvent::FindParam(): Parameter 'UID' not found
D/Systemui.doubletap( 3327): onDown!
D/Systemui.doubletap( 3327): onDown!
E/NetlinkEvent(  576): NetlinkEvent::FindParam(): Parameter 'UID' not found
E/NetlinkEvent(  576): NetlinkEvent::FindParam(): Parameter 'UID' not found
E/NetlinkEvent(  576): NetlinkEvent::FindParam(): Parameter 'UID' not found
E/NetlinkEvent(  576): NetlinkEvent::FindParam(): Parameter 'UID' not found
I/chatty  ( 1685): uid=1000(system) NetdConnector expire 10 lines
E/NetlinkEvent(  576): NetlinkEvent::FindParam(): Parameter 'UID' not found
I/chatty  ( 1685): uid=1000(system) ActivityManager expire 11 lines
E/NetlinkEvent(  576): NetlinkEvent::FindParam(): Parameter 'UID' not found
D/Systemui.doubletap( 3327): onDown!
D/Systemui.doubletap( 3327): onSingleTapUp!
D/Systemui.doubletap( 3327): onDown!
D/Systemui.doubletap( 3327): onSingleTapUp!
I/chatty  ( 1685): uid=1000(system) android.bg expire 12 lines
D/PowerUI ( 3327): findUsbOtg =false,supportReverseCharging =0
D/PowerUI ( 3327): oldTemp=270, mTemp=290
I/chatty  ( 5910): uid=1000(system) com.asus.services expire 10 lines
I/chatty  ( 1685): uid=1000(system) ConnectivitySer expire 17 lines
D/Systemui.doubletap( 3327): onDown!
D/Systemui.doubletap( 3327): onDown!
D/Systemui.doubletap( 3327): onSingleTapUp!
D/Systemui.doubletap( 3327): onDown!
I/chatty  ( 1685): uid=1000(system) ConnectivitySer expire 28 lines
D/PowerUI ( 3327): findUsbOtg =false,supportReverseCharging =0
D/PowerUI ( 3327): oldTemp=290, mTemp=300
I/chatty  ( 1685): uid=1000(system) ConnectivitySer expire 23 lines
D/PowerUI ( 3327): findUsbOtg =false,supportReverseCharging =0
D/PowerUI ( 3327): oldTemp=300, mTemp=300
E/NetlinkEvent(  576): NetlinkEvent::FindParam(): Parameter 'UID' not found
I/chatty  ( 1685): uid=1000 system_server expire 10 lines
E/NetlinkEvent(  576): NetlinkEvent::FindParam(): Parameter 'UID' not found
I/chatty  ( 1685): uid=1000(system) ConnectivitySer expire 12 lines
E/NetlinkEvent(  576): NetlinkEvent::FindParam(): Parameter 'UID' not found
E/NetlinkEvent(  576): NetlinkEvent::FindParam(): Parameter 'UID' not found
I/chatty  ( 1685): uid=1000(system) ConnectivitySer expire 10 lines
E/NetlinkEvent(  576): NetlinkEvent::FindParam(): Parameter 'UID' not found
E/NetlinkEvent(  576): NetlinkEvent::FindParam(): Parameter 'UID' not found
I/chatty  ( 1685): uid=1000(system) NetdConnector expire 10 lines
E/ActivityThread( 3557): Failed to find provider info for com.facebook.appmanager.nekodirect
E/NetlinkEvent(  576): NetlinkEvent::FindParam(): Parameter 'UID' not found
E/NetlinkEvent(  576): NetlinkEvent::FindParam(): Parameter 'UID' not found
E/NetlinkEvent(  576): NetlinkEvent::FindParam(): Parameter 'UID' not found
I/chatty  ( 1685): uid=1000(system) ConnectivitySer expire 13 lines
D/PowerUI ( 3327): findUsbOtg =false,supportReverseCharging =0
D/PowerUI ( 3327): oldTemp=300, mTemp=310
I/chatty  ( 1685): uid=1000(system) ConnectivitySer expire 10 lines
E/NetlinkEvent(  576): NetlinkEvent::FindParam(): Parameter 'UID' not found
E/NetlinkEvent(  576): NetlinkEvent::FindParam(): Parameter 'UID' not found
E/NetlinkEvent(  576): NetlinkEvent::FindParam(): Parameter 'UID' not found
E/NetlinkEvent(  576): NetlinkEvent::FindParam(): Parameter 'UID' not found
I/chatty  ( 1685): uid=1000(system) NetdConnector expire 10 lines
E/NetlinkEvent(  576): NetlinkEvent::FindParam(): Parameter 'UID' not found
I/chatty  ( 1685): uid=1000(system) ConnectivitySer expire 13 lines
E/NetlinkEvent(  576): NetlinkEvent::FindParam(): Parameter 'UID' not found
E/NetlinkEvent(  576): NetlinkEvent::FindParam(): Parameter 'UID' not found
E/NetlinkEvent(  576): NetlinkEvent::FindParam(): Parameter 'UID' not found
E/NetlinkEvent(  576): NetlinkEvent::FindParam(): Parameter 'UID' not found
E/NetlinkEvent(  576): NetlinkEvent::FindParam(): Parameter 'UID' not found
E/NetlinkEvent(  576): NetlinkEvent::FindParam(): Parameter 'UID' not found
E/NetlinkEvent(  576): NetlinkEvent::FindParam(): Parameter 'UID' not found
E/NetlinkEvent(  576): NetlinkEvent::FindParam(): Parameter 'UID' not found
E/NetlinkEvent(  576): NetlinkEvent::FindParam(): Parameter 'UID' not found
I/chatty  ( 1685): uid=1000(system) NetdConnector expire 10 lines
E/NetlinkEvent(  576): NetlinkEvent::FindParam(): Parameter 'UID' not found
E/NetlinkEvent(  576): NetlinkEvent::FindParam(): Parameter 'UID' not found
E/NetlinkEvent(  576): NetlinkEvent::FindParam(): Parameter 'UID' not found
E/NetlinkEvent(  576): NetlinkEvent::FindParam(): Parameter 'UID' not found
D/PowerUI ( 3327): findUsbOtg =false,supportReverseCharging =0
D/PowerUI ( 3327): oldTemp=310, mTemp=300
D/PowerUI ( 3327): findUsbOtg =false,supportReverseCharging =0
D/PowerUI ( 3327): oldTemp=300, mTemp=300
D/PowerUI ( 3327): findUsbOtg =false,supportReverseCharging =0
D/PowerUI ( 3327): oldTemp=300, mTemp=300
D/PowerUI ( 3327): findUsbOtg =false,supportReverseCharging =0
D/PowerUI ( 3327): oldTemp=300, mTemp=300
I/chatty  ( 1685): uid=1000(system) ActivityManager expire 11 lines
I/chatty  ( 1685): uid=1000(system) Binder_10 expire 10 lines
D/PowerUI ( 3327): findUsbOtg =false,supportReverseCharging =0
D/PowerUI ( 3327): oldTemp=300, mTemp=300
I/chatty  ( 1685): uid=1000 system_server expire 10 lines
E/NetlinkEvent(  576): NetlinkEvent::FindParam(): Parameter 'UID' not found
D/Systemui.doubletap( 3327): onDown!
D/Systemui.doubletap( 3327): onDown!
E/NetlinkEvent(  576): NetlinkEvent::FindParam(): Parameter 'UID' not found
D/PowerUI ( 3327): findUsbOtg =false,supportReverseCharging =0
D/PowerUI ( 3327): oldTemp=300, mTemp=290
I/chatty  ( 5910): uid=1000(system) com.asus.services expire 13 lines
D/MtpServerJAVA(30038): native_check return FALSE.
I/chatty  ( 1685): uid=1000(system) UEventObserver expire 10 lines
D/PowerUI ( 3327): findUsbOtg =false,supportReverseCharging =0
D/PowerUI ( 3327): oldTemp=290, mTemp=290
E/NetlinkEvent(  576): NetlinkEvent::FindParam(): Parameter 'UID' not found
D/PowerUI ( 3327): findUsbOtg =false,supportReverseCharging =0
D/PowerUI ( 3327): oldTemp=290, mTemp=290
D/PowerUI ( 3327): findUsbOtg =false,supportReverseCharging =0
D/PowerUI ( 3327): oldTemp=290, mTemp=290
D/PowerUI ( 3327): findUsbOtg =false,supportReverseCharging =0
D/PowerUI ( 3327): oldTemp=290, mTemp=290
D/PowerUI ( 3327): findUsbOtg =false,supportReverseCharging =0
D/PowerUI ( 3327): oldTemp=290, mTemp=290
E/NetlinkEvent(  576): NetlinkEvent::FindParam(): Parameter 'UID' not found
I/chatty  ( 1685): uid=1000(system) NetdConnector expire 46 lines
E/NetlinkEvent(  576): NetlinkEvent::FindParam(): Parameter 'UID' not found
I/chatty  ( 1685): uid=1000(system) ActivityManager expire 11 lines
D/MtpServerJAVA(30038): native_check return FALSE.
D/PowerUI ( 3327): findUsbOtg =false,supportReverseCharging =0
D/PowerUI ( 3327): oldTemp=290, mTemp=290
D/PowerUI ( 3327): findUsbOtg =false,supportReverseCharging =0
D/PowerUI ( 3327): oldTemp=290, mTemp=290
D/PowerUI ( 3327): findUsbOtg =false,supportReverseCharging =0
D/PowerUI ( 3327): oldTemp=290, mTemp=290
I/chatty  ( 1685): uid=1000 system_server expire 12 lines
E/NetlinkEvent(  576): NetlinkEvent::FindParam(): Parameter 'UID' not found
E/NetlinkEvent(  576): NetlinkEvent::FindParam(): Parameter 'UID' not found
D/PowerUI ( 3327): findUsbOtg =false,supportReverseCharging =0
D/PowerUI ( 3327): oldTemp=290, mTemp=290
E/NetlinkEvent(  576): NetlinkEvent::FindParam(): Parameter 'UID' not found
E/NetlinkEvent(  576): NetlinkEvent::FindParam(): Parameter 'UID' not found
D/PowerUI ( 3327): findUsbOtg =false,supportReverseCharging =0
D/PowerUI ( 3327): oldTemp=290, mTemp=290
I/chatty  ( 1685): uid=1000(system) UEventObserver expire 10 lines
D/MtpServerJAVA(30038): native_check return FALSE.
D/PowerUI ( 3327): findUsbOtg =false,supportReverseCharging =0
D/PowerUI ( 3327): oldTemp=290, mTemp=290
E/NetlinkEvent(  576): NetlinkEvent::FindParam(): Parameter 'UID' not found
D/Systemui.doubletap( 3327): onDown!
D/Systemui.doubletap( 3327): onDown!
E/NetlinkEvent(  576): NetlinkEvent::FindParam(): Parameter 'UID' not found
I/chatty  ( 1685): uid=1000(system) WifiService expire 10 lines
I/chatty  ( 1685): uid=1000(system) WifiStateMachin expire 13 lines
I/chatty  ( 1685): uid=1000(system) DhcpClient expire 12 lines
I/chatty  ( 1685): uid=1000(system) ConnectivitySer expire 60 lines
I/chatty  ( 1685): uid=1000(system) NetworkPolicy expire 10 lines
D/Systemui.doubletap( 3327): onDown!
I/chatty  ( 1685): uid=1000(system) NetdConnector expire 47 lines
I/chatty  ( 1685): uid=1000(system) backup expire 35 lines
I/chatty  ( 4198): uid=1000(system) com.asus.dm expire 8 lines
I/chatty  ( 1685): uid=1000(system) android.ui expire 8 lines
I/chatty  ( 1685): uid=1000(system) PackageManager expire 2 lines
D/Systemui.doubletap( 3327): onDown!
D/Systemui.doubletap( 3327): onDown!
I/chatty  ( 1685): uid=1000(system) ConnectivitySer expire 51 lines
I/chatty  ( 5910): uid=1000(system) com.asus.services expire 10 lines
D/Systemui.doubletap( 3327): onDown!
E/ActivityThread( 5139): Failed to find provider info for com.google.android.apps.wellbeing.api
I/chatty  ( 1685): uid=1000(system) backup expire 40 lines
I/chatty  ( 1685): uid=1000(system) Binder_C expire 10 lines
I/chatty  ( 1685): uid=1000(system) Binder_D expire 10 lines
I/chatty  ( 1685): uid=1000(system) Binder_2 expire 13 lines
I/chatty  ( 1685): uid=1000(system) Binder_A expire 14 lines
D/ActivityThread( 5662): Loading provider com.google.android.gm.sapi: com.google.android.gm.sapi.SapiUiProvider
I/chatty  ( 1685): uid=1000(system) Binder_4 expire 10 lines
I/chatty  ( 1685): uid=1000(system) Binder_8 expire 11 lines
I/chatty  ( 1685): uid=1000(system) Binder_5 expire 10 lines
I/chatty  ( 1685): uid=1000(system) Binder_9 expire 10 lines
W/ActivityThread( 5956): ClassLoader.loadClass: The class loader returned by Thread.getContextClassLoader() may fail for processes that host multiple applications. You should explicitly specify a context class loader. For example: Thread.setContextClassLoader(getClass().getClassLoader());
I/chatty  ( 1685): uid=1000(system) backup expire 37 lines
I/chatty  ( 1685): uid=1000(system) Binder_3 expire 22 lines
D/Systemui.doubletap( 3327): onDown!
D/Systemui.doubletap( 3327): onDown!
I/chatty  ( 1685): uid=1000(system) NetworkStats expire 13 lines
I/chatty  ( 1685): uid=1000(system) WifiStateMachin expire 13 lines
I/chatty  ( 1685): uid=1000(system) NetworkPolicy expire 18 lines
D/Systemui.doubletap( 3327): onDown!
I/chatty  ( 1685): uid=1000(system) NetdConnector expire 10 lines
I/chatty  ( 1685): uid=1000(system) ConnectivitySer expire 20 lines
I/chatty  ( 1685): uid=1000(system) Binder_1 expire 10 lines
I/chatty  ( 1685): uid=1000(system) ActivityManager expire 10 lines
D/Systemui.doubletap( 3327): onDown!
D/Systemui.doubletap( 3327): onDown!
D/Systemui.doubletap( 3327): onDown!
I/chatty  ( 1685): uid=1000(system) backup expire 4 lines
I/chatty  ( 1685): uid=1000(system) ConnectivitySer expire 63 lines
D/PowerUI ( 3327): findUsbOtg =false,supportReverseCharging =0
D/PowerUI ( 3327): oldTemp=290, mTemp=290
D/PowerUI ( 3327): findUsbOtg =false,supportReverseCharging =0
D/PowerUI ( 3327): oldTemp=290, mTemp=290
I/chatty  ( 1685): uid=1000(system) Binder_F expire 11 lines
D/PowerUI ( 3327): findUsbOtg =false,supportReverseCharging =0
D/PowerUI ( 3327): oldTemp=290, mTemp=290
D/PowerUI ( 3327): findUsbOtg =false,supportReverseCharging =0
D/PowerUI ( 3327): oldTemp=290, mTemp=290
D/PowerUI ( 3327): findUsbOtg =false,supportReverseCharging =0
D/PowerUI ( 3327): oldTemp=290, mTemp=290
I/chatty  ( 1685): uid=1000 system_server expire 10 lines
I/chatty  ( 1685): uid=1000(system) Binder_7 expire 8 lines
I/chatty  ( 6670): uid=1000(system) expire 9 lines
D/MtpServerJAVA( 6345): native_check return FALSE.
I/chatty  ( 1685): uid=1000(system) ActivityManager expire 12 lines
I/chatty  ( 1685): uid=1000(system) Binder_6 expire 12 lines
I/chatty  ( 1685): uid=1000(system) Binder_E expire 11 lines
D/Systemui.doubletap( 3327): onDown!
D/Systemui.doubletap( 3327): onDown!
D/PowerUI ( 3327): findUsbOtg =false,supportReverseCharging =0
D/PowerUI ( 3327): oldTemp=290, mTemp=290
D/PowerUI ( 3327): findUsbOtg =false,supportReverseCharging =0
D/PowerUI ( 3327): oldTemp=290, mTemp=290
D/Systemui.doubletap( 3327): onDown!
E/NetlinkEvent(  576): NetlinkEvent::FindParam(): Parameter 'UID' not found
E/NetlinkEvent(  576): NetlinkEvent::FindParam(): Parameter 'UID' not found
D/Systemui.doubletap( 3327): onDown!
D/Systemui.doubletap( 3327): onDown!
D/PowerUI ( 3327): findUsbOtg =false,supportReverseCharging =0
D/PowerUI ( 3327): oldTemp=290, mTemp=290
I/chatty  ( 1685): uid=1000(system) UEventObserver expire 10 lines
D/MtpServerJAVA( 6345): native_check return FALSE.
D/PowerUI ( 3327): findUsbOtg =false,supportReverseCharging =0
D/PowerUI ( 3327): oldTemp=290, mTemp=290
D/PowerUI ( 3327): findUsbOtg =false,supportReverseCharging =0
D/PowerUI ( 3327): oldTemp=290, mTemp=290
D/PowerUI ( 3327): findUsbOtg =false,supportReverseCharging =0
D/PowerUI ( 3327): oldTemp=290, mTemp=290
D/MtpServerJAVA( 6345): native_check return FALSE.
D/PowerUI ( 3327): findUsbOtg =false,supportReverseCharging =0
D/PowerUI ( 3327): oldTemp=290, mTemp=290
D/PowerUI ( 3327): findUsbOtg =false,supportReverseCharging =0
D/PowerUI ( 3327): oldTemp=290, mTemp=290
I/chatty  ( 1685): uid=1000 system_server expire 11 lines
I/chatty  ( 5910): uid=1000(system) com.asus.services expire 10 lines
I/chatty  ( 1685): uid=1000(system) NetdConnector expire 43 lines
I/chatty  ( 1685): uid=1000(system) WifiStateMachin expire 22 lines
I/chatty  ( 1685): uid=1000(system) NetworkPolicy expire 10 lines
I/chatty  ( 1685): uid=1000(system) WifiP2pService expire 4 lines
D/PowerUI ( 3327): findUsbOtg =false,supportReverseCharging =0
D/PowerUI ( 3327): oldTemp=290, mTemp=290
I/chatty  ( 1685): uid=1000(system) CpuTracker expire 1 line
D/PowerUI ( 3327): findUsbOtg =false,supportReverseCharging =0
D/PowerUI ( 3327): oldTemp=290, mTemp=290
D/MtpServerJAVA( 6345): native_check return FALSE.
I/chatty  ( 1685): uid=1000(system) UEventObserver expire 10 lines
I/chatty  ( 1685): uid=1000(system) ActivityManager expire 16 lines
D/PowerUI ( 3327): findUsbOtg =false,supportReverseCharging =0
D/PowerUI ( 3327): oldTemp=290, mTemp=290
D/PowerUI ( 3327): findUsbOtg =false,supportReverseCharging =0
D/PowerUI ( 3327): oldTemp=290, mTemp=290
I/chatty  ( 6658): uid=1000(system) expire 3 lines
I/chatty  ( 1685): uid=1000(system) ConnectivitySer expire 60 lines
D/PowerUI ( 3327): findUsbOtg =false,supportReverseCharging =0
D/PowerUI ( 3327): oldTemp=290, mTemp=290
D/PowerUI ( 3327): findUsbOtg =false,supportReverseCharging =0
D/PowerUI ( 3327): oldTemp=290, mTemp=290
W/ActivityThread( 6944): ClassLoader.loadClass: The class loader returned by Thread.getContextClassLoader() may fail for processes that host multiple applications. You should explicitly specify a context class loader. For example: Thread.setContextClassLoader(getClass().getClassLoader());
I/chatty  ( 1685): uid=1000(system) android.display expire 12 lines
D/PowerUI ( 3327): findUsbOtg =false,supportReverseCharging =0
D/PowerUI ( 3327): oldTemp=290, mTemp=290
D/PowerUI ( 3327): findUsbOtg =false,supportReverseCharging =0
D/PowerUI ( 3327): oldTemp=290, mTemp=290
D/PowerUI ( 3327): findUsbOtg =false,supportReverseCharging =0
D/PowerUI ( 3327): oldTemp=290, mTemp=290
D/PowerUI ( 3327): findUsbOtg =false,supportReverseCharging =0
D/PowerUI ( 3327): oldTemp=290, mTemp=290
D/PowerUI ( 3327): findUsbOtg =false,supportReverseCharging =0
D/PowerUI ( 3327): oldTemp=290, mTemp=290
D/PowerUI ( 3327): findUsbOtg =false,supportReverseCharging =0
D/PowerUI ( 3327): oldTemp=290, mTemp=290
D/Systemui.doubletap( 3327): onDown!
D/Systemui.doubletap( 3327): onDown!
I/chatty  ( 1685): uid=1000(system) Binder_10 expire 10 lines
D/Systemui.doubletap( 3327): onDown!
I/chatty  ( 1685): uid=1000 system_server expire 10 lines
I/chatty  ( 1685): uid=1000(system) NetdConnector expire 46 lines
I/chatty  ( 1685): uid=1000(system) NetworkStats expire 8 lines
I/chatty  ( 1685): uid=1000(system) DhcpClient expire 4 lines
I/chatty  ( 1685): uid=1000(system) NetworkPolicy expire 18 lines
D/PowerUI ( 3327): findUsbOtg =false,supportReverseCharging =0
D/PowerUI ( 3327): oldTemp=290, mTemp=290
D/MtpServerJAVA( 6345): native_check return FALSE.
D/PowerUI ( 3327): findUsbOtg =false,supportReverseCharging =0
D/PowerUI ( 3327): oldTemp=290, mTemp=290
I/chatty  ( 5910): uid=1000(system) com.asus.services expire 11 lines
I/chatty  ( 1685): uid=1000(system) ActivityManager expire 12 lines
I/chatty  ( 1685): uid=1000(system) Binder_3 expire 10 lines
I/chatty  ( 1685): uid=1000(system) android.fg expire 4 lines
I/chatty  ( 1685): uid=1000(system) ConnectivitySer expire 10 lines
I/chatty  ( 1685): uid=1000(system) Binder_1 expire 15 lines
I/chatty  ( 1685): uid=1000(system) Binder_B expire 13 lines
E/NetlinkEvent(  576): NetlinkEvent::FindParam(): Parameter 'UID' not found
I/chatty  ( 1685): uid=1000(system) NetdConnector expire 10 lines
D/Systemui.doubletap( 3327): onDown!
D/Systemui.doubletap( 3327): onDown!
D/Systemui.doubletap( 3327): onDown!
D/Systemui.doubletap( 3327): onDown!
D/Systemui.doubletap( 3327): onDown!
D/Systemui.doubletap( 3327): onDown!
W/ActivityThread( 7645): ClassLoader.loadClass: The class loader returned by Thread.getContextClassLoader() may fail for processes that host multiple applications. You should explicitly specify a context class loader. For example: Thread.setContextClassLoader(getClass().getClassLoader());
D/PowerUI ( 3327): findUsbOtg =false,supportReverseCharging =0
D/PowerUI ( 3327): oldTemp=290, mTemp=290
I/chatty  ( 1685): uid=1000(system) WifiService expire 2 lines
I/chatty  ( 5910): uid=1000(system) measurement-1 expire 7 lines
E/NetlinkEvent(  576): NetlinkEvent::FindParam(): Parameter 'UID' not found
E/NetlinkEvent(  576): NetlinkEvent::FindParam(): Parameter 'UID' not found
E/NetlinkEvent(  576): NetlinkEvent::FindParam(): Parameter 'UID' not found
E/NetlinkEvent(  576): NetlinkEvent::FindParam(): Parameter 'UID' not found
E/NetlinkEvent(  576): NetlinkEvent::FindParam(): Parameter 'UID' not found
E/NetlinkEvent(  576): NetlinkEvent::FindParam(): Parameter 'UID' not found
E/NetlinkEvent(  576): NetlinkEvent::FindParam(): Parameter 'UID' not found
D/PowerUI ( 3327): findUsbOtg =false,supportReverseCharging =0
D/PowerUI ( 3327): oldTemp=290, mTemp=280
D/PowerUI ( 3327): findUsbOtg =false,supportReverseCharging =0
D/PowerUI ( 3327): oldTemp=280, mTemp=280
D/PowerUI ( 3327): findUsbOtg =false,supportReverseCharging =0
I/chatty  ( 1685): uid=1000(system) Binder_9 expire 10 lines
D/PowerUI ( 3327): oldTemp=280, mTemp=280
I/chatty  ( 5910): uid=1000(system) com.asus.services expire 10 lines
D/PowerUI ( 3327): findUsbOtg =false,supportReverseCharging =0
D/PowerUI ( 3327): oldTemp=280, mTemp=280
I/chatty  ( 7631): uid=1000(system) expire 2 lines
I/chatty  ( 1685): uid=1000(system) Binder_F expire 7 lines
D/MtpServerJAVA( 6345): native_check return FALSE.
D/PowerUI ( 3327): findUsbOtg =false,supportReverseCharging =0
D/PowerUI ( 3327): oldTemp=280, mTemp=280
I/chatty  ( 1685): uid=1000(system) UEventObserver expire 10 lines
D/PowerUI ( 3327): findUsbOtg =false,supportReverseCharging =0
D/PowerUI ( 3327): oldTemp=280, mTemp=280
D/PowerUI ( 3327): findUsbOtg =false,supportReverseCharging =0
D/PowerUI ( 3327): oldTemp=280, mTemp=280
I/chatty  ( 1685): uid=1000 system_server expire 11 lines
E/NetlinkEvent(  576): NetlinkEvent::FindParam(): Parameter 'UID' not found
E/NetlinkEvent(  576): NetlinkEvent::FindParam(): Parameter 'UID' not found
D/PowerUI ( 3327): findUsbOtg =false,supportReverseCharging =0
D/PowerUI ( 3327): oldTemp=280, mTemp=280
D/MtpServerJAVA( 6345): native_check return FALSE.
D/PowerUI ( 3327): findUsbOtg =false,supportReverseCharging =0
D/PowerUI ( 3327): oldTemp=280, mTemp=280
D/PowerUI ( 3327): findUsbOtg =false,supportReverseCharging =0
D/PowerUI ( 3327): oldTemp=280, mTemp=280
D/PowerUI ( 3327): findUsbOtg =false,supportReverseCharging =0
D/PowerUI ( 3327): oldTemp=280, mTemp=280
D/MtpServerJAVA( 6345): native_check return FALSE.
I/chatty  ( 1685): uid=1000(system) UEventObserver expire 6 lines
D/PowerUI ( 3327): findUsbOtg =false,supportReverseCharging =0
D/PowerUI ( 3327): oldTemp=280, mTemp=280
D/PowerUI ( 3327): findUsbOtg =false,supportReverseCharging =0
D/PowerUI ( 3327): oldTemp=280, mTemp=280
D/PowerUI ( 3327): findUsbOtg =false,supportReverseCharging =0
D/PowerUI ( 3327): oldTemp=280, mTemp=280
D/MtpServerJAVA( 6345): native_check return FALSE.
D/PowerUI ( 3327): findUsbOtg =false,supportReverseCharging =0
D/PowerUI ( 3327): oldTemp=280, mTemp=280
I/chatty  ( 1685): uid=1000(system) Binder_4 expire 15 lines
V/QSTile.BoostTile( 3327): Exec recent boost !
I/chatty  ( 1685): uid=1000(system) Binder_A expire 5 lines
I/chatty  ( 1685): uid=1000(system) ActivityManager expire 7 lines
W/ViewRootImpl( 7986): Dropping event due to no window focus: KeyEvent { action=ACTION_DOWN, keyCode=KEYCODE_BACK, scanCode=0, metaState=0, flags=0x0, repeatCount=0, eventTime=14729256, downTime=14729256, deviceId=-1, source=0x101 }
W/ViewRootImpl( 7986): Cancelling event due to no window focus: KeyEvent { action=ACTION_UP, keyCode=KEYCODE_BACK, scanCode=0, metaState=0, flags=0x20, repeatCount=0, eventTime=14729256, downTime=14729256, deviceId=-1, source=0x101 }
W/ViewRootImpl( 7986): Cancelling event due to no window focus: KeyEvent { action=ACTION_UP, keyCode=KEYCODE_BACK, scanCode=0, metaState=0, flags=0x20, repeatCount=0, eventTime=14729256, downTime=14729256, deviceId=-1, source=0x101 }
W/ViewRootImpl( 7986): Cancelling event due to no window focus: KeyEvent { action=ACTION_UP, keyCode=KEYCODE_BACK, scanCode=0, metaState=0, flags=0x20, repeatCount=0, eventTime=14729256, downTime=14729256, deviceId=-1, source=0x101 }
W/ViewRootImpl( 7986): Cancelling event due to no window focus: KeyEvent { action=ACTION_UP, keyCode=KEYCODE_BACK, scanCode=0, metaState=0, flags=0x20, repeatCount=0, eventTime=14729256, downTime=14729256, deviceId=-1, source=0x101 }
W/ViewRootImpl( 7986): Cancelling event due to no window focus: KeyEvent { action=ACTION_UP, keyCode=KEYCODE_BACK, scanCode=0, metaState=0, flags=0x20, repeatCount=0, eventTime=14729256, downTime=14729256, deviceId=-1, source=0x101 }
W/ViewRootImpl( 7986): Cancelling event due to no window focus: KeyEvent { action=ACTION_UP, keyCode=KEYCODE_BACK, scanCode=0, metaState=0, flags=0x20, repeatCount=0, eventTime=14729256, downTime=14729256, deviceId=-1, source=0x101 }
W/ViewRootImpl( 7986): Cancelling event due to no window focus: KeyEvent { action=ACTION_UP, keyCode=KEYCODE_BACK, scanCode=0, metaState=0, flags=0x20, repeatCount=0, eventTime=14729256, downTime=14729256, deviceId=-1, source=0x101 }
W/ViewRootImpl( 7986): Cancelling event due to no window focus: KeyEvent { action=ACTION_UP, keyCode=KEYCODE_BACK, scanCode=0, metaState=0, flags=0x20, repeatCount=0, eventTime=14729256, downTime=14729256, deviceId=-1, source=0x101 }
W/ViewRootImpl( 7986): Cancelling event due to no window focus: KeyEvent { action=ACTION_UP, keyCode=KEYCODE_BACK, scanCode=0, metaState=0, flags=0x20, repeatCount=0, eventTime=14729256, downTime=14729256, deviceId=-1, source=0x101 }
I/chatty  ( 5910): uid=1000(system) com.asus.services expire 5 lines
I/chatty  ( 1685): uid=1000(system) Binder_C expire 12 lines
I/chatty  ( 1685): uid=1000(system) Binder_D expire 5 lines
I/chatty  ( 1685): uid=1000(system) Binder_E expire 2 lines
I/chatty  ( 1685): uid=1000(system) Binder_9 expire 12 lines
D/Systemui.doubletap( 3327): onDown!
D/Systemui.doubletap( 3327): onDown!
I/chatty  ( 1685): uid=1000(system) Binder_5 expire 6 lines
I/chatty  ( 1685): uid=1000(system) Binder_2 expire 14 lines
W/ViewRootImpl( 8527): Dropping event due to no window focus: KeyEvent { action=ACTION_DOWN, keyCode=KEYCODE_BACK, scanCode=0, metaState=0, flags=0x0, repeatCount=0, eventTime=14772782, downTime=14772782, deviceId=-1, source=0x101 }
W/ViewRootImpl( 8527): Cancelling event due to no window focus: KeyEvent { action=ACTION_UP, keyCode=KEYCODE_BACK, scanCode=0, metaState=0, flags=0x20, repeatCount=0, eventTime=14772782, downTime=14772782, deviceId=-1, source=0x101 }
W/ViewRootImpl( 8527): Cancelling event due to no window focus: KeyEvent { action=ACTION_UP, keyCode=KEYCODE_BACK, scanCode=0, metaState=0, flags=0x20, repeatCount=0, eventTime=14772782, downTime=14772782, deviceId=-1, source=0x101 }
W/ViewRootImpl( 8527): Cancelling event due to no window focus: KeyEvent { action=ACTION_UP, keyCode=KEYCODE_BACK, scanCode=0, metaState=0, flags=0x20, repeatCount=0, eventTime=14772782, downTime=14772782, deviceId=-1, source=0x101 }
W/ViewRootImpl( 8527): Cancelling event due to no window focus: KeyEvent { action=ACTION_UP, keyCode=KEYCODE_BACK, scanCode=0, metaState=0, flags=0x20, repeatCount=0, eventTime=14772782, downTime=14772782, deviceId=-1, source=0x101 }
W/ViewRootImpl( 8527): Cancelling event due to no window focus: KeyEvent { action=ACTION_UP, keyCode=KEYCODE_BACK, scanCode=0, metaState=0, flags=0x20, repeatCount=0, eventTime=14772782, downTime=14772782, deviceId=-1, source=0x101 }
