--------- beginning of crash
F/libc    (  409): Fatal signal 6 (SIGABRT), code -6 in tid 409 (main)
F/libc    (  409): Unable to open connection to debuggerd: Connection refused
--------- beginning of system
I/vold    (  307): EmulatedVolume::doMount()
I/chatty  ( 1685): uid=1000(system) VoldConnector expire 12 lines
V/vold    (  307): Waiting for FUSE to spin up...
I/chatty  ( 1685): uid=1000(system) ActivityManager expire 303 lines
V/vold    (  307): Waiting for FUSE to spin up...
V/vold    (  307): Waiting for FUSE to spin up...
I/chatty  ( 1685): uid=1000(system) MountService expire 2 lines
I/chatty  ( 1685): uid=1000(system) AsyncQueryWorke expire 1 line
I/chatty  ( 1685): uid=1000 system_server expire 27 lines
I/chatty  ( 1685): uid=1000(system) Binder_1 expire 14 lines
I/chatty  ( 1685): uid=1000(system) NetdConnector expire 142 lines
I/chatty  ( 1685): uid=1000(system) android.ui expire 10 lines
I/chatty  ( 1685): uid=1000(system) WifiP2pService expire 8 lines
I/chatty  ( 1685): uid=1000(system) Binder_2 expire 19 lines
I/chatty  ( 1685): uid=1000(system) Binder_3 expire 10 lines
I/chatty  ( 1685): uid=1000(system) Binder_4 expire 13 lines
I/chatty  ( 3327): uid=10018(com.android.systemui) expire 32 lines
I/chatty  ( 1685): uid=1000(system) ConnectivitySer expire 56 lines
I/chatty  ( 1685): uid=1000(system) WifiService expire 11 lines
I/chatty  ( 1685): uid=1000(system) WifiStateMachin expire 22 lines
I/chatty  ( 3327): uid=10018(com.android.systemui) AsusMediatorThr expire 12 lines
I/chatty  ( 1685): uid=1000(system) DhcpClient expire 10 lines
I/chatty  ( 3327): uid=10018(com.android.systemui) QSTileHost expire 31 lines
I/chatty  ( 1685): uid=1000(system) ThemeManagerSer expire 1 line
D/vold    (  307): Linking /storage/emulated/0 to /mnt/user/0/primary
I/chatty  ( 1685): uid=1000(system) Binder_7 expire 12 lines
I/chatty  ( 1685): uid=1000(system) android.bg expire 11 lines
I/chatty  ( 1685): uid=1000(system) NetworkStats expire 11 lines
I/chatty  ( 1685): uid=1000(system) NetworkPolicy expire 10 lines
I/chatty  ( 1685): uid=1000(system) Binder_6 expire 15 lines
I/chatty  ( 4010): uid=1000(system) com.quicinc.cne.CNEService expire 1 line
I/chatty  ( 1685): uid=1000(system) Binder_5 expire 11 lines
I/chatty  ( 4136): uid=1000(system) expire 2 lines
I/chatty  ( 1685): uid=1000(system) Binder_8 expire 13 lines
I/chatty  ( 4198): uid=1000(system) com.asus.dm expire 7 lines
I/chatty  ( 1685): uid=1000(system) android.io expire 4 lines
I/chatty  ( 1685): uid=1000(system) Binder_9 expire 16 lines
I/chatty  ( 1685): uid=1000(system) Binder_B expire 16 lines
D/VoldCryptCmdListener(  307): cryptfs getpw
I/Ext4Crypt(  307): ext4 crypto complete called on /data
I/Ext4Crypt(  307): No master key, so not ext4enc
I/Ext4Crypt(  307): ext4 crypto complete called on /data
I/Ext4Crypt(  307): No master key, so not ext4enc
I/chatty  ( 1685): uid=1000(system) CryptdConnector expire 4 lines
D/VoldCryptCmdListener(  307): cryptfs clearpw
I/Ext4Crypt(  307): ext4 crypto complete called on /data
I/Ext4Crypt(  307): No master key, so not ext4enc
I/chatty  ( 3812): uid=1000(system) expire 1 line
I/chatty  ( 3812): uid=1000(system) expire 1 line
I/chatty  ( 3812): uid=1000(system) expire 7 lines
I/chatty  ( 3812): uid=1000(system) expire 1 line
I/chatty  ( 1685): uid=1000(system) Binder_F expire 19 lines
I/chatty  ( 1685): uid=1000(system) Binder_10 expire 19 lines
I/chatty  ( 1685): uid=1000(system) Binder_C expire 10 lines
I/chatty  ( 1685): uid=1000(system) android.display expire 12 lines
W/ActivityThread( 4883): ClassLoader.loadClass: The class loader returned by Thread.getContextClassLoader() may fail for processes that host multiple applications. You should explicitly specify a context class loader. For example: Thread.setContextClassLoader(getClass().getClassLoader());
I/chatty  ( 3812): uid=1000(system) expire 1 line
D/MccTable( 4048): updateMccMncConfiguration mccmnc='' fromServiceState=false
W/ActivityThread( 4510): ClassLoader.loadClass: The class loader returned by Thread.getContextClassLoader() may fail for processes that host multiple applications. You should explicitly specify a context class loader. For example: Thread.setContextClassLoader(getClass().getClassLoader());
D/MccTable( 4048): updateMccMncConfiguration mccmnc='40440' fromServiceState=false
D/MccTable( 4048): updateMccMncConfiguration defaultMccMnc=
D/MccTable( 4048): updateMccMncConfiguration: mcc=404, mnc=40
D/MccTable( 4048): updateMccMncConfiguration updateConfig config={0 1.0 404mcc40mnc ?locale ?layoutDir ?swdp ?wdp ?hdp ?density ?lsize ?long ?orien ?uimode ?night ?touch ?keyb/?/? ?nav/?}
I/chatty  ( 1685): uid=1000(system) Binder_D expire 15 lines
I/chatty  ( 1685): uid=1000(system) ActivityManager expire 10 lines
D/MccTable( 4048): updateMccMncConfiguration mccmnc='20416' fromServiceState=true
D/MccTable( 4048): updateMccMncConfiguration defaultMccMnc=
D/MccTable( 4048): updateMccMncConfiguration: mcc=204, mnc=16
D/MccTable( 4048): WIFI_COUNTRY_CODE set to nl
I/chatty  ( 1685): uid=1000(system) PowerManagerSer expire 10 lines
D/MccTable( 4048): updateMccMncConfiguration mccmnc='40440' fromServiceState=false
D/MccTable( 4048): updateMccMncConfiguration defaultMccMnc=40440
D/MccTable( 4048): updateMccMncConfiguration: mcc=404, mnc=40
D/MccTable( 4048): updateMccMncConfiguration updateConfig config={0 1.0 404mcc40mnc ?locale ?layoutDir ?swdp ?wdp ?hdp ?density ?lsize ?long ?orien ?uimode ?night ?touch ?keyb/?/? ?nav/?}
I/chatty  ( 1685): uid=1000 system_server expire 13 lines
W/KeyphraseEnrollmentInfo( 3967): Enrollment application doesn't support keyphrases
I/chatty  ( 1685): uid=1000(system) Binder_A expire 13 lines
I/chatty  ( 1685): uid=1000(system) Binder_E expire 10 lines
I/chatty  ( 1685): uid=1000(system) Binder_3 expire 10 lines
I/chatty  ( 5910): uid=1000(system) GAThread expire 1 line
I/chatty  ( 1685): uid=1000(system) ConnectivitySer expire 10 lines
I/chatty  ( 1685): uid=1000(system) AsyncTask #2 expire 1 line
I/chatty  ( 6288): uid=1000(system) expire 1 line
I/chatty  ( 1685): uid=1000 system_server expire 3 lines
I/chatty  ( 3327): uid=10018(com.android.systemui) expire 10 lines
D/MccTable( 4048): updateMccMncConfiguration mccmnc='20416' fromServiceState=true
D/MccTable( 4048): updateMccMncConfiguration defaultMccMnc=40440
D/MccTable( 4048): updateMccMncConfiguration: mcc=204, mnc=16
D/MccTable( 4048): WIFI_COUNTRY_CODE set to nl
D/MccTable( 4048): updateMccMncConfiguration mccmnc='20416' fromServiceState=true
D/MccTable( 4048): updateMccMncConfiguration defaultMccMnc=40440
D/MccTable( 4048): updateMccMncConfiguration: mcc=204, mnc=16
D/MccTable( 4048): WIFI_COUNTRY_CODE set to nl
I/chatty  ( 5910): uid=1000(system) com.asus.services expire 10 lines
I/chatty  ( 5910): uid=1000(system) com.asus.services expire 1 line
I/chatty  ( 6530): uid=1000(system) expire 1 line
I/chatty  ( 1685): uid=1000(system) Binder_1 expire 15 lines
I/chatty  ( 6589): uid=1000(system) expire 3 lines
I/chatty  ( 1685): uid=1000(system) Binder_8 expire 10 lines
I/chatty  ( 6645): uid=1000(system) expire 1 line
I/chatty  ( 1685): uid=1000(system) PackageManager expire 7 lines
I/chatty  ( 1685): uid=1000(system) NetdConnector expire 10 lines
I/chatty  ( 5910): uid=1000(system) measurement-1 expire 10 lines
I/chatty  ( 4034): uid=1000(system) com.asus.audiowizard expire 2 lines
I/chatty  ( 6741): uid=1000(system) expire 2 lines
I/chatty  ( 1685): uid=1000(system) Binder_9 expire 14 lines
I/chatty  ( 6756): uid=1000(system) expire 1 line
I/chatty  ( 1685): uid=1000(system) Binder_4 expire 10 lines
I/chatty  ( 6771): uid=1000(system) expire 1 line
I/chatty  ( 6795): uid=1000(system) expire 1 line
I/chatty  ( 1685): uid=1000(system) Builder expire 3 lines
I/chatty  ( 1685): uid=1000(system) ActivityManager expire 10 lines
D/ActivityThread( 7380): Loading provider com.google.android.gm.sapi: com.google.android.gm.sapi.SapiUiProvider
I/chatty  ( 1685): uid=1000(system) Binder_3 expire 10 lines
I/chatty  ( 1685): uid=1000(system) Binder_2 expire 11 lines
I/chatty  ( 1685): uid=1000(system) Binder_5 expire 10 lines
I/chatty  ( 1685): uid=1000(system) Binder_D expire 10 lines
I/chatty  ( 1685): uid=1000(system) Binder_10 expire 11 lines
E/ActivityThread( 7591): Failed to find provider info for com.facebook.appmanager.nekodirect
I/chatty  ( 1685): uid=1000(system) Binder_A expire 12 lines
I/chatty  ( 1685): uid=1000(system) Binder_B expire 10 lines
I/chatty  ( 1685): uid=1000(system) Binder_7 expire 13 lines
W/ActivityThread( 7728): ClassLoader.loadClass: The class loader returned by Thread.getContextClassLoader() may fail for processes that host multiple applications. You should explicitly specify a context class loader. For example: Thread.setContextClassLoader(getClass().getClassLoader());
I/chatty  ( 1685): uid=1000(system) Binder_4 expire 11 lines
W/PackageParser( 4510): Unknown element under <manifest>: queries at /data/data/com.google.android.gms/app_chimera/m/0000038b/dl-AdsFdrDynamite.integ_214106404000000.apk Binary XML file line #11
W/PackageParser( 4510): Unknown element under <manifest>: queries at /data/data/com.google.android.gms/app_chimera/m/000003a7/dl-Payments.integ_220980903000406.apk Binary XML file line #5
W/PackageParser( 4510): Unknown element under <manifest>: queries at /data/data/com.google.android.gms/app_chimera/m/0000038b/dl-AdsFdrDynamite.integ_214106404000000.apk Binary XML file line #11
W/PackageParser( 4510): Unknown element under <manifest>: queries at /data/data/com.google.android.gms/app_chimera/m/000003a7/dl-Payments.integ_220980903000406.apk Binary XML file line #5
W/PackageParser( 4510): Unknown element under <manifest>: queries at /data/data/com.google.android.gms/app_chimera/m/0000038b/dl-AdsFdrDynamite.integ_214106404000000.apk Binary XML file line #11
W/PackageParser( 4510): Unknown element under <manifest>: queries at /data/data/com.google.android.gms/app_chimera/m/000003a7/dl-Payments.integ_220980903000406.apk Binary XML file line #5
W/PackageParser( 4510): Unknown element under <manifest>: queries at /data/data/com.google.android.gms/app_chimera/m/0000038b/dl-AdsFdrDynamite.integ_214106404000000.apk Binary XML file line #11
W/PackageParser( 4510): Unknown element under <manifest>: queries at /data/data/com.google.android.gms/app_chimera/m/000003a7/dl-Payments.integ_220980903000406.apk Binary XML file line #5
W/PackageParser( 4510): Unknown element under <manifest>: queries at /data/data/com.google.android.gms/app_chimera/m/0000038b/dl-AdsFdrDynamite.integ_214106404000000.apk Binary XML file line #11
W/PackageParser( 4510): Unknown element under <manifest>: queries at /data/data/com.google.android.gms/app_chimera/m/000003a7/dl-Payments.integ_220980903000406.apk Binary XML file line #5
W/PackageParser( 4510): Unknown element under <manifest>: queries at /data/data/com.google.android.gms/app_chimera/m/0000038b/dl-AdsFdrDynamite.integ_214106404000000.apk Binary XML file line #11
W/PackageParser( 4510): Unknown element under <manifest>: queries at /data/data/com.google.android.gms/app_chimera/m/000003a7/dl-Payments.integ_220980903000406.apk Binary XML file line #5
W/PackageParser( 4510): Unknown element under <manifest>: queries at /data/data/com.google.android.gms/app_chimera/m/000003a7/dl-Payments.integ_220980903000406.apk Binary XML file line #5
W/PackageParser( 4510): Unknown element under <manifest>: queries at /data/data/com.google.android.gms/app_chimera/m/00000364/dl-AdsFdrDynamite.integ_213806100000000.apk Binary XML file line #11
I/chatty  ( 1685): uid=1000(system) Binder_F expire 10 lines
E/NetlinkEvent(  576): NetlinkEvent::FindParam(): Parameter 'UID' not found
W/PackageParser( 4510): Unknown element under <manifest>: queries at /data/data/com.google.android.gms/app_chimera/m/0000031a/dl-Payments.integ_212480904000406.apk Binary XML file line #5
W/PackageParser( 4510): Unknown element under <manifest>: queries at /data/data/com.google.android.gms/app_chimera/m/0000038b/dl-AdsFdrDynamite.integ_214106404000000.apk Binary XML file line #11
E/NetlinkEvent(  576): NetlinkEvent::FindParam(): Parameter 'UID' not found
W/PackageParser( 4510): Unknown element under <manifest>: queries at /data/data/com.google.android.gms/app_chimera/m/0000038b/dl-AdsFdrDynamite.integ_214106404000000.apk Binary XML file line #11
W/PackageParser( 4510): Unknown element under <manifest>: queries at /data/data/com.google.android.gms/app_chimera/m/000003a7/dl-Payments.integ_220980903000406.apk Binary XML file line #5
W/PackageParser( 4510): Unknown element under <manifest>: queries at /data/data/com.google.android.gms/app_chimera/m/0000038b/dl-AdsFdrDynamite.integ_214106404000000.apk Binary XML file line #11
W/PackageParser( 4510): Unknown element under <manifest>: queries at /data/data/com.google.android.gms/app_chimera/m/000003a7/dl-Payments.integ_220980903000406.apk Binary XML file line #5
W/PackageParser( 4510): Unknown element under <manifest>: queries at /data/data/com.google.android.gms/app_chimera/m/0000038b/dl-AdsFdrDynamite.integ_214106404000000.apk Binary XML file line #11
W/PackageParser( 4510): Unknown element under <manifest>: queries at /data/data/com.google.android.gms/app_chimera/m/000003a7/dl-Payments.integ_220980903000406.apk Binary XML file line #5
I/chatty  ( 1685): uid=1000(system) AlarmManager expire 6 lines
W/ActivityThread( 8121): ClassLoader.loadClass: The class loader returned by Thread.getContextClassLoader() may fail for processes that host multiple applications. You should explicitly specify a context class loader. For example: Thread.setContextClassLoader(getClass().getClassLoader());
W/ActivityThread( 8108): ClassLoader.loadClass: The class loader returned by Thread.getContextClassLoader() may fail for processes that host multiple applications. You should explicitly specify a context class loader. For example: Thread.setContextClassLoader(getClass().getClassLoader());
I/chatty  ( 1685): uid=1000(system) Binder_8 expire 12 lines
I/chatty  ( 1685): uid=1000(system) Binder_6 expire 11 lines
I/chatty  ( 1685): uid=1000(system) WifiService expire 12 lines
I/chatty  ( 1685): uid=1000(system) Binder_C expire 10 lines
I/chatty  ( 1685): uid=1000 system_server expire 13 lines
D/ActivityThread(10956): Loading provider com.google.android.gm.sapi: com.google.android.gm.sapi.SapiUiProvider
I/chatty  ( 1685): uid=1000(system) Binder_1 expire 10 lines
I/chatty  ( 1685): uid=1000(system) Binder_2 expire 11 lines
I/chatty  ( 1685): uid=1000(system) Binder_9 expire 10 lines
I/chatty  ( 1685): uid=1000(system) Binder_A expire 12 lines
I/chatty  ( 1685): uid=1000(system) ConnectivitySer expire 13 lines
I/chatty  ( 1685): uid=1000(system) Binder_E expire 10 lines
I/chatty  ( 5910): uid=1000(system) com.asus.services expire 10 lines
E/NetlinkEvent(  576): NetlinkEvent::FindParam(): Parameter 'UID' not found
E/NetlinkEvent(  576): NetlinkEvent::FindParam(): Parameter 'UID' not found
E/NetlinkEvent(  576): NetlinkEvent::FindParam(): Parameter 'UID' not found
I/chatty  ( 3327): uid=10018(com.android.systemui) expire 16 lines
E/NetlinkEvent(  576): NetlinkEvent::FindParam(): Parameter 'UID' not found
I/chatty  ( 1685): uid=1000(system) NetdConnector expire 13 lines
E/NetlinkEvent(  576): NetlinkEvent::FindParam(): Parameter 'UID' not found
E/NetlinkEvent(  576): NetlinkEvent::FindParam(): Parameter 'UID' not found
E/NetlinkEvent(  576): NetlinkEvent::FindParam(): Parameter 'UID' not found
E/NetlinkEvent(  576): NetlinkEvent::FindParam(): Parameter 'UID' not found
I/chatty  ( 1685): uid=1000(system) InputReader expire 13 lines
I/chatty  ( 3327): uid=10018(com.android.systemui) expire 15 lines
I/chatty  ( 1685): uid=1000(system) ActivityManager expire 10 lines
I/chatty  ( 1685): uid=1000 system_server expire 12 lines
I/chatty  ( 1685): uid=1000(system) Binder_3 expire 10 lines
I/chatty  ( 5910): uid=1000(system) FocusAppReceive expire 1 line
I/chatty  ( 5910): uid=1000(system) FocusAppReceive expire 1 line
I/chatty  ( 1685): uid=1000(system) Binder_5 expire 10 lines
I/chatty  ( 1685): uid=1000(system) UEventObserver expire 10 lines
I/chatty  ( 1685): uid=1000(system) Binder_7 expire 11 lines
I/chatty  (12008): uid=1000(system) expire 2 lines
D/MtpServerJAVA(11974): native_check return FALSE.
I/chatty  ( 3327): uid=10018(com.android.systemui) expire 19 lines
I/chatty  ( 1685): uid=1000 system_server expire 35 lines
I/chatty  ( 1685): uid=1000(system) Binder_B expire 18 lines
D/MtpServerJAVA(11974): native_check return FALSE.
I/chatty  ( 5910): uid=1000(system) com.asus.services expire 10 lines
I/chatty  ( 1685): uid=1000(system) android.fg expire 8 lines
I/chatty  (11958): uid=1000(system) expire 1 line
I/chatty  ( 1685): uid=1000(system) Binder_D expire 15 lines
I/chatty  ( 1685): uid=1000(system) Binder_4 expire 10 lines
I/chatty  ( 1685): uid=1000(system) android.bg expire 10 lines
W/FileUtils(12379): Failed to chmod(/storage/emulated/0/trepn/Trepn_2022.11.01_115818.db): android.system.ErrnoException: chmod failed: EPERM (Operation not permitted)
I/chatty  ( 1685): uid=1000 system_server expire 10 lines
I/chatty  ( 5910): uid=1000(system) com.asus.services expire 16 lines
W/FileUtils(12379): Failed to chmod(/storage/emulated/0/trepn/Trepn_2022.10.31_220019.db): android.system.ErrnoException: chmod failed: EPERM (Operation not permitted)
W/FileUtils(12379): Failed to chmod(/storage/emulated/0/trepn/Trepn_2022.11.01_115818.db): android.system.ErrnoException: chmod failed: EPERM (Operation not permitted)
I/chatty  ( 3327): uid=10018(com.android.systemui) expire 10 lines
I/chatty  ( 1685): uid=1000(system) Binder_10 expire 10 lines
W/FileUtils(12379): Failed to chmod(/storage/emulated/0/trepn/Trepn_2022.11.01_120639.db): android.system.ErrnoException: chmod failed: EPERM (Operation not permitted)
W/FileUtils(12379): Failed to chmod(/storage/emulated/0/trepn/Trepn_2022.10.31_220019.db): android.system.ErrnoException: chmod failed: EPERM (Operation not permitted)
W/FileUtils(12379): Failed to chmod(/storage/emulated/0/trepn/Trepn_2022.11.01_115818.db): android.system.ErrnoException: chmod failed: EPERM (Operation not permitted)
W/FileUtils(12379): Failed to chmod(/storage/emulated/0/trepn/Trepn_2022.11.01_120639.db): android.system.ErrnoException: chmod failed: EPERM (Operation not permitted)
I/chatty  ( 1685): uid=1000 system_server expire 20 lines
I/chatty  ( 1685): uid=1000(system) Binder_9 expire 11 lines
W/FileUtils(12379): Failed to chmod(/storage/emulated/0/trepn/Trepn_2022.10.31_220019.db): android.system.ErrnoException: chmod failed: EPERM (Operation not permitted)
I/chatty  ( 5910): uid=1000(system) com.asus.services expire 11 lines
I/chatty  ( 1685): uid=1000(system) Binder_C expire 17 lines
I/chatty  ( 1685): uid=1000(system) Binder_6 expire 10 lines
I/chatty  ( 1685): uid=1000(system) NetworkPolicy expire 12 lines
I/chatty  ( 1685): uid=1000(system) Binder_A expire 17 lines
I/chatty  ( 1685): uid=1000(system) Binder_8 expire 10 lines
E/NetlinkEvent(  576): NetlinkEvent::FindParam(): Parameter 'UID' not found
I/chatty  ( 1685): uid=1000(system) NetdConnector expire 10 lines
E/NetlinkEvent(  576): NetlinkEvent::FindParam(): Parameter 'UID' not found
E/NetlinkEvent(  576): NetlinkEvent::FindParam(): Parameter 'UID' not found
E/NetlinkEvent(  576): NetlinkEvent::FindParam(): Parameter 'UID' not found
E/NetlinkEvent(  576): NetlinkEvent::FindParam(): Parameter 'UID' not found
E/NetlinkEvent(  576): NetlinkEvent::FindParam(): Parameter 'UID' not found
E/NetlinkEvent(  576): NetlinkEvent::FindParam(): Parameter 'UID' not found
E/NetlinkEvent(  576): NetlinkEvent::FindParam(): Parameter 'UID' not found
E/NetlinkEvent(  576): NetlinkEvent::FindParam(): Parameter 'UID' not found
E/NetlinkEvent(  576): NetlinkEvent::FindParam(): Parameter 'UID' not found
E/NetlinkEvent(  576): NetlinkEvent::FindParam(): Parameter 'UID' not found
I/chatty  ( 1685): uid=1000(system) NetdConnector expire 10 lines
E/NetlinkEvent(  576): NetlinkEvent::FindParam(): Parameter 'UID' not found
E/NetlinkEvent(  576): NetlinkEvent::FindParam(): Parameter 'UID' not found
E/NetlinkEvent(  576): NetlinkEvent::FindParam(): Parameter 'UID' not found
E/NetlinkEvent(  576): NetlinkEvent::FindParam(): Parameter 'UID' not found
E/NetlinkEvent(  576): NetlinkEvent::FindParam(): Parameter 'UID' not found
E/NetlinkEvent(  576): NetlinkEvent::FindParam(): Parameter 'UID' not found
E/NetlinkEvent(  576): NetlinkEvent::FindParam(): Parameter 'UID' not found
E/NetlinkEvent(  576): NetlinkEvent::FindParam(): Parameter 'UID' not found
E/NetlinkEvent(  576): NetlinkEvent::FindParam(): Parameter 'UID' not found
E/NetlinkEvent(  576): NetlinkEvent::FindParam(): Parameter 'UID' not found
I/chatty  ( 1685): uid=1000(system) NetdConnector expire 10 lines
I/chatty  ( 1685): uid=1000(system) Binder_4 expire 13 lines
E/NetlinkEvent(  576): NetlinkEvent::FindParam(): Parameter 'UID' not found
E/NetlinkEvent(  576): NetlinkEvent::FindParam(): Parameter 'UID' not found
I/chatty  ( 1685): uid=1000 system_server expire 12 lines
I/chatty  ( 1685): uid=1000(system) ConnectivitySer expire 12 lines
E/NetlinkEvent(  576): NetlinkEvent::FindParam(): Parameter 'UID' not found
E/NetlinkEvent(  576): NetlinkEvent::FindParam(): Parameter 'UID' not found
E/NetlinkEvent(  576): NetlinkEvent::FindParam(): Parameter 'UID' not found
E/NetlinkEvent(  576): NetlinkEvent::FindParam(): Parameter 'UID' not found
E/NetlinkEvent(  576): NetlinkEvent::FindParam(): Parameter 'UID' not found
E/NetlinkEvent(  576): NetlinkEvent::FindParam(): Parameter 'UID' not found
E/NetlinkEvent(  576): NetlinkEvent::FindParam(): Parameter 'UID' not found
E/NetlinkEvent(  576): NetlinkEvent::FindParam(): Parameter 'UID' not found
I/chatty  ( 1685): uid=1000(system) NetdConnector expire 10 lines
I/chatty  ( 3327): uid=10018(com.android.systemui) expire 10 lines
E/NetlinkEvent(  576): NetlinkEvent::FindParam(): Parameter 'UID' not found
E/NetlinkEvent(  576): NetlinkEvent::FindParam(): Parameter 'UID' not found
E/NetlinkEvent(  576): NetlinkEvent::FindParam(): Parameter 'UID' not found
E/NetlinkEvent(  576): NetlinkEvent::FindParam(): Parameter 'UID' not found
E/NetlinkEvent(  576): NetlinkEvent::FindParam(): Parameter 'UID' not found
E/NetlinkEvent(  576): NetlinkEvent::FindParam(): Parameter 'UID' not found
E/NetlinkEvent(  576): NetlinkEvent::FindParam(): Parameter 'UID' not found
E/NetlinkEvent(  576): NetlinkEvent::FindParam(): Parameter 'UID' not found
E/NetlinkEvent(  576): NetlinkEvent::FindParam(): Parameter 'UID' not found
E/NetlinkEvent(  576): NetlinkEvent::FindParam(): Parameter 'UID' not found
I/chatty  ( 1685): uid=1000(system) NetdConnector expire 10 lines
E/NetlinkEvent(  576): NetlinkEvent::FindParam(): Parameter 'UID' not found
E/NetlinkEvent(  576): NetlinkEvent::FindParam(): Parameter 'UID' not found
I/chatty  ( 1685): uid=1000(system) android.display expire 14 lines
I/chatty  ( 1685): uid=1000(system) PowerManagerSer expire 13 lines
I/chatty  ( 1685): uid=1000 system_server expire 10 lines
I/chatty  ( 1685): uid=1000(system) android.bg expire 22 lines
I/chatty  ( 5910): uid=1000(system) com.asus.services expire 17 lines
I/chatty  ( 1685): uid=1000(system) Binder_F expire 18 lines
I/chatty  ( 1685): uid=1000(system) Binder_1 expire 14 lines
I/chatty  ( 3327): uid=10018(com.android.systemui) expire 1 line
I/chatty  ( 1685): uid=1000(system) Binder_10 expire 20 lines
E/NetlinkEvent(  576): NetlinkEvent::FindParam(): Parameter 'UID' not found
I/chatty  ( 1685): uid=1000(system) ActivityManager expire 10 lines
I/chatty  ( 1685): uid=1000(system) Binder_7 expire 11 lines
I/chatty  ( 3327): uid=10018(com.android.systemui) expire 10 lines
I/chatty  ( 1685): uid=1000(system) NetworkStats expire 10 lines
I/chatty  ( 1685): uid=1000(system) Binder_2 expire 12 lines
E/NetlinkEvent(  576): NetlinkEvent::FindParam(): Parameter 'UID' not found
E/NetlinkEvent(  576): NetlinkEvent::FindParam(): Parameter 'UID' not found
I/chatty  ( 1685): uid=1000(system) NetdConnector expire 10 lines
I/chatty  ( 1685): uid=1000(system) ConnectivitySer expire 11 lines
E/NetlinkEvent(  576): NetlinkEvent::FindParam(): Parameter 'UID' not found
E/NetlinkEvent(  576): NetlinkEvent::FindParam(): Parameter 'UID' not found
E/NetlinkEvent(  576): NetlinkEvent::FindParam(): Parameter 'UID' not found
E/NetlinkEvent(  576): NetlinkEvent::FindParam(): Parameter 'UID' not found
I/chatty  ( 1685): uid=1000(system) ConnectivitySer expire 12 lines
E/NetlinkEvent(  576): NetlinkEvent::FindParam(): Parameter 'UID' not found
E/NetlinkEvent(  576): NetlinkEvent::FindParam(): Parameter 'UID' not found
E/NetlinkEvent(  576): NetlinkEvent::FindParam(): Parameter 'UID' not found
E/NetlinkEvent(  576): NetlinkEvent::FindParam(): Parameter 'UID' not found
I/chatty  ( 1685): uid=1000(system) ConnectivitySer expire 13 lines
E/NetlinkEvent(  576): NetlinkEvent::FindParam(): Parameter 'UID' not found
E/NetlinkEvent(  576): NetlinkEvent::FindParam(): Parameter 'UID' not found
I/chatty  ( 1685): uid=1000(system) NetdConnector expire 10 lines
E/NetlinkEvent(  576): NetlinkEvent::FindParam(): Parameter 'UID' not found
E/NetlinkEvent(  576): NetlinkEvent::FindParam(): Parameter 'UID' not found
I/chatty  ( 1685): uid=1000(system) Binder_6 expire 15 lines
E/NetlinkEvent(  576): NetlinkEvent::FindParam(): Parameter 'UID' not found
E/NetlinkEvent(  576): NetlinkEvent::FindParam(): Parameter 'UID' not found
I/chatty  ( 1685): uid=1000(system) ConnectivitySer expire 12 lines
E/NetlinkEvent(  576): NetlinkEvent::FindParam(): Parameter 'UID' not found
E/NetlinkEvent(  576): NetlinkEvent::FindParam(): Parameter 'UID' not found
E/NetlinkEvent(  576): NetlinkEvent::FindParam(): Parameter 'UID' not found
E/NetlinkEvent(  576): NetlinkEvent::FindParam(): Parameter 'UID' not found
E/NetlinkEvent(  576): NetlinkEvent::FindParam(): Parameter 'UID' not found
E/NetlinkEvent(  576): NetlinkEvent::FindParam(): Parameter 'UID' not found
I/chatty  ( 1685): uid=1000(system) NetdConnector expire 10 lines
E/NetlinkEvent(  576): NetlinkEvent::FindParam(): Parameter 'UID' not found
E/NetlinkEvent(  576): NetlinkEvent::FindParam(): Parameter 'UID' not found
E/NetlinkEvent(  576): NetlinkEvent::FindParam(): Parameter 'UID' not found
E/NetlinkEvent(  576): NetlinkEvent::FindParam(): Parameter 'UID' not found
E/NetlinkEvent(  576): NetlinkEvent::FindParam(): Parameter 'UID' not found
E/NetlinkEvent(  576): NetlinkEvent::FindParam(): Parameter 'UID' not found
E/NetlinkEvent(  576): NetlinkEvent::FindParam(): Parameter 'UID' not found
E/NetlinkEvent(  576): NetlinkEvent::FindParam(): Parameter 'UID' not found
E/NetlinkEvent(  576): NetlinkEvent::FindParam(): Parameter 'UID' not found
I/chatty  ( 1685): uid=1000(system) ConnectivitySer expire 10 lines
E/NetlinkEvent(  576): NetlinkEvent::FindParam(): Parameter 'UID' not found
I/chatty  ( 1685): uid=1000(system) NetdConnector expire 12 lines
E/NetlinkEvent(  576): NetlinkEvent::FindParam(): Parameter 'UID' not found
E/NetlinkEvent(  576): NetlinkEvent::FindParam(): Parameter 'UID' not found
I/chatty  ( 1685): uid=1000(system) ConnectivitySer expire 22 lines
E/NetlinkEvent(  576): NetlinkEvent::FindParam(): Parameter 'UID' not found
E/NetlinkEvent(  576): NetlinkEvent::FindParam(): Parameter 'UID' not found
E/NetlinkEvent(  576): NetlinkEvent::FindParam(): Parameter 'UID' not found
E/NetlinkEvent(  576): NetlinkEvent::FindParam(): Parameter 'UID' not found
I/chatty  ( 1685): uid=1000(system) NetworkPolicy expire 10 lines
E/NetlinkEvent(  576): NetlinkEvent::FindParam(): Parameter 'UID' not found
I/chatty  ( 1685): uid=1000(system) NetdConnector expire 10 lines
E/NetlinkEvent(  576): NetlinkEvent::FindParam(): Parameter 'UID' not found
E/NetlinkEvent(  576): NetlinkEvent::FindParam(): Parameter 'UID' not found
I/chatty  ( 1685): uid=1000(system) ConnectivitySer expire 11 lines
I/chatty  ( 1685): uid=1000(system) ActivityManager expire 26 lines
E/NetlinkEvent(  576): NetlinkEvent::FindParam(): Parameter 'UID' not found
E/NetlinkEvent(  576): NetlinkEvent::FindParam(): Parameter 'UID' not found
E/NetlinkEvent(  576): NetlinkEvent::FindParam(): Parameter 'UID' not found
E/NetlinkEvent(  576): NetlinkEvent::FindParam(): Parameter 'UID' not found
E/NetlinkEvent(  576): NetlinkEvent::FindParam(): Parameter 'UID' not found
E/NetlinkEvent(  576): NetlinkEvent::FindParam(): Parameter 'UID' not found
E/NetlinkEvent(  576): NetlinkEvent::FindParam(): Parameter 'UID' not found
E/NetlinkEvent(  576): NetlinkEvent::FindParam(): Parameter 'UID' not found
I/chatty  ( 1685): uid=1000(system) NetdConnector expire 27 lines
I/chatty  ( 3327): uid=10018(com.android.systemui) expire 20 lines
I/chatty  ( 1685): uid=1000(system) Binder_E expire 13 lines
E/NetlinkEvent(  576): NetlinkEvent::FindParam(): Parameter 'UID' not found
E/NetlinkEvent(  576): NetlinkEvent::FindParam(): Parameter 'UID' not found
I/chatty  ( 3327): uid=10018(com.android.systemui) expire 10 lines
E/NetlinkEvent(  576): NetlinkEvent::FindParam(): Parameter 'UID' not found
E/NetlinkEvent(  576): NetlinkEvent::FindParam(): Parameter 'UID' not found
I/chatty  ( 1685): uid=1000(system) NetworkStats expire 22 lines
I/chatty  ( 1685): uid=1000(system) ConnectivitySer expire 60 lines
I/chatty  ( 3327): uid=10018(com.android.systemui) expire 96 lines
I/chatty  ( 1685): uid=1000(system) NetdConnector expire 51 lines
I/chatty  ( 1685): uid=1000 system_server expire 16 lines
I/chatty  ( 1685): uid=1000(system) android.bg expire 20 lines
I/chatty  ( 1685): uid=1000(system) Binder_9 expire 10 lines
I/chatty  ( 1685): uid=1000(system) android.ui expire 11 lines
I/chatty  ( 1685): uid=1000(system) Binder_5 expire 10 lines
I/chatty  ( 1685): uid=1000(system) Binder_3 expire 19 lines
I/chatty  ( 1685): uid=1000(system) NetworkPolicy expire 10 lines
I/chatty  ( 5910): uid=1000(system) measurement-1 expire 11 lines
W/ActivityThread(17239): ClassLoader.loadClass: The class loader returned by Thread.getContextClassLoader() may fail for processes that host multiple applications. You should explicitly specify a context class loader. For example: Thread.setContextClassLoader(getClass().getClassLoader());
D/ActivityThread(17331): Loading provider com.google.android.gm.sapi: com.google.android.gm.sapi.SapiUiProvider
I/chatty  ( 1685): uid=1000(system) Binder_8 expire 10 lines
I/chatty  ( 1685): uid=1000 system_server expire 18 lines
E/NetlinkEvent(  576): NetlinkEvent::FindParam(): Parameter 'UID' not found
I/chatty  ( 1685): uid=1000(system) NetdConnector expire 10 lines
I/chatty  ( 1685): uid=1000(system) ConnectivitySer expire 10 lines
I/chatty  ( 3327): uid=10018(com.android.systemui) expire 1 line
E/NetlinkEvent(  576): NetlinkEvent::FindParam(): Parameter 'UID' not found
I/chatty  ( 1685): uid=1000(system) Binder_6 expire 16 lines
W/ActivityThread(18166): ClassLoader.loadClass: The class loader returned by Thread.getContextClassLoader() may fail for processes that host multiple applications. You should explicitly specify a context class loader. For example: Thread.setContextClassLoader(getClass().getClassLoader());
I/chatty  ( 1685): uid=1000(system) Binder_5 expire 15 lines
D/ActivityThread(18460): Loading provider com.google.android.gm.sapi: com.google.android.gm.sapi.SapiUiProvider
I/chatty  ( 1685): uid=1000(system) ActivityManager expire 10 lines
I/chatty  ( 1685): uid=1000(system) ConnectivitySer expire 20 lines
I/chatty  ( 1685): uid=1000(system) Binder_9 expire 13 lines
I/chatty  ( 1685): uid=1000(system) Binder_F expire 23 lines
I/chatty  ( 3327): uid=10018(com.android.systemui) expire 12 lines
E/NetlinkEvent(  576): NetlinkEvent::FindParam(): Parameter 'UID' not found
E/NetlinkEvent(  576): NetlinkEvent::FindParam(): Parameter 'UID' not found
I/chatty  ( 1685): uid=1000(system) Binder_8 expire 12 lines
E/NetlinkEvent(  576): NetlinkEvent::FindParam(): Parameter 'UID' not found
E/NetlinkEvent(  576): NetlinkEvent::FindParam(): Parameter 'UID' not found
E/NetlinkEvent(  576): NetlinkEvent::FindParam(): Parameter 'UID' not found
E/NetlinkEvent(  576): NetlinkEvent::FindParam(): Parameter 'UID' not found
I/chatty  ( 3327): uid=10018(com.android.systemui) expire 10 lines
E/NetlinkEvent(  576): NetlinkEvent::FindParam(): Parameter 'UID' not found
E/NetlinkEvent(  576): NetlinkEvent::FindParam(): Parameter 'UID' not found
E/NetlinkEvent(  576): NetlinkEvent::FindParam(): Parameter 'UID' not found
I/chatty  ( 1685): uid=1000(system) NetdConnector expire 10 lines
E/NetlinkEvent(  576): NetlinkEvent::FindParam(): Parameter 'UID' not found
E/NetlinkEvent(  576): NetlinkEvent::FindParam(): Parameter 'UID' not found
E/NetlinkEvent(  576): NetlinkEvent::FindParam(): Parameter 'UID' not found
E/NetlinkEvent(  576): NetlinkEvent::FindParam(): Parameter 'UID' not found
E/NetlinkEvent(  576): NetlinkEvent::FindParam(): Parameter 'UID' not found
E/NetlinkEvent(  576): NetlinkEvent::FindParam(): Parameter 'UID' not found
I/chatty  ( 3327): uid=10018(com.android.systemui) expire 10 lines
E/NetlinkEvent(  576): NetlinkEvent::FindParam(): Parameter 'UID' not found
E/NetlinkEvent(  576): NetlinkEvent::FindParam(): Parameter 'UID' not found
I/chatty  ( 1685): uid=1000(system) NetdConnector expire 11 lines
E/NetlinkEvent(  576): NetlinkEvent::FindParam(): Parameter 'UID' not found
E/NetlinkEvent(  576): NetlinkEvent::FindParam(): Parameter 'UID' not found
E/NetlinkEvent(  576): NetlinkEvent::FindParam(): Parameter 'UID' not found
E/NetlinkEvent(  576): NetlinkEvent::FindParam(): Parameter 'UID' not found
E/NetlinkEvent(  576): NetlinkEvent::FindParam(): Parameter 'UID' not found
E/NetlinkEvent(  576): NetlinkEvent::FindParam(): Parameter 'UID' not found
E/NetlinkEvent(  576): NetlinkEvent::FindParam(): Parameter 'UID' not found
E/NetlinkEvent(  576): NetlinkEvent::FindParam(): Parameter 'UID' not found
I/chatty  ( 3327): uid=10018(com.android.systemui) expire 12 lines
E/NetlinkEvent(  576): NetlinkEvent::FindParam(): Parameter 'UID' not found
E/NetlinkEvent(  576): NetlinkEvent::FindParam(): Parameter 'UID' not found
I/chatty  ( 1685): uid=1000(system) NetdConnector expire 22 lines
E/NetlinkEvent(  576): NetlinkEvent::FindParam(): Parameter 'UID' not found
E/NetlinkEvent(  576): NetlinkEvent::FindParam(): Parameter 'UID' not found
I/chatty  ( 1685): uid=1000(system) Binder_1 expire 10 lines
I/chatty  ( 3327): uid=10018(com.android.systemui) expire 27 lines
I/chatty  ( 1685): uid=1000(system) ActivityManager expire 13 lines
I/chatty  ( 1685): uid=1000(system) android.bg expire 21 lines
I/chatty  ( 1685): uid=1000(system) NetdConnector expire 78 lines
I/chatty  ( 1685): uid=1000 system_server expire 19 lines
I/chatty  ( 1685): uid=1000(system) Binder_E expire 19 lines
I/chatty  ( 1685): uid=1000(system) NetworkStats expire 14 lines
I/chatty  ( 1685): uid=1000(system) WifiStateMachin expire 18 lines
I/chatty  ( 1685): uid=1000(system) ConnectivitySer expire 53 lines
I/chatty  ( 1685): uid=1000(system) Binder_D expire 14 lines
I/chatty  ( 1685): uid=1000(system) Binder_C expire 15 lines
I/chatty  ( 1685): uid=1000(system) Binder_7 expire 10 lines
I/chatty  ( 1685): uid=1000(system) Binder_A expire 15 lines
I/chatty  ( 1685): uid=1000(system) Binder_10 expire 16 lines
I/chatty  ( 5910): uid=1000(system) com.asus.services expire 23 lines
I/chatty  ( 1685): uid=1000(system) NetworkPolicy expire 10 lines
D/ActivityThread(20009): Loading provider com.google.android.gm.sapi: com.google.android.gm.sapi.SapiUiProvider
I/chatty  ( 1685): uid=1000 system_server expire 22 lines
I/chatty  ( 1685): uid=1000(system) ConnectivitySer expire 32 lines
I/chatty  ( 3327): uid=10018(com.android.systemui) expire 17 lines
I/chatty  ( 1685): uid=1000(system) Binder_2 expire 10 lines
I/chatty  ( 1685): uid=1000(system) NetdConnector expire 16 lines
I/chatty  ( 1685): uid=1000(system) Binder_4 expire 12 lines
I/chatty  ( 1685): uid=1000(system) Binder_B expire 10 lines
I/chatty  ( 1685): uid=1000(system) NetworkStats expire 16 lines
I/chatty  ( 1685): uid=1000(system) InputDispatcher expire 8 lines
I/chatty  ( 1685): uid=1000(system) ActivityManager expire 50 lines
I/chatty  ( 1685): uid=1000(system) android.bg expire 12 lines
I/chatty  ( 1685): uid=1000(system) android.ui expire 4 lines
I/chatty  ( 1685): uid=1000(system) Binder_C expire 11 lines
I/chatty  ( 1685): uid=1000(system) Binder_6 expire 12 lines
I/chatty  ( 1685): uid=1000(system) Binder_9 expire 10 lines
I/chatty  ( 1685): uid=1000(system) Binder_8 expire 19 lines
E/NetlinkEvent(  576): NetlinkEvent::FindParam(): Parameter 'UID' not found
I/chatty  ( 1685): uid=1000(system) NetdConnector expire 33 lines
E/NetlinkEvent(  576): NetlinkEvent::FindParam(): Parameter 'UID' not found
I/chatty  ( 1685): uid=1000(system) NetworkStats expire 36 lines
E/NetlinkEvent(  576): NetlinkEvent::FindParam(): Parameter 'UID' not found
E/NetlinkEvent(  576): NetlinkEvent::FindParam(): Parameter 'UID' not found
I/chatty  ( 1685): uid=1000(system) Binder_2 expire 10 lines
I/chatty  ( 1685): uid=1000(system) ConnectivitySer expire 21 lines
I/chatty  ( 3327): uid=10018(com.android.systemui) expire 1 line
E/NetlinkEvent(  576): NetlinkEvent::FindParam(): Parameter 'UID' not found
E/NetlinkEvent(  576): NetlinkEvent::FindParam(): Parameter 'UID' not found
I/chatty  ( 1685): uid=1000(system) Binder_3 expire 15 lines
I/chatty  ( 1685): uid=1000(system) Binder_5 expire 19 lines
E/NetlinkEvent(  576): NetlinkEvent::FindParam(): Parameter 'UID' not found
I/chatty  ( 1685): uid=1000(system) NetdConnector expire 13 lines
E/NetlinkEvent(  576): NetlinkEvent::FindParam(): Parameter 'UID' not found
I/chatty  ( 1685): uid=1000(system) Binder_B expire 16 lines
I/chatty  ( 1685): uid=1000 system_server expire 10 lines
W/PackageParser(22339): Unknown element under <manifest>: queries at /data/app/com.getmimo-1/base.apk Binary XML file line #38
I/chatty  ( 1685): uid=1000(system) Binder_10 expire 15 lines
I/chatty  ( 1685): uid=1000(system) Binder_7 expire 16 lines
E/ActivityThread(23341): Failed to find provider info for com.facebook.appmanager.nekodirect
I/chatty  ( 1685): uid=1000(system) VoldConnector expire 2 lines
E/ActivityThread(23437): Failed to find provider info for com.facebook.katana.provider.AttributionIdProvider
I/chatty  ( 1685): uid=1000(system) Binder_F expire 14 lines
I/chatty  ( 5910): uid=1000(system) com.asus.services expire 12 lines
I/chatty  ( 5910): uid=1000(system) measurement-1 expire 14 lines
I/chatty  ( 1685): uid=1000(system) NetworkStats expire 12 lines
I/chatty  ( 1685): uid=1000(system) ConnectivitySer expire 15 lines
I/chatty  ( 1685): uid=1000(system) Binder_D expire 15 lines
I/chatty  ( 1685): uid=1000(system) Binder_1 expire 15 lines
W/ActivityThread(23736): ClassLoader.loadClass: The class loader returned by Thread.getContextClassLoader() may fail for processes that host multiple applications. You should explicitly specify a context class loader. For example: Thread.setContextClassLoader(getClass().getClassLoader());
E/NetlinkEvent(  576): NetlinkEvent::FindParam(): Parameter 'UID' not found
I/chatty  ( 1685): uid=1000(system) Binder_4 expire 17 lines
E/NetlinkEvent(  576): NetlinkEvent::FindParam(): Parameter 'UID' not found
E/ActivityThread(24019): Failed to find provider info for com.facebook.katana.provider.AttributionIdProvider
I/chatty  ( 1685): uid=1000(system) Binder_9 expire 12 lines
I/chatty  ( 1685): uid=1000(system) ActivityManager expire 23 lines
I/chatty  ( 5910): uid=1000(system) com.asus.services expire 35 lines
I/chatty  ( 1685): uid=1000(system) NetdConnector expire 88 lines
I/chatty  ( 1685): uid=1000(system) NetworkStats expire 104 lines
I/chatty  ( 1685): uid=1000(system) ConnectivitySer expire 21 lines
E/NetlinkEvent(  576): NetlinkEvent::FindParam(): Parameter 'UID' not found
E/NetlinkEvent(  576): NetlinkEvent::FindParam(): Parameter 'UID' not found
I/chatty  ( 1685): uid=1000(system) Binder_2 expire 13 lines
I/chatty  ( 1685): uid=1000(system) Binder_6 expire 13 lines
I/chatty  ( 1685): uid=1000(system) Binder_E expire 15 lines
I/chatty  ( 1685): uid=1000(system) Binder_A expire 11 lines
E/ActivityThread(23736): Failed to find provider info for com.google.android.setupwizard.partner
E/ActivityThread(23736): Failed to find provider info for com.google.android.setupwizard.partner
E/ActivityThread(23736): Failed to find provider info for com.google.android.setupwizard.partner
I/chatty  ( 1685): uid=1000 system_server expire 11 lines
E/NetlinkEvent(  576): NetlinkEvent::FindParam(): Parameter 'UID' not found
E/NetlinkEvent(  576): NetlinkEvent::FindParam(): Parameter 'UID' not found
I/chatty  ( 1685): uid=1000(system) Binder_C expire 18 lines
I/chatty  ( 1685): uid=1000(system) PowerManagerSer expire 6 lines
E/NetlinkEvent(  576): NetlinkEvent::FindParam(): Parameter 'UID' not found
I/chatty  ( 1685): uid=1000(system) android.display expire 9 lines
I/chatty  ( 3327): uid=10018(com.android.systemui) expire 10 lines
E/NetlinkEvent(  576): NetlinkEvent::FindParam(): Parameter 'UID' not found
E/NetlinkEvent(  576): NetlinkEvent::FindParam(): Parameter 'UID' not found
I/chatty  ( 3327): uid=10018(com.android.systemui) expire 10 lines
E/NetlinkEvent(  576): NetlinkEvent::FindParam(): Parameter 'UID' not found
W/ActivityThread(25980): ClassLoader.loadClass: The class loader returned by Thread.getContextClassLoader() may fail for processes that host multiple applications. You should explicitly specify a context class loader. For example: Thread.setContextClassLoader(getClass().getClassLoader());
I/chatty  ( 1685): uid=1000(system) WifiService expire 5 lines
I/chatty  ( 1685): uid=1000 system_server expire 15 lines
W/ActivityThread(23800): ClassLoader.loadClass: The class loader returned by Thread.getContextClassLoader() may fail for processes that host multiple applications. You should explicitly specify a context class loader. For example: Thread.setContextClassLoader(getClass().getClassLoader());
I/chatty  ( 1685): uid=1000(system) NetdConnector expire 10 lines
I/chatty  ( 1685): uid=1000(system) NetworkStats expire 10 lines
I/PackageParser(26743): com.asus.themes.th02011916002: compat added android.permission.WRITE_EXTERNAL_STORAGE android.permission.READ_PHONE_STATE
I/PackageParser(26743): com.asus.themes.th02011916002: compat added android.permission.WRITE_EXTERNAL_STORAGE android.permission.READ_PHONE_STATE
I/PackageParser(26743): com.asus.themes.th02011916002: compat added android.permission.WRITE_EXTERNAL_STORAGE android.permission.READ_PHONE_STATE
I/PackageParser(26743): com.asus.themes.th02011916002: compat added android.permission.WRITE_EXTERNAL_STORAGE android.permission.READ_PHONE_STATE
I/chatty  ( 1685): uid=1000 system_server expire 11 lines
I/PackageParser(26743): com.asus.themes.th02011916002: compat added android.permission.WRITE_EXTERNAL_STORAGE android.permission.READ_PHONE_STATE
I/PackageParser(26743): com.asus.themes.th02011916002: compat added android.permission.WRITE_EXTERNAL_STORAGE android.permission.READ_PHONE_STATE
I/PackageParser(26743): com.asus.themes.th02011916002: compat added android.permission.WRITE_EXTERNAL_STORAGE android.permission.READ_PHONE_STATE
I/PackageParser(26743): com.asus.themes.th02011916002: compat added android.permission.WRITE_EXTERNAL_STORAGE android.permission.READ_PHONE_STATE
I/PackageParser(26743): com.asus.themes.th02011916002: compat added android.permission.WRITE_EXTERNAL_STORAGE android.permission.READ_PHONE_STATE
I/PackageParser(26743): com.asus.themes.th02011916002: compat added android.permission.WRITE_EXTERNAL_STORAGE android.permission.READ_PHONE_STATE
I/PackageParser(26743): com.asus.themes.th02011916002: compat added android.permission.WRITE_EXTERNAL_STORAGE android.permission.READ_PHONE_STATE
I/PackageParser(26743): com.asus.themes.th02011916002: compat added android.permission.WRITE_EXTERNAL_STORAGE android.permission.READ_PHONE_STATE
I/PackageParser(26743): com.asus.themes.th02011916002: compat added android.permission.WRITE_EXTERNAL_STORAGE android.permission.READ_PHONE_STATE
I/PackageParser(26743): com.asus.themes.th02011916002: compat added android.permission.WRITE_EXTERNAL_STORAGE android.permission.READ_PHONE_STATE
I/PackageParser(26743): com.asus.themes.th02011916002: compat added android.permission.WRITE_EXTERNAL_STORAGE android.permission.READ_PHONE_STATE
I/PackageParser(26743): com.asus.themes.th02011916002: compat added android.permission.WRITE_EXTERNAL_STORAGE android.permission.READ_PHONE_STATE
I/chatty  ( 1685): uid=1000(system) ActivityManager expire 16 lines
I/PackageParser(26743): com.asus.themes.th02011916002: compat added android.permission.WRITE_EXTERNAL_STORAGE android.permission.READ_PHONE_STATE
I/PackageParser(26743): com.asus.themes.th02011916002: compat added android.permission.WRITE_EXTERNAL_STORAGE android.permission.READ_PHONE_STATE
I/PackageParser(26743): com.asus.themes.th02011916002: compat added android.permission.WRITE_EXTERNAL_STORAGE android.permission.READ_PHONE_STATE
I/chatty  ( 5910): uid=1000(system) com.asus.services expire 10 lines
I/chatty  ( 1685): uid=1000(system) Binder_B expire 13 lines
I/chatty  ( 1685): uid=1000(system) FileObserver expire 4 lines
I/PackageParser(27038): com.asus.weathertime: compat added android.permission.WRITE_EXTERNAL_STORAGE android.permission.READ_PHONE_STATE
I/PackageParser(27038): com.asus.weathertime: compat added android.permission.WRITE_EXTERNAL_STORAGE android.permission.READ_PHONE_STATE
I/PackageParser(27038): com.asus.weathertime: compat added android.permission.WRITE_EXTERNAL_STORAGE android.permission.READ_PHONE_STATE
I/PackageParser(27038): com.asus.weathertime: compat added android.permission.WRITE_EXTERNAL_STORAGE android.permission.READ_PHONE_STATE
I/PackageParser(27038): com.asus.weathertime: compat added android.permission.WRITE_EXTERNAL_STORAGE android.permission.READ_PHONE_STATE
I/PackageParser(27038): com.asus.weathertime: compat added android.permission.WRITE_EXTERNAL_STORAGE android.permission.READ_PHONE_STATE
I/PackageParser(27038): com.asus.weathertime: compat added android.permission.WRITE_EXTERNAL_STORAGE android.permission.READ_PHONE_STATE
I/PackageParser(27038): com.asus.weathertime: compat added android.permission.WRITE_EXTERNAL_STORAGE android.permission.READ_PHONE_STATE
I/PackageParser(27038): com.asus.weathertime: compat added android.permission.WRITE_EXTERNAL_STORAGE android.permission.READ_PHONE_STATE
I/PackageParser(27038): com.asus.weathertime: compat added android.permission.WRITE_EXTERNAL_STORAGE android.permission.READ_PHONE_STATE
I/PackageParser(27038): com.asus.weathertime: compat added android.permission.WRITE_EXTERNAL_STORAGE android.permission.READ_PHONE_STATE
I/PackageParser(27038): com.asus.weathertime: compat added android.permission.WRITE_EXTERNAL_STORAGE android.permission.READ_PHONE_STATE
I/PackageParser(27038): com.asus.weathertime: compat added android.permission.WRITE_EXTERNAL_STORAGE android.permission.READ_PHONE_STATE
I/PackageParser(27038): com.asus.weathertime: compat added android.permission.WRITE_EXTERNAL_STORAGE android.permission.READ_PHONE_STATE
I/PackageParser(27038): com.asus.weathertime: compat added android.permission.WRITE_EXTERNAL_STORAGE android.permission.READ_PHONE_STATE
E/NetlinkEvent(  576): NetlinkEvent::FindParam(): Parameter 'UID' not found
I/chatty  ( 1685): uid=1000(system) android.bg expire 13 lines
I/chatty  ( 1685): uid=1000(system) Binder_E expire 10 lines
E/NetlinkEvent(  576): NetlinkEvent::FindParam(): Parameter 'UID' not found
I/chatty  ( 3327): uid=10018(com.android.systemui) expire 1 line
I/chatty  ( 1685): uid=1000(system) ConnectivitySer expire 17 lines
I/chatty  ( 1685): uid=1000(system) Binder_8 expire 10 lines
I/chatty  ( 1685): uid=1000(system) Binder_A expire 10 lines
E/NetlinkEvent(  576): NetlinkEvent::FindParam(): Parameter 'UID' not found
I/chatty  ( 3327): uid=10018(com.android.systemui) expire 24 lines
E/NetlinkEvent(  576): NetlinkEvent::FindParam(): Parameter 'UID' not found
E/NetlinkEvent(  576): NetlinkEvent::FindParam(): Parameter 'UID' not found
E/NetlinkEvent(  576): NetlinkEvent::FindParam(): Parameter 'UID' not found
E/NetlinkEvent(  576): NetlinkEvent::FindParam(): Parameter 'UID' not found
E/NetlinkEvent(  576): NetlinkEvent::FindParam(): Parameter 'UID' not found
I/chatty  ( 1685): uid=1000(system) NetdConnector expire 10 lines
E/NetlinkEvent(  576): NetlinkEvent::FindParam(): Parameter 'UID' not found
E/NetlinkEvent(  576): NetlinkEvent::FindParam(): Parameter 'UID' not found
E/NetlinkEvent(  576): NetlinkEvent::FindParam(): Parameter 'UID' not found
E/NetlinkEvent(  576): NetlinkEvent::FindParam(): Parameter 'UID' not found
E/NetlinkEvent(  576): NetlinkEvent::FindParam(): Parameter 'UID' not found
E/NetlinkEvent(  576): NetlinkEvent::FindParam(): Parameter 'UID' not found
I/chatty  ( 1685): uid=1000(system) NetworkPolicy expire 10 lines
E/NetlinkEvent(  576): NetlinkEvent::FindParam(): Parameter 'UID' not found
I/chatty  ( 1685): uid=1000(system) Binder_1 expire 14 lines
E/NetlinkEvent(  576): NetlinkEvent::FindParam(): Parameter 'UID' not found
I/chatty  ( 1685): uid=1000(system) Binder_2 expire 10 lines
E/NetlinkEvent(  576): NetlinkEvent::FindParam(): Parameter 'UID' not found
I/chatty  ( 1685): uid=1000(system) NetdConnector expire 26 lines
I/chatty  ( 3327): uid=10018(com.android.systemui) expire 10 lines
E/NetlinkEvent(  576): NetlinkEvent::FindParam(): Parameter 'UID' not found
E/NetlinkEvent(  576): NetlinkEvent::FindParam(): Parameter 'UID' not found
E/NetlinkEvent(  576): NetlinkEvent::FindParam(): Parameter 'UID' not found
E/NetlinkEvent(  576): NetlinkEvent::FindParam(): Parameter 'UID' not found
E/NetlinkEvent(  576): NetlinkEvent::FindParam(): Parameter 'UID' not found
I/chatty  ( 1685): uid=1000(system) WifiStateMachin expire 13 lines
I/chatty  ( 1685): uid=1000(system) DhcpClient expire 12 lines
I/chatty  ( 1685): uid=1000(system) Binder_B expire 10 lines
I/chatty  ( 1685): uid=1000 system_server expire 12 lines
